[2025-12-29T17:33:53+08:00][error] [0]in_array(): Argument #2 ($haystack) must be of type array, null given[/www/wwwroot/tdata.tgbota.top/app/admin/controller/Admin.php:34]
[2025-12-29T17:35:24+08:00][error] [0]in_array(): Argument #2 ($haystack) must be of type array, null given[/www/wwwroot/tdata.tgbota.top/app/admin/controller/Admin.php:34]
[2025-12-29T17:35:37+08:00][error] [0]in_array(): Argument #2 ($haystack) must be of type array, null given[/www/wwwroot/tdata.tgbota.top/app/admin/controller/Admin.php:34]
[2025-12-29T17:37:11+08:00][error] [0]in_array(): Argument #2 ($haystack) must be of type array, null given[/www/wwwroot/tdata.tgbota.top/app/admin/controller/Admin.php:34]
[2025-12-29T17:50:38+08:00][info] [telegram队列] 批次:  耗时=0.01秒
[2025-12-29T17:55:01+08:00][warning] [checkAccount] 以下账号 session 不存在: 609,815,839,937
[2025-12-29T17:59:43+08:00][info] [telegram队列] 批次:  耗时=0秒
[2025-12-29T18:08:16+08:00][info] [telegram队列] 批次:  耗时=0秒
[2025-12-29T18:49:55+08:00][info] [telegram队列] 批次:  耗时=0秒
[2025-12-29T18:50:36+08:00][info] [telegram队列] 批次:  耗时=0秒
[2025-12-29T18:59:13+08:00][info] [telegram队列] 批次:  耗时=0秒
[2025-12-29T18:59:43+08:00][info] [telegram队列] 批次:  耗时=0秒
[2025-12-29T19:03:10+08:00][info] [telegram队列] 批次:  耗时=0.01秒
[2025-12-29T19:04:35+08:00][warning] [checkAccount] 以下账号 session 不存在: 815,839,937,960,961
[2025-12-29T19:04:47+08:00][info] [telegram队列] 批次:  耗时=0.01秒
[2025-12-29T19:07:16+08:00][warning] [checkAccount] 以下账号 session 不存在: 815,839,937,960,961
[2025-12-29T19:12:23+08:00][warning] [checkAccount] 以下账号 session 不存在: 815,839,937,960,961
[2025-12-29T19:13:15+08:00][warning] [checkAccount] 以下账号 session 不存在: 609,815,839,937,960,961
[2025-12-29T19:13:58+08:00][info] [telegram队列] 批次:  耗时=0.01秒
[2025-12-29T19:18:36+08:00][warning] [checkAccount] 以下账号 session 不存在: 609,815,839,937,960,961
[2025-12-29T19:24:43+08:00][info] [telegram队列] 批次:  耗时=0.01秒
[2025-12-29T19:30:48+08:00][warning] [checkAccount] 以下账号 session 不存在: 609,815,816,817,819,820,821,824,825,826,828,830,831,832,833,834,835,836,837,838,839,843,845,846,847,849,850,851,853,855,856,857,858,859,861,862,863,864,867,869,870,912,913,914,915,916,917,918,919,920,921,932,933,934,935,936,937,938,939,940,941,942,943,944,945,946,947,948,949,950,951,952,953,954,955,956,957,958,959,960,961
[2025-12-29T19:31:01+08:00][info] [telegram队列] 批次:  耗时=0.01秒
[2025-12-29T19:31:46+08:00][warning] [checkAccount] 以下账号 session 不存在: 609,813,815,816,817,818,819,820,821,822,823,824,825,826,827,828,829,830,831,832,833,834,835,836,837,838,839,841,843,844,845,846,847,848,849,850,851,852,853,854,855,856,857,858,859,861,862,863,864,865,867,868,869,870,871,872,873,874,876,877,878,879,880,881,882,883,884,885,886,888,889,890,891,892,893,894,895,897,898,899,900,901,902,903,905,906,908,909,910,911,912,913,914,915,916,917,918,919,920,921,922,923,924,925,926,927,928,929,930,931,932,933,934,935,936,937,938,939,940,941,942,943,944,945,946,947,948,949,950,951,952,953,954,955,956,957,958,959,960,961
[2025-12-29T19:31:55+08:00][info] [telegram队列] 批次:  耗时=0.01秒
[2025-12-29T19:34:01+08:00][warning] [checkAccount] 以下账号 session 不存在: 609,813,815,816,817,818,819,820,821,822,823,824,825,826,827,828,829,830,831,832,833,834,835,836,837,838,839,841,843,844,845,846,847,848,849,850,851,852,853,854,855,856,857,858,859,861,862,863,864,865,867,868,869,870,871,872,873,874,876,877,878,879,880,881,882,883,884,885,886,888,889,890,891,892,893,894,895,897,898,899,900,901,902,903,905,906,908,909,910,911,912,913,914,915,916,917,918,919,920,921,922,923,924,925,926,927,928,929,930,931,932,933,934,935,936,937,938,939,940,941,942,943,944,945,946,947,948,949,950,951,952,953,954,955,956,957,958,959,960,961
[2025-12-29T19:34:31+08:00][info] [telegram队列] 批次:  耗时=0.01秒
[2025-12-29T19:38:14+08:00][warning] [checkAccount] 以下账号 session 不存在: 813,818,822,841,844,848,852,865,868,871,872,873,874,876,877,878,880,881,882,883,884,886,888,889,891,892,893,895,897,898,899,901,902,903,905,906,909,910,911,912,913,914,915,916,917,918,919,920,921,922,923,924,926,927,929,930,932,933,934,935,936,938,939,940,941,942,943,944,945,946,947,948,949,950,951,952,953,954,955,956,957,958,959,960
[2025-12-29T19:42:43+08:00][info] [telegram队列] 批次:  耗时=0秒
[2025-12-29T19:43:03+08:00][info] [telegram队列] 批次:  耗时=0.01秒
[2025-12-29T20:05:59+08:00][info] https://tdata.tgbota.top
[2025-12-29T20:05:59+08:00][info] /uploads
[2025-12-29T20:06:00+08:00][info] 批次batch_69526ea8bb2f03.63585320：子批次0（50个账号）投递成功，任务ID：bHkydIOCXHuCnRBmytfoMPvwdzTlVhoK
[2025-12-29T20:06:00+08:00][info] 批次batch_69526ea8bb2f03.63585320处理完成：总账号50，子批次1，成功入队50个
[2025-12-29T20:06:00+08:00][info] 返回结果: {"total":50,"queued":50,"failed":0,"chunk_count":1,"errors":[],"batch_id":"batch_69526ea8bb2f03.63585320"}
[2025-12-29T20:08:33+08:00][info] 用户归档缓存已强制从数据库更新，共处理 50 个用户
[2025-12-29T20:08:47+08:00][info] 用户归档缓存已强制从数据库更新，共处理 50 个用户
[2025-12-29T20:08:53+08:00][info] [telegram队列] 批次:  耗时=0秒
[2025-12-29T20:10:27+08:00][info] [telegram队列] 批次:  耗时=0秒
[2025-12-29T20:17:18+08:00][info] [telegram队列] 批次:  耗时=0秒
[2025-12-29T20:20:21+08:00][info] [telegram队列] 批次:  耗时=0秒
[2025-12-29T20:26:05+08:00][info] [telegram队列] 批次:  耗时=0秒
[2025-12-29T20:42:08+08:00][info] https://tdata.tgbota.top
[2025-12-29T20:42:08+08:00][info] /uploads
[2025-12-29T20:44:46+08:00][info] https://tdata.tgbota.top
[2025-12-29T20:44:46+08:00][info] /uploads
[2025-12-29T20:44:48+08:00][info] 批次batch_695277c00db2f0.17784715：子批次0（5个账号）投递成功，任务ID：upDxyrGuaDHkABqQoNoeEDobfLIeRTEP
[2025-12-29T20:44:48+08:00][info] 批次batch_695277c00db2f0.17784715处理完成：总账号5，子批次1，成功入队5个
[2025-12-29T20:44:48+08:00][info] 返回结果: {"total":5,"queued":5,"failed":0,"chunk_count":1,"errors":[],"batch_id":"batch_695277c00db2f0.17784715"}
[2025-12-29T20:45:23+08:00][info] 用户归档缓存已强制从数据库更新，共处理 5 个用户
[2025-12-29T20:45:37+08:00][info] 用户归档缓存已强制从数据库更新，共处理 5 个用户
[2025-12-29T20:51:25+08:00][info] [telegram队列] 批次:  耗时=0秒
[2025-12-29T21:24:34+08:00][info] [telegram队列] 批次:  耗时=0秒
[2025-12-29T21:25:57+08:00][info] [telegram队列] 批次:  耗时=0秒
[2025-12-29T21:34:10+08:00][info] [telegram队列] 批次:  耗时=0秒
[2025-12-29T21:34:56+08:00][info] https://tdata.tgbota.top
[2025-12-29T21:34:56+08:00][info] /uploads
[2025-12-29T21:34:58+08:00][info] 批次batch_69528382489b66.31987609：子批次0（100个账号）投递成功，任务ID：BDlGwsOTdEoPuUFLeLilXDWAngRvZlEn
[2025-12-29T21:34:58+08:00][info] 批次batch_69528382489b66.31987609：子批次1（50个账号）投递成功，任务ID：dBxpuMwIjNHlUulTXlYJGwhaPFZfdmZV
[2025-12-29T21:34:58+08:00][info] 批次batch_69528382489b66.31987609处理完成：总账号150，子批次2，成功入队150个
[2025-12-29T21:34:58+08:00][info] 返回结果: {"total":150,"queued":150,"failed":0,"chunk_count":2,"errors":[],"batch_id":"batch_69528382489b66.31987609"}
[2025-12-29T21:36:03+08:00][info] https://tdata.tgbota.top
[2025-12-29T21:36:03+08:00][info] /uploads
[2025-12-29T21:36:05+08:00][info] 批次batch_695283c5eb1998.64980024：子批次0（100个账号）投递成功，任务ID：wfbajatNJlihPDVQMHzHSQYPqGseipNa
[2025-12-29T21:36:05+08:00][info] 批次batch_695283c5eb1998.64980024：子批次1（50个账号）投递成功，任务ID：vUezDAUlmWVzfgmgtDCDJHmFhgOTEbqX
[2025-12-29T21:36:05+08:00][info] 批次batch_695283c5eb1998.64980024处理完成：总账号150，子批次2，成功入队150个
[2025-12-29T21:36:05+08:00][info] 返回结果: {"total":150,"queued":150,"failed":0,"chunk_count":2,"errors":[],"batch_id":"batch_695283c5eb1998.64980024"}
[2025-12-29T21:50:07+08:00][info] https://tdata.tgbota.top
[2025-12-29T21:50:07+08:00][info] /uploads
[2025-12-29T21:50:09+08:00][info] 批次batch_69528711df6f13.55975445：子批次0（100个账号）投递成功，任务ID：GBaLXcgQRfgdrXEgZFLxDtjXPoEvGHzj
[2025-12-29T21:50:09+08:00][info] 批次batch_69528711df6f13.55975445：子批次1（50个账号）投递成功，任务ID：VRUDwPJSxrWfYYAaZJnBVIMlzWjzAEiT
[2025-12-29T21:50:09+08:00][info] 批次batch_69528711df6f13.55975445处理完成：总账号150，子批次2，成功入队150个
[2025-12-29T21:50:09+08:00][info] 返回结果: {"total":150,"queued":150,"failed":0,"chunk_count":2,"errors":[],"batch_id":"batch_69528711df6f13.55975445"}
[2025-12-29T21:50:35+08:00][info] 用户归档缓存已强制从数据库更新，共处理 145 个用户
[2025-12-29T21:51:23+08:00][info] 用户归档缓存已强制从数据库更新，共处理 145 个用户
[2025-12-29T21:55:56+08:00][info] [telegram队列] 批次:  耗时=0秒
[2025-12-29T21:56:15+08:00][info] [telegram队列] 批次:  耗时=0.01秒
[2025-12-29T21:57:41+08:00][info] 任务开始: ID=22, 名称=新的测试群组
[2025-12-29T21:59:56+08:00][info] 任务开始: ID=22, 名称=新的测试群组
[2025-12-29T22:12:08+08:00][info] 任务停止: ID=22, 名称=新的测试群组
[2025-12-29T22:15:15+08:00][info] [telegram队列] 批次:  耗时=0.01秒
[2025-12-29T22:15:42+08:00][info] 任务开始: ID=22, 名称=新的测试群组
[2025-12-29T23:55:51+08:00][info] [telegram队列] 批次:  耗时=0.01秒
