[2025-12-30T04:38:06+08:00][error] 错误信息:controller not exists:app\admin\controller\Env
[2025-12-30T13:51:40+08:00][warning] [checkAccount] 以下账号 session 不存在: 1013,1014,1015,1016,1073,1074,1075,1077,1078,1083,1085,1086,1087,1088,1089,1090,1093,1094,1095,1096,1097,1098,1100,1102,1104,1105,1107,1109,1110,1112,1113,1115,1117,1120,1121,1122,1127,1128,1131,1134,1135,1136,1137,1138,1139,1140,1141,1142,1143,1144,1148,1149,1151,1152,1153,1154,1155,1156,1157,1158,1159,1160,1163,1164,1168,1169,1171,1172,1173,1177,1178,1182,1183,1184,1185,1186,1187,1188,1193,1194,1195,1196,1197,1198,1199,1200,1201,1202,1203,1204,1205,1207,1210,1212,1216,1217,1218,1219,1222,1223,1224,1225
[2025-12-30T13:51:58+08:00][info] [telegram队列] 批次:  耗时=0.01秒
[2025-12-30T13:52:36+08:00][info] 用户归档缓存已强制从数据库更新，共处理 105 个用户
[2025-12-30T13:55:31+08:00][info] https://tdata.tgbota.top
[2025-12-30T13:55:31+08:00][info] /uploads
[2025-12-30T13:55:33+08:00][info] 批次batch_69536955d52a50.16962799：子批次0（50个账号）投递成功，任务ID：bFdhMQrJTzICYEYYSAgOHbLkmTofvnUw
[2025-12-30T13:55:33+08:00][info] 批次batch_69536955d52a50.16962799处理完成：总账号50，子批次1，成功入队50个
[2025-12-30T13:55:33+08:00][info] 返回结果: {"total":50,"queued":50,"failed":0,"chunk_count":1,"errors":[],"batch_id":"batch_69536955d52a50.16962799"}
[2025-12-30T13:59:44+08:00][info] 用户归档缓存已强制从数据库更新，共处理 50 个用户
[2025-12-30T14:00:09+08:00][info] 用户归档缓存已强制从数据库更新，共处理 50 个用户
[2025-12-30T14:00:17+08:00][info] [telegram队列] 批次:  耗时=0秒
[2025-12-30T14:11:13+08:00][info] [telegram队列] 批次:  耗时=0秒
[2025-12-30T14:48:32+08:00][info] [telegram队列] 批次:  耗时=0秒
[2025-12-30T14:56:19+08:00][info] 用户归档缓存已强制从数据库更新，共处理 45 个用户
[2025-12-30T15:55:33+08:00][warning] [checkAccount] 以下账号 session 不存在: 1231,1241,1242,1243,1251,1260,1267
[2025-12-30T15:55:44+08:00][warning] [checkAccount] 以下账号 session 不存在: 1227,1228,1229,1230,1231,1232,1233,1234,1235,1236,1237,1238,1239,1240,1241,1242,1243,1244,1245,1246,1247,1248,1249,1250,1251,1252,1253,1254,1255,1256,1257,1258,1259,1260,1261,1262,1263,1264,1265,1266,1267,1268,1269,1270,1271,1272,1273,1274,1275,1276
[2025-12-30T15:55:58+08:00][info] 用户归档缓存已强制从数据库更新，共处理 50 个用户
[2025-12-30T16:01:17+08:00][info] 用户归档缓存已强制从数据库更新，共处理 19 个用户
[2025-12-30T16:01:25+08:00][info] [telegram队列] 批次:  耗时=0秒
[2025-12-30T16:03:01+08:00][info] https://tdata.tgbota.top
[2025-12-30T16:03:01+08:00][info] /uploads
[2025-12-30T16:03:03+08:00][info] 批次batch_69538737105092.53435487：子批次0（50个账号）投递成功，任务ID：RZileJhwcOIusZVtWlmBXzxWFVnyVcXu
[2025-12-30T16:03:03+08:00][info] 批次batch_69538737105092.53435487处理完成：总账号50，子批次1，成功入队50个
[2025-12-30T16:03:03+08:00][info] 返回结果: {"total":50,"queued":50,"failed":0,"chunk_count":1,"errors":[],"batch_id":"batch_69538737105092.53435487"}
[2025-12-30T16:03:20+08:00][info] 用户归档缓存已强制从数据库更新，共处理 50 个用户
[2025-12-30T16:03:39+08:00][info] 用户归档缓存已强制从数据库更新，共处理 50 个用户
[2025-12-30T16:03:50+08:00][info] [telegram队列] 批次:  耗时=0秒
[2025-12-30T16:04:13+08:00][info] [telegram队列] 批次:  耗时=0秒
[2025-12-30T16:04:38+08:00][warning] [checkAccount] 以下账号 session 不存在: 1326
[2025-12-30T16:04:49+08:00][info] 用户归档缓存已强制从数据库更新，共处理 1 个用户
[2025-12-30T16:04:54+08:00][info] [telegram队列] 批次:  耗时=0秒
[2025-12-30T16:11:18+08:00][info] 用户归档缓存已强制从数据库更新，共处理 30 个用户
[2025-12-30T16:11:52+08:00][info] 用户归档缓存已强制从数据库更新，共处理 50 个用户
[2025-12-30T16:11:58+08:00][info] [telegram队列] 批次:  耗时=0秒
[2025-12-30T16:22:14+08:00][warning] [checkAccount] 以下账号 session 不存在: 1277,1278,1279,1280,1281,1284,1285,1286,1287,1288,1289,1290,1291,1292,1293,1294,1295,1296,1297,1298,1299,1300,1301,1302,1303,1304,1305,1307,1308,1309,1311,1313,1314,1315,1317,1318,1320,1321,1322,1323,1324,1325,1326
[2025-12-30T18:33:47+08:00][error] 错误信息:controller not exists:app\admin\controller\Env
