[2026-02-01T20:35:59+08:00][info] /www/wwwroot/tdata.tgbota.top/public//uploads/admin/202601/6971e94ea480a/16158272684
[2026-02-01T20:35:59+08:00][info] relativePath16158272684/tdata/tdata
[2026-02-01T20:35:59+08:00][info] relativePath16158272684/tdata/tdata/temp_8212661739.session
[2026-02-01T20:35:59+08:00][info] relativePath16158272684/tdata/tdata/key_datas
[2026-02-01T20:35:59+08:00][info] relativePath16158272684/tdata/tdata/D877F783D5D3EF8Cs
[2026-02-01T20:35:59+08:00][info] relativePath16158272684/tdata/tdata/D877F783D5D3EF8C
[2026-02-01T20:35:59+08:00][info] relativePath16158272684/tdata/tdata/D877F783D5D3EF8C/maps
[2026-02-01T20:35:59+08:00][info] relativePath16158272684/tdata/16158272684.json
[2026-02-01T20:35:59+08:00][info] relativePath16158272684/tdata/16158272684.session
[2026-02-01T20:35:59+08:00][info] relativePath16158272684/tdata/2FA.txt
[2026-02-01T23:23:56+08:00][info] [telegram队列] 批次:  耗时=0秒
[2026-02-01T23:32:45+08:00][info] 任务开始: ID=27, 名称=3333
[2026-02-01T23:32:49+08:00][info] 任务开始: ID=26, 名称=测试111
[2026-02-01T23:32:53+08:00][info] 任务开始: ID=25, 名称=测试222
[2026-02-01T23:41:07+08:00][info] /www/wwwroot/tdata.tgbota.top/public//uploads/admin/202601/6971e94ea480a/16087066720
[2026-02-01T23:41:07+08:00][info] relativePath16087066720/tdata/16087066720.json
[2026-02-01T23:41:07+08:00][info] relativePath16087066720/tdata/16087066720.session
[2026-02-01T23:41:07+08:00][info] relativePath16087066720/tdata/tdata
[2026-02-01T23:41:07+08:00][info] relativePath16087066720/tdata/tdata/key_datas
[2026-02-01T23:41:07+08:00][info] relativePath16087066720/tdata/tdata/D877F783D5D3EF8Cs
[2026-02-01T23:41:07+08:00][info] relativePath16087066720/tdata/tdata/temp_7825028251.session
[2026-02-01T23:41:07+08:00][info] relativePath16087066720/tdata/tdata/D877F783D5D3EF8C
[2026-02-01T23:41:07+08:00][info] relativePath16087066720/tdata/tdata/D877F783D5D3EF8C/maps
[2026-02-01T23:41:07+08:00][info] relativePath16087066720/tdata/tdata/temp_7825028251.session-journal
[2026-02-01T23:41:07+08:00][info] relativePath16087066720/tdata/2FA.txt
[2026-02-01T23:41:07+08:00][info] /www/wwwroot/tdata.tgbota.top/public//uploads/admin/202601/6971e94ea480a/16074122882
[2026-02-01T23:41:07+08:00][info] relativePath16074122882/tdata/tdata
[2026-02-01T23:41:07+08:00][info] relativePath16074122882/tdata/tdata/key_datas
[2026-02-01T23:41:07+08:00][info] relativePath16074122882/tdata/tdata/D877F783D5D3EF8Cs
[2026-02-01T23:41:07+08:00][info] relativePath16074122882/tdata/tdata/D877F783D5D3EF8C
[2026-02-01T23:41:07+08:00][info] relativePath16074122882/tdata/tdata/D877F783D5D3EF8C/maps
[2026-02-01T23:41:07+08:00][info] relativePath16074122882/tdata/tdata/temp_8414160354.session-journal
[2026-02-01T23:41:07+08:00][info] relativePath16074122882/tdata/tdata/temp_8414160354.session
[2026-02-01T23:41:07+08:00][info] relativePath16074122882/tdata/16074122882.session
[2026-02-01T23:41:07+08:00][info] relativePath16074122882/tdata/16074122882.json
[2026-02-01T23:41:07+08:00][info] relativePath16074122882/tdata/2FA.txt
[2026-02-01T23:41:07+08:00][info] /www/wwwroot/tdata.tgbota.top/public//uploads/admin/202601/6971e94ea480a/16106025633
[2026-02-01T23:41:07+08:00][info] relativePath16106025633/tdata/tdata
[2026-02-01T23:41:07+08:00][info] relativePath16106025633/tdata/tdata/key_datas
[2026-02-01T23:41:07+08:00][info] relativePath16106025633/tdata/tdata/D877F783D5D3EF8Cs
[2026-02-01T23:41:07+08:00][info] relativePath16106025633/tdata/tdata/temp_8165837042.session
[2026-02-01T23:41:07+08:00][info] relativePath16106025633/tdata/tdata/D877F783D5D3EF8C
[2026-02-01T23:41:07+08:00][info] relativePath16106025633/tdata/tdata/D877F783D5D3EF8C/maps
[2026-02-01T23:41:07+08:00][info] relativePath16106025633/tdata/tdata/temp_8165837042.session-journal
[2026-02-01T23:41:07+08:00][info] relativePath16106025633/tdata/16106025633.session
[2026-02-01T23:41:07+08:00][info] relativePath16106025633/tdata/16106025633.json
[2026-02-01T23:41:07+08:00][info] relativePath16106025633/tdata/2FA.txt
[2026-02-01T23:41:07+08:00][info] /www/wwwroot/tdata.tgbota.top/public//uploads/admin/202601/6971e94ea480a/16066296875
[2026-02-01T23:41:07+08:00][info] relativePath16066296875/tdata/tdata
[2026-02-01T23:41:07+08:00][info] relativePath16066296875/tdata/tdata/key_datas
[2026-02-01T23:41:07+08:00][info] relativePath16066296875/tdata/tdata/temp_8394010676.session-journal
[2026-02-01T23:41:07+08:00][info] relativePath16066296875/tdata/tdata/D877F783D5D3EF8Cs
[2026-02-01T23:41:07+08:00][info] relativePath16066296875/tdata/tdata/temp_8394010676.session
[2026-02-01T23:41:07+08:00][info] relativePath16066296875/tdata/tdata/D877F783D5D3EF8C
[2026-02-01T23:41:07+08:00][info] relativePath16066296875/tdata/tdata/D877F783D5D3EF8C/maps
[2026-02-01T23:41:07+08:00][info] relativePath16066296875/tdata/16066296875.session
[2026-02-01T23:41:07+08:00][info] relativePath16066296875/tdata/2FA.txt
[2026-02-01T23:41:07+08:00][info] relativePath16066296875/tdata/16066296875.json
[2026-02-01T23:41:07+08:00][info] /www/wwwroot/tdata.tgbota.top/public//uploads/admin/202601/6971e94ea480a/16074666764
[2026-02-01T23:41:07+08:00][info] relativePath16074666764/tdata/16074666764.session
[2026-02-01T23:41:07+08:00][info] relativePath16074666764/tdata/tdata
[2026-02-01T23:41:07+08:00][info] relativePath16074666764/tdata/tdata/key_datas
[2026-02-01T23:41:07+08:00][info] relativePath16074666764/tdata/tdata/D877F783D5D3EF8Cs
[2026-02-01T23:41:07+08:00][info] relativePath16074666764/tdata/tdata/D877F783D5D3EF8C
[2026-02-01T23:41:07+08:00][info] relativePath16074666764/tdata/tdata/D877F783D5D3EF8C/maps
[2026-02-01T23:41:07+08:00][info] relativePath16074666764/tdata/tdata/temp_7605671110.session-journal
[2026-02-01T23:41:07+08:00][info] relativePath16074666764/tdata/tdata/temp_7605671110.session
[2026-02-01T23:41:07+08:00][info] relativePath16074666764/tdata/2FA.txt
[2026-02-01T23:41:07+08:00][info] relativePath16074666764/tdata/16074666764.json
[2026-02-01T23:41:07+08:00][info] /www/wwwroot/tdata.tgbota.top/public//uploads/admin/202601/6971e94ea480a/16109567749
[2026-02-01T23:41:07+08:00][info] relativePath16109567749/tdata/16109567749.json
[2026-02-01T23:41:07+08:00][info] relativePath16109567749/tdata/tdata
[2026-02-01T23:41:07+08:00][info] relativePath16109567749/tdata/tdata/temp_8321269328.session-journal
[2026-02-01T23:41:07+08:00][info] relativePath16109567749/tdata/tdata/key_datas
[2026-02-01T23:41:07+08:00][info] relativePath16109567749/tdata/tdata/D877F783D5D3EF8Cs
[2026-02-01T23:41:07+08:00][info] relativePath16109567749/tdata/tdata/D877F783D5D3EF8C
[2026-02-01T23:41:07+08:00][info] relativePath16109567749/tdata/tdata/D877F783D5D3EF8C/maps
[2026-02-01T23:41:07+08:00][info] relativePath16109567749/tdata/tdata/temp_8321269328.session
[2026-02-01T23:41:07+08:00][info] relativePath16109567749/tdata/16109567749.session
[2026-02-01T23:41:07+08:00][info] relativePath16109567749/tdata/2FA.txt
[2026-02-01T23:41:07+08:00][info] /www/wwwroot/tdata.tgbota.top/public//uploads/admin/202601/6971e94ea480a/16087065323
[2026-02-01T23:41:07+08:00][info] relativePath16087065323/tdata/tdata
[2026-02-01T23:41:07+08:00][info] relativePath16087065323/tdata/tdata/key_datas
[2026-02-01T23:41:07+08:00][info] relativePath16087065323/tdata/tdata/temp_8279366479.session-journal
[2026-02-01T23:41:07+08:00][info] relativePath16087065323/tdata/tdata/D877F783D5D3EF8Cs
[2026-02-01T23:41:07+08:00][info] relativePath16087065323/tdata/tdata/D877F783D5D3EF8C
[2026-02-01T23:41:07+08:00][info] relativePath16087065323/tdata/tdata/D877F783D5D3EF8C/maps
[2026-02-01T23:41:07+08:00][info] relativePath16087065323/tdata/tdata/temp_8279366479.session
[2026-02-01T23:41:07+08:00][info] relativePath16087065323/tdata/16087065323.session
[2026-02-01T23:41:07+08:00][info] relativePath16087065323/tdata/2FA.txt
[2026-02-01T23:41:07+08:00][info] relativePath16087065323/tdata/16087065323.json
[2026-02-01T23:41:07+08:00][info] /www/wwwroot/tdata.tgbota.top/public//uploads/admin/202601/6971e94ea480a/16156947920
[2026-02-01T23:41:07+08:00][info] relativePath16156947920/tdata/tdata
[2026-02-01T23:41:07+08:00][info] relativePath16156947920/tdata/tdata/key_datas
[2026-02-01T23:41:07+08:00][info] relativePath16156947920/tdata/tdata/temp_7339307398.session
[2026-02-01T23:41:07+08:00][info] relativePath16156947920/tdata/tdata/D877F783D5D3EF8Cs
[2026-02-01T23:41:07+08:00][info] relativePath16156947920/tdata/tdata/temp_7339307398.session-journal
[2026-02-01T23:41:07+08:00][info] relativePath16156947920/tdata/tdata/D877F783D5D3EF8C
[2026-02-01T23:41:07+08:00][info] relativePath16156947920/tdata/tdata/D877F783D5D3EF8C/maps
[2026-02-01T23:41:07+08:00][info] relativePath16156947920/tdata/16156947920.session
[2026-02-01T23:41:07+08:00][info] relativePath16156947920/tdata/16156947920.json
[2026-02-01T23:41:07+08:00][info] relativePath16156947920/tdata/2FA.txt
[2026-02-01T23:41:07+08:00][info] /www/wwwroot/tdata.tgbota.top/public//uploads/admin/202601/6971e94ea480a/16086886912
[2026-02-01T23:41:07+08:00][info] relativePath16086886912/tdata/tdata
[2026-02-01T23:41:07+08:00][info] relativePath16086886912/tdata/tdata/temp_8243871171.session
[2026-02-01T23:41:07+08:00][info] relativePath16086886912/tdata/tdata/key_datas
[2026-02-01T23:41:07+08:00][info] relativePath16086886912/tdata/tdata/D877F783D5D3EF8Cs
[2026-02-01T23:41:07+08:00][info] relativePath16086886912/tdata/tdata/D877F783D5D3EF8C
[2026-02-01T23:41:07+08:00][info] relativePath16086886912/tdata/tdata/D877F783D5D3EF8C/maps
[2026-02-01T23:41:07+08:00][info] relativePath16086886912/tdata/tdata/temp_8243871171.session-journal
[2026-02-01T23:41:07+08:00][info] relativePath16086886912/tdata/16086886912.json
[2026-02-01T23:41:07+08:00][info] relativePath16086886912/tdata/16086886912.session
[2026-02-01T23:41:07+08:00][info] relativePath16086886912/tdata/2FA.txt
[2026-02-01T23:41:07+08:00][info] /www/wwwroot/tdata.tgbota.top/public//uploads/admin/202601/6971e94ea480a/16066986863
[2026-02-01T23:41:07+08:00][info] relativePath16066986863/tdata/tdata
[2026-02-01T23:41:07+08:00][info] relativePath16066986863/tdata/tdata/key_datas
[2026-02-01T23:41:07+08:00][info] relativePath16066986863/tdata/tdata/D877F783D5D3EF8Cs
[2026-02-01T23:41:07+08:00][info] relativePath16066986863/tdata/tdata/D877F783D5D3EF8C
[2026-02-01T23:41:07+08:00][info] relativePath16066986863/tdata/tdata/D877F783D5D3EF8C/maps
[2026-02-01T23:41:07+08:00][info] relativePath16066986863/tdata/tdata/temp_8451690484.session
[2026-02-01T23:41:07+08:00][info] relativePath16066986863/tdata/tdata/temp_8451690484.session-journal
[2026-02-01T23:41:07+08:00][info] relativePath16066986863/tdata/16066986863.session
[2026-02-01T23:41:07+08:00][info] relativePath16066986863/tdata/16066986863.json
[2026-02-01T23:41:07+08:00][info] relativePath16066986863/tdata/2FA.txt
[2026-02-01T23:41:07+08:00][info] /www/wwwroot/tdata.tgbota.top/public//uploads/admin/202601/6971e94ea480a/16108873953
[2026-02-01T23:41:07+08:00][info] relativePath16108873953/tdata/tdata
[2026-02-01T23:41:07+08:00][info] relativePath16108873953/tdata/tdata/temp_8497997787.session-journal
[2026-02-01T23:41:07+08:00][info] relativePath16108873953/tdata/tdata/key_datas
[2026-02-01T23:41:07+08:00][info] relativePath16108873953/tdata/tdata/D877F783D5D3EF8Cs
[2026-02-01T23:41:07+08:00][info] relativePath16108873953/tdata/tdata/temp_8497997787.session
[2026-02-01T23:41:07+08:00][info] relativePath16108873953/tdata/tdata/D877F783D5D3EF8C
[2026-02-01T23:41:07+08:00][info] relativePath16108873953/tdata/tdata/D877F783D5D3EF8C/maps
[2026-02-01T23:41:07+08:00][info] relativePath16108873953/tdata/16108873953.session
[2026-02-01T23:41:07+08:00][info] relativePath16108873953/tdata/16108873953.json
[2026-02-01T23:41:07+08:00][info] relativePath16108873953/tdata/2FA.txt
[2026-02-01T23:41:07+08:00][info] /www/wwwroot/tdata.tgbota.top/public//uploads/admin/202601/6971e94ea480a/16069531450
[2026-02-01T23:41:07+08:00][info] relativePath16069531450/tdata/16069531450.json
[2026-02-01T23:41:07+08:00][info] relativePath16069531450/tdata/tdata
[2026-02-01T23:41:07+08:00][info] relativePath16069531450/tdata/tdata/key_datas
[2026-02-01T23:41:07+08:00][info] relativePath16069531450/tdata/tdata/D877F783D5D3EF8Cs
[2026-02-01T23:41:07+08:00][info] relativePath16069531450/tdata/tdata/D877F783D5D3EF8C
[2026-02-01T23:41:07+08:00][info] relativePath16069531450/tdata/tdata/D877F783D5D3EF8C/maps
[2026-02-01T23:41:07+08:00][info] relativePath16069531450/tdata/tdata/temp_8295799996.session-journal
[2026-02-01T23:41:07+08:00][info] relativePath16069531450/tdata/tdata/temp_8295799996.session
[2026-02-01T23:41:07+08:00][info] relativePath16069531450/tdata/16069531450.session
[2026-02-01T23:41:07+08:00][info] relativePath16069531450/tdata/2FA.txt
[2026-02-01T23:41:07+08:00][info] /www/wwwroot/tdata.tgbota.top/public//uploads/admin/202601/6971e94ea480a/16073903360
[2026-02-01T23:41:07+08:00][info] relativePath16073903360/tdata/16073903360.json
[2026-02-01T23:41:07+08:00][info] relativePath16073903360/tdata/tdata
[2026-02-01T23:41:07+08:00][info] relativePath16073903360/tdata/tdata/temp_8003252971.session
[2026-02-01T23:41:07+08:00][info] relativePath16073903360/tdata/tdata/key_datas
[2026-02-01T23:41:07+08:00][info] relativePath16073903360/tdata/tdata/D877F783D5D3EF8Cs
[2026-02-01T23:41:07+08:00][info] relativePath16073903360/tdata/tdata/D877F783D5D3EF8C
[2026-02-01T23:41:07+08:00][info] relativePath16073903360/tdata/tdata/D877F783D5D3EF8C/maps
[2026-02-01T23:41:07+08:00][info] relativePath16073903360/tdata/tdata/temp_8003252971.session-journal
[2026-02-01T23:41:07+08:00][info] relativePath16073903360/tdata/16073903360.session
[2026-02-01T23:41:07+08:00][info] relativePath16073903360/tdata/2FA.txt
[2026-02-01T23:41:07+08:00][info] /www/wwwroot/tdata.tgbota.top/public//uploads/admin/202601/6971e94ea480a/16073963793
[2026-02-01T23:41:07+08:00][info] relativePath16073963793/tdata/tdata
[2026-02-01T23:41:07+08:00][info] relativePath16073963793/tdata/tdata/key_datas
[2026-02-01T23:41:07+08:00][info] relativePath16073963793/tdata/tdata/D877F783D5D3EF8Cs
[2026-02-01T23:41:07+08:00][info] relativePath16073963793/tdata/tdata/D877F783D5D3EF8C
[2026-02-01T23:41:07+08:00][info] relativePath16073963793/tdata/tdata/D877F783D5D3EF8C/maps
[2026-02-01T23:41:07+08:00][info] relativePath16073963793/tdata/tdata/temp_8284013359.session
[2026-02-01T23:41:07+08:00][info] relativePath16073963793/tdata/16073963793.json
[2026-02-01T23:41:07+08:00][info] relativePath16073963793/tdata/16073963793.session
[2026-02-01T23:41:07+08:00][info] relativePath16073963793/tdata/2FA.txt
[2026-02-01T23:41:07+08:00][info] /www/wwwroot/tdata.tgbota.top/public//uploads/admin/202601/6971e94ea480a/16088796312
[2026-02-01T23:41:07+08:00][info] relativePath16088796312/tdata/16088796312.session
[2026-02-01T23:41:07+08:00][info] relativePath16088796312/tdata/tdata
[2026-02-01T23:41:07+08:00][info] relativePath16088796312/tdata/tdata/temp_8238316131.session-journal
[2026-02-01T23:41:07+08:00][info] relativePath16088796312/tdata/tdata/temp_8238316131.session
[2026-02-01T23:41:07+08:00][info] relativePath16088796312/tdata/tdata/key_datas
[2026-02-01T23:41:07+08:00][info] relativePath16088796312/tdata/tdata/D877F783D5D3EF8Cs
[2026-02-01T23:41:07+08:00][info] relativePath16088796312/tdata/tdata/D877F783D5D3EF8C
[2026-02-01T23:41:07+08:00][info] relativePath16088796312/tdata/tdata/D877F783D5D3EF8C/maps
[2026-02-01T23:41:07+08:00][info] relativePath16088796312/tdata/16088796312.json
[2026-02-01T23:41:07+08:00][info] relativePath16088796312/tdata/2FA.txt
[2026-02-01T23:41:07+08:00][info] /www/wwwroot/tdata.tgbota.top/public//uploads/admin/202601/6971e94ea480a/16099937947
[2026-02-01T23:41:07+08:00][info] relativePath16099937947/tdata/tdata
[2026-02-01T23:41:07+08:00][info] relativePath16099937947/tdata/tdata/key_datas
[2026-02-01T23:41:07+08:00][info] relativePath16099937947/tdata/tdata/D877F783D5D3EF8Cs
[2026-02-01T23:41:07+08:00][info] relativePath16099937947/tdata/tdata/D877F783D5D3EF8C
[2026-02-01T23:41:07+08:00][info] relativePath16099937947/tdata/tdata/D877F783D5D3EF8C/maps
[2026-02-01T23:41:07+08:00][info] relativePath16099937947/tdata/tdata/temp_8219127744.session
[2026-02-01T23:41:07+08:00][info] relativePath16099937947/tdata/16099937947.json
[2026-02-01T23:41:07+08:00][info] relativePath16099937947/tdata/2FA.txt
[2026-02-01T23:41:07+08:00][info] relativePath16099937947/tdata/16099937947.session
[2026-02-01T23:41:07+08:00][info] /www/wwwroot/tdata.tgbota.top/public//uploads/admin/202601/6971e94ea480a/16096145846
[2026-02-01T23:41:07+08:00][info] relativePath16096145846/tdata/16096145846.json
[2026-02-01T23:41:07+08:00][info] relativePath16096145846/tdata/tdata
[2026-02-01T23:41:07+08:00][info] relativePath16096145846/tdata/tdata/temp_8346856899.session
[2026-02-01T23:41:07+08:00][info] relativePath16096145846/tdata/tdata/temp_8346856899.session-journal
[2026-02-01T23:41:07+08:00][info] relativePath16096145846/tdata/tdata/key_datas
[2026-02-01T23:41:07+08:00][info] relativePath16096145846/tdata/tdata/D877F783D5D3EF8Cs
[2026-02-01T23:41:07+08:00][info] relativePath16096145846/tdata/tdata/D877F783D5D3EF8C
[2026-02-01T23:41:07+08:00][info] relativePath16096145846/tdata/tdata/D877F783D5D3EF8C/maps
[2026-02-01T23:41:07+08:00][info] relativePath16096145846/tdata/2FA.txt
[2026-02-01T23:41:07+08:00][info] relativePath16096145846/tdata/16096145846.session
[2026-02-01T23:41:07+08:00][info] /www/wwwroot/tdata.tgbota.top/public//uploads/admin/202601/6971e94ea480a/16067226314
[2026-02-01T23:41:07+08:00][info] relativePath16067226314/tdata/tdata
[2026-02-01T23:41:07+08:00][info] relativePath16067226314/tdata/tdata/temp_8075639088.session
[2026-02-01T23:41:07+08:00][info] relativePath16067226314/tdata/tdata/key_datas
[2026-02-01T23:41:07+08:00][info] relativePath16067226314/tdata/tdata/D877F783D5D3EF8Cs
[2026-02-01T23:41:07+08:00][info] relativePath16067226314/tdata/tdata/temp_8075639088.session-journal
[2026-02-01T23:41:07+08:00][info] relativePath16067226314/tdata/tdata/D877F783D5D3EF8C
[2026-02-01T23:41:07+08:00][info] relativePath16067226314/tdata/tdata/D877F783D5D3EF8C/maps
[2026-02-01T23:41:07+08:00][info] relativePath16067226314/tdata/16067226314.json
[2026-02-01T23:41:07+08:00][info] relativePath16067226314/tdata/16067226314.session
[2026-02-01T23:41:07+08:00][info] relativePath16067226314/tdata/2FA.txt
[2026-02-01T23:41:07+08:00][info] /www/wwwroot/tdata.tgbota.top/public//uploads/admin/202601/6971e94ea480a/16158420809
[2026-02-01T23:41:07+08:00][info] relativePath16158420809/tdata/16158420809.json
[2026-02-01T23:41:07+08:00][info] relativePath16158420809/tdata/tdata
[2026-02-01T23:41:07+08:00][info] relativePath16158420809/tdata/tdata/temp_8383303998.session
[2026-02-01T23:41:07+08:00][info] relativePath16158420809/tdata/tdata/key_datas
[2026-02-01T23:41:07+08:00][info] relativePath16158420809/tdata/tdata/D877F783D5D3EF8Cs
[2026-02-01T23:41:07+08:00][info] relativePath16158420809/tdata/tdata/temp_8383303998.session-journal
[2026-02-01T23:41:07+08:00][info] relativePath16158420809/tdata/tdata/D877F783D5D3EF8C
[2026-02-01T23:41:07+08:00][info] relativePath16158420809/tdata/tdata/D877F783D5D3EF8C/maps
[2026-02-01T23:41:07+08:00][info] relativePath16158420809/tdata/16158420809.session
[2026-02-01T23:41:07+08:00][info] relativePath16158420809/tdata/2FA.txt
[2026-02-01T23:41:07+08:00][info] /www/wwwroot/tdata.tgbota.top/public//uploads/admin/202601/6971e94ea480a/16074786998
[2026-02-01T23:41:07+08:00][info] relativePath16074786998/tdata/16074786998.json
[2026-02-01T23:41:07+08:00][info] relativePath16074786998/tdata/tdata
[2026-02-01T23:41:07+08:00][info] relativePath16074786998/tdata/tdata/key_datas
[2026-02-01T23:41:07+08:00][info] relativePath16074786998/tdata/tdata/D877F783D5D3EF8Cs
[2026-02-01T23:41:07+08:00][info] relativePath16074786998/tdata/tdata/temp_8377086633.session
[2026-02-01T23:41:07+08:00][info] relativePath16074786998/tdata/tdata/D877F783D5D3EF8C
[2026-02-01T23:41:07+08:00][info] relativePath16074786998/tdata/tdata/D877F783D5D3EF8C/maps
[2026-02-01T23:41:07+08:00][info] relativePath16074786998/tdata/tdata/temp_8377086633.session-journal
[2026-02-01T23:41:07+08:00][info] relativePath16074786998/tdata/16074786998.session
[2026-02-01T23:41:07+08:00][info] relativePath16074786998/tdata/2FA.txt
[2026-02-01T23:41:07+08:00][info] /www/wwwroot/tdata.tgbota.top/public//uploads/admin/202601/6971e94ea480a/16073903218
[2026-02-01T23:41:07+08:00][info] relativePath16073903218/tdata/tdata
[2026-02-01T23:41:07+08:00][info] relativePath16073903218/tdata/tdata/key_datas
[2026-02-01T23:41:07+08:00][info] relativePath16073903218/tdata/tdata/D877F783D5D3EF8Cs
[2026-02-01T23:41:07+08:00][info] relativePath16073903218/tdata/tdata/D877F783D5D3EF8C
[2026-02-01T23:41:07+08:00][info] relativePath16073903218/tdata/tdata/D877F783D5D3EF8C/maps
[2026-02-01T23:41:07+08:00][info] relativePath16073903218/tdata/tdata/temp_8026395213.session
[2026-02-01T23:41:07+08:00][info] relativePath16073903218/tdata/tdata/temp_8026395213.session-journal
[2026-02-01T23:41:07+08:00][info] relativePath16073903218/tdata/2FA.txt
[2026-02-01T23:41:07+08:00][info] relativePath16073903218/tdata/16073903218.session
[2026-02-01T23:41:07+08:00][info] relativePath16073903218/tdata/16073903218.json
[2026-02-01T23:41:07+08:00][info] /www/wwwroot/tdata.tgbota.top/public//uploads/admin/202601/6971e94ea480a/16156989378
[2026-02-01T23:41:07+08:00][info] relativePath16156989378/tdata/tdata
[2026-02-01T23:41:07+08:00][info] relativePath16156989378/tdata/tdata/key_datas
[2026-02-01T23:41:07+08:00][info] relativePath16156989378/tdata/tdata/temp_8261578824.session-journal
[2026-02-01T23:41:07+08:00][info] relativePath16156989378/tdata/tdata/D877F783D5D3EF8Cs
[2026-02-01T23:41:07+08:00][info] relativePath16156989378/tdata/tdata/D877F783D5D3EF8C
[2026-02-01T23:41:07+08:00][info] relativePath16156989378/tdata/tdata/D877F783D5D3EF8C/maps
[2026-02-01T23:41:07+08:00][info] relativePath16156989378/tdata/tdata/temp_8261578824.session
[2026-02-01T23:41:07+08:00][info] relativePath16156989378/tdata/16156989378.session
[2026-02-01T23:41:07+08:00][info] relativePath16156989378/tdata/2FA.txt
[2026-02-01T23:41:07+08:00][info] relativePath16156989378/tdata/16156989378.json
[2026-02-01T23:41:07+08:00][info] /www/wwwroot/tdata.tgbota.top/public//uploads/admin/202601/6971e94ea480a/16099937545
[2026-02-01T23:41:07+08:00][info] relativePath16099937545/tdata/tdata
[2026-02-01T23:41:07+08:00][info] relativePath16099937545/tdata/tdata/temp_8470340378.session-journal
[2026-02-01T23:41:07+08:00][info] relativePath16099937545/tdata/tdata/temp_8470340378.session
[2026-02-01T23:41:07+08:00][info] relativePath16099937545/tdata/tdata/key_datas
[2026-02-01T23:41:07+08:00][info] relativePath16099937545/tdata/tdata/D877F783D5D3EF8Cs
[2026-02-01T23:41:07+08:00][info] relativePath16099937545/tdata/tdata/D877F783D5D3EF8C
[2026-02-01T23:41:07+08:00][info] relativePath16099937545/tdata/tdata/D877F783D5D3EF8C/maps
[2026-02-01T23:41:07+08:00][info] relativePath16099937545/tdata/16099937545.session
[2026-02-01T23:41:07+08:00][info] relativePath16099937545/tdata/16099937545.json
[2026-02-01T23:41:07+08:00][info] relativePath16099937545/tdata/2FA.txt
[2026-02-01T23:41:07+08:00][info] /www/wwwroot/tdata.tgbota.top/public//uploads/admin/202601/6971e94ea480a/16106463686
[2026-02-01T23:41:07+08:00][info] relativePath16106463686/tdata/16106463686.session
[2026-02-01T23:41:07+08:00][info] relativePath16106463686/tdata/tdata
[2026-02-01T23:41:07+08:00][info] relativePath16106463686/tdata/tdata/temp_8437693573.session
[2026-02-01T23:41:07+08:00][info] relativePath16106463686/tdata/tdata/key_datas
[2026-02-01T23:41:07+08:00][info] relativePath16106463686/tdata/tdata/D877F783D5D3EF8Cs
[2026-02-01T23:41:07+08:00][info] relativePath16106463686/tdata/tdata/temp_8437693573.session-journal
[2026-02-01T23:41:07+08:00][info] relativePath16106463686/tdata/tdata/D877F783D5D3EF8C
[2026-02-01T23:41:07+08:00][info] relativePath16106463686/tdata/tdata/D877F783D5D3EF8C/maps
[2026-02-01T23:41:07+08:00][info] relativePath16106463686/tdata/16106463686.json
[2026-02-01T23:41:07+08:00][info] relativePath16106463686/tdata/2FA.txt
[2026-02-01T23:41:07+08:00][info] /www/wwwroot/tdata.tgbota.top/public//uploads/admin/202601/6971e94ea480a/16158278182
[2026-02-01T23:41:07+08:00][info] relativePath16158278182/tdata/16158278182.session
[2026-02-01T23:41:07+08:00][info] relativePath16158278182/tdata/tdata
[2026-02-01T23:41:07+08:00][info] relativePath16158278182/tdata/tdata/temp_7991018924.session
[2026-02-01T23:41:07+08:00][info] relativePath16158278182/tdata/tdata/key_datas
[2026-02-01T23:41:07+08:00][info] relativePath16158278182/tdata/tdata/temp_7991018924.session-journal
[2026-02-01T23:41:07+08:00][info] relativePath16158278182/tdata/tdata/D877F783D5D3EF8Cs
[2026-02-01T23:41:07+08:00][info] relativePath16158278182/tdata/tdata/D877F783D5D3EF8C
[2026-02-01T23:41:07+08:00][info] relativePath16158278182/tdata/tdata/D877F783D5D3EF8C/maps
[2026-02-01T23:41:07+08:00][info] relativePath16158278182/tdata/16158278182.json
[2026-02-01T23:41:07+08:00][info] relativePath16158278182/tdata/2FA.txt
[2026-02-01T23:41:07+08:00][info] /www/wwwroot/tdata.tgbota.top/public//uploads/admin/202601/6971e94ea480a/16158421341
[2026-02-01T23:41:07+08:00][info] relativePath16158421341/tdata/tdata
[2026-02-01T23:41:07+08:00][info] relativePath16158421341/tdata/tdata/temp_8288959288.session-journal
[2026-02-01T23:41:07+08:00][info] relativePath16158421341/tdata/tdata/key_datas
[2026-02-01T23:41:07+08:00][info] relativePath16158421341/tdata/tdata/D877F783D5D3EF8Cs
[2026-02-01T23:41:07+08:00][info] relativePath16158421341/tdata/tdata/D877F783D5D3EF8C
[2026-02-01T23:41:07+08:00][info] relativePath16158421341/tdata/tdata/D877F783D5D3EF8C/maps
[2026-02-01T23:41:07+08:00][info] relativePath16158421341/tdata/tdata/temp_8288959288.session
[2026-02-01T23:41:07+08:00][info] relativePath16158421341/tdata/16158421341.json
[2026-02-01T23:41:07+08:00][info] relativePath16158421341/tdata/16158421341.session
[2026-02-01T23:41:07+08:00][info] relativePath16158421341/tdata/2FA.txt
[2026-02-01T23:41:07+08:00][info] /www/wwwroot/tdata.tgbota.top/public//uploads/admin/202601/6971e94ea480a/16109567883
[2026-02-01T23:41:07+08:00][info] relativePath16109567883/tdata/tdata
[2026-02-01T23:41:07+08:00][info] relativePath16109567883/tdata/tdata/temp_7372391230.session
[2026-02-01T23:41:07+08:00][info] relativePath16109567883/tdata/tdata/temp_7372391230.session-journal
[2026-02-01T23:41:07+08:00][info] relativePath16109567883/tdata/tdata/key_datas
[2026-02-01T23:41:07+08:00][info] relativePath16109567883/tdata/tdata/D877F783D5D3EF8Cs
[2026-02-01T23:41:07+08:00][info] relativePath16109567883/tdata/tdata/D877F783D5D3EF8C
[2026-02-01T23:41:07+08:00][info] relativePath16109567883/tdata/tdata/D877F783D5D3EF8C/maps
[2026-02-01T23:41:07+08:00][info] relativePath16109567883/tdata/16109567883.json
[2026-02-01T23:41:07+08:00][info] relativePath16109567883/tdata/2FA.txt
[2026-02-01T23:41:07+08:00][info] relativePath16109567883/tdata/16109567883.session
[2026-02-01T23:41:07+08:00][info] /www/wwwroot/tdata.tgbota.top/public//uploads/admin/202601/6971e94ea480a/16099824899
[2026-02-01T23:41:07+08:00][info] relativePath16099824899/tdata/tdata
[2026-02-01T23:41:07+08:00][info] relativePath16099824899/tdata/tdata/temp_8348913848.session
[2026-02-01T23:41:07+08:00][info] relativePath16099824899/tdata/tdata/key_datas
[2026-02-01T23:41:07+08:00][info] relativePath16099824899/tdata/tdata/D877F783D5D3EF8Cs
[2026-02-01T23:41:07+08:00][info] relativePath16099824899/tdata/tdata/D877F783D5D3EF8C
[2026-02-01T23:41:07+08:00][info] relativePath16099824899/tdata/tdata/D877F783D5D3EF8C/maps
[2026-02-01T23:41:07+08:00][info] relativePath16099824899/tdata/tdata/temp_8348913848.session-journal
[2026-02-01T23:41:07+08:00][info] relativePath16099824899/tdata/16099824899.json
[2026-02-01T23:41:07+08:00][info] relativePath16099824899/tdata/16099824899.session
[2026-02-01T23:41:07+08:00][info] relativePath16099824899/tdata/2FA.txt
[2026-02-01T23:41:07+08:00][info] /www/wwwroot/tdata.tgbota.top/public//uploads/admin/202601/6971e94ea480a/16074122614
[2026-02-01T23:41:07+08:00][info] relativePath16074122614/tdata/tdata
[2026-02-01T23:41:07+08:00][info] relativePath16074122614/tdata/tdata/key_datas
[2026-02-01T23:41:07+08:00][info] relativePath16074122614/tdata/tdata/temp_8453809698.session
[2026-02-01T23:41:07+08:00][info] relativePath16074122614/tdata/tdata/D877F783D5D3EF8Cs
[2026-02-01T23:41:07+08:00][info] relativePath16074122614/tdata/tdata/D877F783D5D3EF8C
[2026-02-01T23:41:07+08:00][info] relativePath16074122614/tdata/tdata/D877F783D5D3EF8C/maps
[2026-02-01T23:41:07+08:00][info] relativePath16074122614/tdata/tdata/temp_8453809698.session-journal
[2026-02-01T23:41:07+08:00][info] relativePath16074122614/tdata/16074122614.session
[2026-02-01T23:41:07+08:00][info] relativePath16074122614/tdata/2FA.txt
[2026-02-01T23:41:07+08:00][info] relativePath16074122614/tdata/16074122614.json
[2026-02-01T23:41:07+08:00][info] /www/wwwroot/tdata.tgbota.top/public//uploads/admin/202601/6971e94ea480a/16158272684
[2026-02-01T23:41:07+08:00][info] relativePath16158272684/tdata/tdata
[2026-02-01T23:41:07+08:00][info] relativePath16158272684/tdata/tdata/temp_8212661739.session
[2026-02-01T23:41:07+08:00][info] relativePath16158272684/tdata/tdata/key_datas
[2026-02-01T23:41:07+08:00][info] relativePath16158272684/tdata/tdata/temp_8212661739.session-journal
[2026-02-01T23:41:07+08:00][info] relativePath16158272684/tdata/tdata/D877F783D5D3EF8Cs
[2026-02-01T23:41:07+08:00][info] relativePath16158272684/tdata/tdata/D877F783D5D3EF8C
[2026-02-01T23:41:07+08:00][info] relativePath16158272684/tdata/tdata/D877F783D5D3EF8C/maps
[2026-02-01T23:41:07+08:00][info] relativePath16158272684/tdata/16158272684.json
[2026-02-01T23:41:07+08:00][info] relativePath16158272684/tdata/16158272684.session
[2026-02-01T23:41:07+08:00][info] relativePath16158272684/tdata/2FA.txt
