[2026-02-02T15:39:57+08:00][info] /www/wwwroot/tdata.tgbota.top/public//uploads/admin/202601/6971e94ea480a/16108171893
[2026-02-02T15:39:57+08:00][info] relativePath16108171893/tdata/16108171893.json
[2026-02-02T15:39:57+08:00][info] relativePath16108171893/tdata/tdata
[2026-02-02T15:39:57+08:00][info] relativePath16108171893/tdata/tdata/key_datas
[2026-02-02T15:39:57+08:00][info] relativePath16108171893/tdata/tdata/D877F783D5D3EF8Cs
[2026-02-02T15:39:57+08:00][info] relativePath16108171893/tdata/tdata/D877F783D5D3EF8C
[2026-02-02T15:39:57+08:00][info] relativePath16108171893/tdata/tdata/D877F783D5D3EF8C/maps
[2026-02-02T15:39:57+08:00][info] relativePath16108171893/tdata/16108171893.session
[2026-02-02T15:39:57+08:00][info] relativePath16108171893/tdata/2FA.txt
[2026-02-02T15:39:57+08:00][info] /www/wwwroot/tdata.tgbota.top/public//uploads/admin/202601/6971e94ea480a/16099935062
[2026-02-02T15:39:57+08:00][info] relativePath16099935062/tdata/tdata
[2026-02-02T15:39:57+08:00][info] relativePath16099935062/tdata/tdata/key_datas
[2026-02-02T15:39:57+08:00][info] relativePath16099935062/tdata/tdata/D877F783D5D3EF8Cs
[2026-02-02T15:39:57+08:00][info] relativePath16099935062/tdata/tdata/D877F783D5D3EF8C
[2026-02-02T15:39:57+08:00][info] relativePath16099935062/tdata/tdata/D877F783D5D3EF8C/maps
[2026-02-02T15:39:57+08:00][info] relativePath16099935062/tdata/16099935062.json
[2026-02-02T15:39:57+08:00][info] relativePath16099935062/tdata/16099935062.session
[2026-02-02T15:39:57+08:00][info] relativePath16099935062/tdata/2FA.txt
[2026-02-02T15:42:36+08:00][info] /www/wwwroot/tdata.tgbota.top/public//uploads/admin/202601/6971e94ea480a/16156946423
[2026-02-02T15:42:36+08:00][info] relativePath16156946423/tdata/16156946423.session
[2026-02-02T15:42:36+08:00][info] relativePath16156946423/tdata/tdata
[2026-02-02T15:42:36+08:00][info] relativePath16156946423/tdata/tdata/key_datas
[2026-02-02T15:42:36+08:00][info] relativePath16156946423/tdata/tdata/D877F783D5D3EF8Cs
[2026-02-02T15:42:36+08:00][info] relativePath16156946423/tdata/tdata/D877F783D5D3EF8C
[2026-02-02T15:42:36+08:00][info] relativePath16156946423/tdata/tdata/D877F783D5D3EF8C/maps
[2026-02-02T15:42:36+08:00][info] relativePath16156946423/tdata/16156946423.json
[2026-02-02T15:42:36+08:00][info] relativePath16156946423/tdata/2FA.txt
[2026-02-02T15:42:36+08:00][info] /www/wwwroot/tdata.tgbota.top/public//uploads/admin/202601/6971e94ea480a/16066676617
[2026-02-02T15:42:36+08:00][info] relativePath16066676617/tdata/16066676617.session
[2026-02-02T15:42:36+08:00][info] relativePath16066676617/tdata/tdata
[2026-02-02T15:42:36+08:00][info] relativePath16066676617/tdata/tdata/key_datas
[2026-02-02T15:42:36+08:00][info] relativePath16066676617/tdata/tdata/D877F783D5D3EF8Cs
[2026-02-02T15:42:36+08:00][info] relativePath16066676617/tdata/tdata/D877F783D5D3EF8C
[2026-02-02T15:42:36+08:00][info] relativePath16066676617/tdata/tdata/D877F783D5D3EF8C/maps
[2026-02-02T15:42:36+08:00][info] relativePath16066676617/tdata/2FA.txt
[2026-02-02T15:42:36+08:00][info] relativePath16066676617/tdata/16066676617.json
[2026-02-02T15:42:36+08:00][info] /www/wwwroot/tdata.tgbota.top/public//uploads/admin/202601/6971e94ea480a/16108857274
[2026-02-02T15:42:36+08:00][info] relativePath16108857274/tdata/tdata
[2026-02-02T15:42:36+08:00][info] relativePath16108857274/tdata/tdata/key_datas
[2026-02-02T15:42:36+08:00][info] relativePath16108857274/tdata/tdata/D877F783D5D3EF8Cs
[2026-02-02T15:42:36+08:00][info] relativePath16108857274/tdata/tdata/D877F783D5D3EF8C
[2026-02-02T15:42:36+08:00][info] relativePath16108857274/tdata/tdata/D877F783D5D3EF8C/maps
[2026-02-02T15:42:36+08:00][info] relativePath16108857274/tdata/16108857274.json
[2026-02-02T15:42:36+08:00][info] relativePath16108857274/tdata/2FA.txt
[2026-02-02T15:42:36+08:00][info] relativePath16108857274/tdata/16108857274.session
[2026-02-02T15:42:36+08:00][info] /www/wwwroot/tdata.tgbota.top/public//uploads/admin/202601/6971e94ea480a/16156947078
[2026-02-02T15:42:36+08:00][info] relativePath16156947078/tdata/tdata
[2026-02-02T15:42:36+08:00][info] relativePath16156947078/tdata/tdata/key_datas
[2026-02-02T15:42:36+08:00][info] relativePath16156947078/tdata/tdata/D877F783D5D3EF8Cs
[2026-02-02T15:42:36+08:00][info] relativePath16156947078/tdata/tdata/D877F783D5D3EF8C
[2026-02-02T15:42:36+08:00][info] relativePath16156947078/tdata/tdata/D877F783D5D3EF8C/maps
[2026-02-02T15:42:36+08:00][info] relativePath16156947078/tdata/16156947078.json
[2026-02-02T15:42:36+08:00][info] relativePath16156947078/tdata/16156947078.session
[2026-02-02T15:42:36+08:00][info] relativePath16156947078/tdata/2FA.txt
[2026-02-02T15:42:36+08:00][info] /www/wwwroot/tdata.tgbota.top/public//uploads/admin/202601/6971e94ea480a/16067528545
[2026-02-02T15:42:36+08:00][info] relativePath16067528545/tdata/16067528545.session
[2026-02-02T15:42:36+08:00][info] relativePath16067528545/tdata/tdata
[2026-02-02T15:42:36+08:00][info] relativePath16067528545/tdata/tdata/key_datas
[2026-02-02T15:42:36+08:00][info] relativePath16067528545/tdata/tdata/D877F783D5D3EF8Cs
[2026-02-02T15:42:36+08:00][info] relativePath16067528545/tdata/tdata/D877F783D5D3EF8C
[2026-02-02T15:42:36+08:00][info] relativePath16067528545/tdata/tdata/D877F783D5D3EF8C/maps
[2026-02-02T15:42:36+08:00][info] relativePath16067528545/tdata/2FA.txt
[2026-02-02T15:42:36+08:00][info] relativePath16067528545/tdata/16067528545.json
[2026-02-02T15:42:36+08:00][info] /www/wwwroot/tdata.tgbota.top/public//uploads/admin/202601/6971e94ea480a/16099826570
[2026-02-02T15:42:36+08:00][info] relativePath16099826570/tdata/tdata
[2026-02-02T15:42:36+08:00][info] relativePath16099826570/tdata/tdata/key_datas
[2026-02-02T15:42:36+08:00][info] relativePath16099826570/tdata/tdata/D877F783D5D3EF8Cs
[2026-02-02T15:42:36+08:00][info] relativePath16099826570/tdata/tdata/D877F783D5D3EF8C
[2026-02-02T15:42:36+08:00][info] relativePath16099826570/tdata/tdata/D877F783D5D3EF8C/maps
[2026-02-02T15:42:36+08:00][info] relativePath16099826570/tdata/2FA.txt
[2026-02-02T15:42:36+08:00][info] relativePath16099826570/tdata/16099826570.session
[2026-02-02T15:42:36+08:00][info] relativePath16099826570/tdata/16099826570.json
[2026-02-02T15:42:36+08:00][info] /www/wwwroot/tdata.tgbota.top/public//uploads/admin/202601/6971e94ea480a/16077418636
[2026-02-02T15:42:36+08:00][info] relativePath16077418636/tdata/tdata
[2026-02-02T15:42:36+08:00][info] relativePath16077418636/tdata/tdata/key_datas
[2026-02-02T15:42:36+08:00][info] relativePath16077418636/tdata/tdata/D877F783D5D3EF8Cs
[2026-02-02T15:42:36+08:00][info] relativePath16077418636/tdata/tdata/D877F783D5D3EF8C
[2026-02-02T15:42:36+08:00][info] relativePath16077418636/tdata/tdata/D877F783D5D3EF8C/maps
[2026-02-02T15:42:36+08:00][info] relativePath16077418636/tdata/16077418636.session
[2026-02-02T15:42:36+08:00][info] relativePath16077418636/tdata/2FA.txt
[2026-02-02T15:42:36+08:00][info] relativePath16077418636/tdata/16077418636.json
[2026-02-02T15:42:36+08:00][info] /www/wwwroot/tdata.tgbota.top/public//uploads/admin/202601/6971e94ea480a/16108171893
[2026-02-02T15:42:36+08:00][info] relativePath16108171893/tdata/16108171893.json
[2026-02-02T15:42:36+08:00][info] relativePath16108171893/tdata/tdata
[2026-02-02T15:42:36+08:00][info] relativePath16108171893/tdata/tdata/key_datas
[2026-02-02T15:42:36+08:00][info] relativePath16108171893/tdata/tdata/D877F783D5D3EF8Cs
[2026-02-02T15:42:36+08:00][info] relativePath16108171893/tdata/tdata/D877F783D5D3EF8C
[2026-02-02T15:42:36+08:00][info] relativePath16108171893/tdata/tdata/D877F783D5D3EF8C/maps
[2026-02-02T15:42:36+08:00][info] relativePath16108171893/tdata/16108171893.session
[2026-02-02T15:42:36+08:00][info] relativePath16108171893/tdata/2FA.txt
[2026-02-02T15:42:36+08:00][info] /www/wwwroot/tdata.tgbota.top/public//uploads/admin/202601/6971e94ea480a/16099935062
[2026-02-02T15:42:36+08:00][info] relativePath16099935062/tdata/tdata
[2026-02-02T15:42:36+08:00][info] relativePath16099935062/tdata/tdata/key_datas
[2026-02-02T15:42:36+08:00][info] relativePath16099935062/tdata/tdata/D877F783D5D3EF8Cs
[2026-02-02T15:42:36+08:00][info] relativePath16099935062/tdata/tdata/D877F783D5D3EF8C
[2026-02-02T15:42:36+08:00][info] relativePath16099935062/tdata/tdata/D877F783D5D3EF8C/maps
[2026-02-02T15:42:36+08:00][info] relativePath16099935062/tdata/16099935062.json
[2026-02-02T15:42:36+08:00][info] relativePath16099935062/tdata/16099935062.session
[2026-02-02T15:42:36+08:00][info] relativePath16099935062/tdata/2FA.txt
[2026-02-02T15:42:36+08:00][info] /www/wwwroot/tdata.tgbota.top/public//uploads/admin/202601/6971e94ea480a/16074863685
[2026-02-02T15:42:36+08:00][info] relativePath16074863685/tdata/16074863685.json
[2026-02-02T15:42:36+08:00][info] relativePath16074863685/tdata/tdata
[2026-02-02T15:42:36+08:00][info] relativePath16074863685/tdata/tdata/key_datas
[2026-02-02T15:42:36+08:00][info] relativePath16074863685/tdata/tdata/D877F783D5D3EF8Cs
[2026-02-02T15:42:36+08:00][info] relativePath16074863685/tdata/tdata/D877F783D5D3EF8C
[2026-02-02T15:42:36+08:00][info] relativePath16074863685/tdata/tdata/D877F783D5D3EF8C/maps
[2026-02-02T15:42:36+08:00][info] relativePath16074863685/tdata/16074863685.session
[2026-02-02T15:42:36+08:00][info] relativePath16074863685/tdata/2FA.txt
[2026-02-02T15:42:36+08:00][info] /www/wwwroot/tdata.tgbota.top/public//uploads/admin/202601/6971e94ea480a/16079468201
[2026-02-02T15:42:36+08:00][info] relativePath16079468201/tdata/tdata
[2026-02-02T15:42:36+08:00][info] relativePath16079468201/tdata/tdata/key_datas
[2026-02-02T15:42:36+08:00][info] relativePath16079468201/tdata/tdata/D877F783D5D3EF8Cs
[2026-02-02T15:42:36+08:00][info] relativePath16079468201/tdata/tdata/D877F783D5D3EF8C
[2026-02-02T15:42:36+08:00][info] relativePath16079468201/tdata/tdata/D877F783D5D3EF8C/maps
[2026-02-02T15:42:36+08:00][info] relativePath16079468201/tdata/16079468201.session
[2026-02-02T15:42:36+08:00][info] relativePath16079468201/tdata/2FA.txt
[2026-02-02T15:42:36+08:00][info] relativePath16079468201/tdata/16079468201.json
[2026-02-02T15:42:36+08:00][info] /www/wwwroot/tdata.tgbota.top/public//uploads/admin/202601/6971e94ea480a/16096067724
[2026-02-02T15:42:36+08:00][info] relativePath16096067724/tdata/tdata
[2026-02-02T15:42:36+08:00][info] relativePath16096067724/tdata/tdata/key_datas
[2026-02-02T15:42:36+08:00][info] relativePath16096067724/tdata/tdata/D877F783D5D3EF8Cs
[2026-02-02T15:42:36+08:00][info] relativePath16096067724/tdata/tdata/D877F783D5D3EF8C
[2026-02-02T15:42:36+08:00][info] relativePath16096067724/tdata/tdata/D877F783D5D3EF8C/maps
[2026-02-02T15:42:36+08:00][info] relativePath16096067724/tdata/16096067724.session
[2026-02-02T15:42:36+08:00][info] relativePath16096067724/tdata/2FA.txt
[2026-02-02T15:42:36+08:00][info] relativePath16096067724/tdata/16096067724.json
[2026-02-02T15:42:36+08:00][info] /www/wwwroot/tdata.tgbota.top/public//uploads/admin/202601/6971e94ea480a/16109567221
[2026-02-02T15:42:36+08:00][info] relativePath16109567221/tdata/16109567221.session
[2026-02-02T15:42:36+08:00][info] relativePath16109567221/tdata/tdata
[2026-02-02T15:42:36+08:00][info] relativePath16109567221/tdata/tdata/key_datas
[2026-02-02T15:42:36+08:00][info] relativePath16109567221/tdata/tdata/D877F783D5D3EF8Cs
[2026-02-02T15:42:36+08:00][info] relativePath16109567221/tdata/tdata/D877F783D5D3EF8C
[2026-02-02T15:42:36+08:00][info] relativePath16109567221/tdata/tdata/D877F783D5D3EF8C/maps
[2026-02-02T15:42:36+08:00][info] relativePath16109567221/tdata/16109567221.json
[2026-02-02T15:42:36+08:00][info] relativePath16109567221/tdata/2FA.txt
[2026-02-02T15:42:36+08:00][info] /www/wwwroot/tdata.tgbota.top/public//uploads/admin/202601/6971e94ea480a/16074666038
[2026-02-02T15:42:36+08:00][info] relativePath16074666038/tdata/16074666038.session
[2026-02-02T15:42:36+08:00][info] relativePath16074666038/tdata/16074666038.json
[2026-02-02T15:42:36+08:00][info] relativePath16074666038/tdata/tdata
[2026-02-02T15:42:36+08:00][info] relativePath16074666038/tdata/tdata/key_datas
[2026-02-02T15:42:36+08:00][info] relativePath16074666038/tdata/tdata/D877F783D5D3EF8Cs
[2026-02-02T15:42:36+08:00][info] relativePath16074666038/tdata/tdata/D877F783D5D3EF8C
[2026-02-02T15:42:36+08:00][info] relativePath16074666038/tdata/tdata/D877F783D5D3EF8C/maps
[2026-02-02T15:42:36+08:00][info] relativePath16074666038/tdata/2FA.txt
[2026-02-02T15:42:36+08:00][info] /www/wwwroot/tdata.tgbota.top/public//uploads/admin/202601/6971e94ea480a/16158254860
[2026-02-02T15:42:36+08:00][info] relativePath16158254860/tdata/tdata
[2026-02-02T15:42:36+08:00][info] relativePath16158254860/tdata/tdata/key_datas
[2026-02-02T15:42:36+08:00][info] relativePath16158254860/tdata/tdata/D877F783D5D3EF8Cs
[2026-02-02T15:42:36+08:00][info] relativePath16158254860/tdata/tdata/D877F783D5D3EF8C
[2026-02-02T15:42:36+08:00][info] relativePath16158254860/tdata/tdata/D877F783D5D3EF8C/maps
[2026-02-02T15:42:36+08:00][info] relativePath16158254860/tdata/16158254860.json
[2026-02-02T15:42:36+08:00][info] relativePath16158254860/tdata/2FA.txt
[2026-02-02T15:42:36+08:00][info] relativePath16158254860/tdata/16158254860.session
[2026-02-02T15:42:36+08:00][info] /www/wwwroot/tdata.tgbota.top/public//uploads/admin/202601/6971e94ea480a/16099935602
[2026-02-02T15:42:36+08:00][info] relativePath16099935602/tdata/16099935602.session
[2026-02-02T15:42:36+08:00][info] relativePath16099935602/tdata/tdata
[2026-02-02T15:42:36+08:00][info] relativePath16099935602/tdata/tdata/key_datas
[2026-02-02T15:42:36+08:00][info] relativePath16099935602/tdata/tdata/D877F783D5D3EF8Cs
[2026-02-02T15:42:36+08:00][info] relativePath16099935602/tdata/tdata/D877F783D5D3EF8C
[2026-02-02T15:42:36+08:00][info] relativePath16099935602/tdata/tdata/D877F783D5D3EF8C/maps
[2026-02-02T15:42:36+08:00][info] relativePath16099935602/tdata/16099935602.json
[2026-02-02T15:42:36+08:00][info] relativePath16099935602/tdata/2FA.txt
[2026-02-02T15:42:36+08:00][info] /www/wwwroot/tdata.tgbota.top/public//uploads/admin/202601/6971e94ea480a/16099816963
[2026-02-02T15:42:36+08:00][info] relativePath16099816963/tdata/16099816963.session
[2026-02-02T15:42:36+08:00][info] relativePath16099816963/tdata/tdata
[2026-02-02T15:42:36+08:00][info] relativePath16099816963/tdata/tdata/key_datas
[2026-02-02T15:42:36+08:00][info] relativePath16099816963/tdata/tdata/D877F783D5D3EF8Cs
[2026-02-02T15:42:36+08:00][info] relativePath16099816963/tdata/tdata/D877F783D5D3EF8C
[2026-02-02T15:42:36+08:00][info] relativePath16099816963/tdata/tdata/D877F783D5D3EF8C/maps
[2026-02-02T15:42:36+08:00][info] relativePath16099816963/tdata/2FA.txt
[2026-02-02T15:42:36+08:00][info] relativePath16099816963/tdata/16099816963.json
[2026-02-02T15:42:36+08:00][info] /www/wwwroot/tdata.tgbota.top/public//uploads/admin/202601/6971e94ea480a/16097402559
[2026-02-02T15:42:36+08:00][info] relativePath16097402559/tdata/tdata
[2026-02-02T15:42:36+08:00][info] relativePath16097402559/tdata/tdata/key_datas
[2026-02-02T15:42:36+08:00][info] relativePath16097402559/tdata/tdata/D877F783D5D3EF8Cs
[2026-02-02T15:42:36+08:00][info] relativePath16097402559/tdata/tdata/D877F783D5D3EF8C
[2026-02-02T15:42:36+08:00][info] relativePath16097402559/tdata/tdata/D877F783D5D3EF8C/maps
[2026-02-02T15:42:36+08:00][info] relativePath16097402559/tdata/16097402559.json
[2026-02-02T15:42:36+08:00][info] relativePath16097402559/tdata/16097402559.session
[2026-02-02T15:42:36+08:00][info] relativePath16097402559/tdata/2FA.txt
[2026-02-02T15:42:36+08:00][info] /www/wwwroot/tdata.tgbota.top/public//uploads/admin/202601/6971e94ea480a/16074863930
[2026-02-02T15:42:36+08:00][info] relativePath16074863930/tdata/tdata
[2026-02-02T15:42:36+08:00][info] relativePath16074863930/tdata/tdata/key_datas
[2026-02-02T15:42:36+08:00][info] relativePath16074863930/tdata/tdata/D877F783D5D3EF8Cs
[2026-02-02T15:42:36+08:00][info] relativePath16074863930/tdata/tdata/D877F783D5D3EF8C
[2026-02-02T15:42:36+08:00][info] relativePath16074863930/tdata/tdata/D877F783D5D3EF8C/maps
[2026-02-02T15:42:36+08:00][info] relativePath16074863930/tdata/16074863930.json
[2026-02-02T15:42:36+08:00][info] relativePath16074863930/tdata/2FA.txt
[2026-02-02T15:42:36+08:00][info] relativePath16074863930/tdata/16074863930.session
[2026-02-02T15:42:36+08:00][info] /www/wwwroot/tdata.tgbota.top/public//uploads/admin/202601/6971e94ea480a/16073903254
[2026-02-02T15:42:36+08:00][info] relativePath16073903254/tdata/tdata
[2026-02-02T15:42:36+08:00][info] relativePath16073903254/tdata/tdata/key_datas
[2026-02-02T15:42:36+08:00][info] relativePath16073903254/tdata/tdata/D877F783D5D3EF8Cs
[2026-02-02T15:42:36+08:00][info] relativePath16073903254/tdata/tdata/D877F783D5D3EF8C
[2026-02-02T15:42:36+08:00][info] relativePath16073903254/tdata/tdata/D877F783D5D3EF8C/maps
[2026-02-02T15:42:36+08:00][info] relativePath16073903254/tdata/16073903254.json
[2026-02-02T15:42:36+08:00][info] relativePath16073903254/tdata/2FA.txt
[2026-02-02T15:42:36+08:00][info] relativePath16073903254/tdata/16073903254.session
[2026-02-02T15:44:45+08:00][info] /www/wwwroot/tdata.tgbota.top/public//uploads/admin/202601/6971e94ea480a/16156946423
[2026-02-02T15:44:45+08:00][info] relativePath16156946423/16156946423.session
[2026-02-02T15:44:45+08:00][info] relativePath16156946423/tdata
[2026-02-02T15:44:45+08:00][info] relativePath16156946423/tdata/key_datas
[2026-02-02T15:44:45+08:00][info] relativePath16156946423/tdata/D877F783D5D3EF8Cs
[2026-02-02T15:44:45+08:00][info] relativePath16156946423/tdata/D877F783D5D3EF8C
[2026-02-02T15:44:45+08:00][info] relativePath16156946423/tdata/D877F783D5D3EF8C/maps
[2026-02-02T15:44:45+08:00][info] relativePath16156946423/16156946423.json
[2026-02-02T15:44:45+08:00][info] relativePath16156946423/2FA.txt
[2026-02-02T15:44:45+08:00][info] /www/wwwroot/tdata.tgbota.top/public//uploads/admin/202601/6971e94ea480a/16066676617
[2026-02-02T15:44:45+08:00][info] relativePath16066676617/16066676617.session
[2026-02-02T15:44:45+08:00][info] relativePath16066676617/tdata
[2026-02-02T15:44:45+08:00][info] relativePath16066676617/tdata/key_datas
[2026-02-02T15:44:45+08:00][info] relativePath16066676617/tdata/D877F783D5D3EF8Cs
[2026-02-02T15:44:45+08:00][info] relativePath16066676617/tdata/D877F783D5D3EF8C
[2026-02-02T15:44:45+08:00][info] relativePath16066676617/tdata/D877F783D5D3EF8C/maps
[2026-02-02T15:44:45+08:00][info] relativePath16066676617/2FA.txt
[2026-02-02T15:44:45+08:00][info] relativePath16066676617/16066676617.json
[2026-02-02T15:44:45+08:00][info] /www/wwwroot/tdata.tgbota.top/public//uploads/admin/202601/6971e94ea480a/16108857274
[2026-02-02T15:44:45+08:00][info] relativePath16108857274/tdata
[2026-02-02T15:44:45+08:00][info] relativePath16108857274/tdata/key_datas
[2026-02-02T15:44:45+08:00][info] relativePath16108857274/tdata/D877F783D5D3EF8Cs
[2026-02-02T15:44:45+08:00][info] relativePath16108857274/tdata/D877F783D5D3EF8C
[2026-02-02T15:44:45+08:00][info] relativePath16108857274/tdata/D877F783D5D3EF8C/maps
[2026-02-02T15:44:45+08:00][info] relativePath16108857274/16108857274.json
[2026-02-02T15:44:45+08:00][info] relativePath16108857274/2FA.txt
[2026-02-02T15:44:45+08:00][info] relativePath16108857274/16108857274.session
[2026-02-02T15:44:45+08:00][info] /www/wwwroot/tdata.tgbota.top/public//uploads/admin/202601/6971e94ea480a/16156947078
[2026-02-02T15:44:45+08:00][info] relativePath16156947078/tdata
[2026-02-02T15:44:45+08:00][info] relativePath16156947078/tdata/key_datas
[2026-02-02T15:44:45+08:00][info] relativePath16156947078/tdata/D877F783D5D3EF8Cs
[2026-02-02T15:44:45+08:00][info] relativePath16156947078/tdata/D877F783D5D3EF8C
[2026-02-02T15:44:45+08:00][info] relativePath16156947078/tdata/D877F783D5D3EF8C/maps
[2026-02-02T15:44:45+08:00][info] relativePath16156947078/16156947078.json
[2026-02-02T15:44:45+08:00][info] relativePath16156947078/16156947078.session
[2026-02-02T15:44:45+08:00][info] relativePath16156947078/2FA.txt
[2026-02-02T15:44:45+08:00][info] /www/wwwroot/tdata.tgbota.top/public//uploads/admin/202601/6971e94ea480a/16067528545
[2026-02-02T15:44:45+08:00][info] relativePath16067528545/16067528545.session
[2026-02-02T15:44:45+08:00][info] relativePath16067528545/tdata
[2026-02-02T15:44:45+08:00][info] relativePath16067528545/tdata/key_datas
[2026-02-02T15:44:45+08:00][info] relativePath16067528545/tdata/D877F783D5D3EF8Cs
[2026-02-02T15:44:45+08:00][info] relativePath16067528545/tdata/D877F783D5D3EF8C
[2026-02-02T15:44:45+08:00][info] relativePath16067528545/tdata/D877F783D5D3EF8C/maps
[2026-02-02T15:44:45+08:00][info] relativePath16067528545/2FA.txt
[2026-02-02T15:44:45+08:00][info] relativePath16067528545/16067528545.json
[2026-02-02T15:44:45+08:00][info] /www/wwwroot/tdata.tgbota.top/public//uploads/admin/202601/6971e94ea480a/16099826570
[2026-02-02T15:44:45+08:00][info] relativePath16099826570/tdata
[2026-02-02T15:44:45+08:00][info] relativePath16099826570/tdata/key_datas
[2026-02-02T15:44:45+08:00][info] relativePath16099826570/tdata/D877F783D5D3EF8Cs
[2026-02-02T15:44:45+08:00][info] relativePath16099826570/tdata/D877F783D5D3EF8C
[2026-02-02T15:44:45+08:00][info] relativePath16099826570/tdata/D877F783D5D3EF8C/maps
[2026-02-02T15:44:45+08:00][info] relativePath16099826570/2FA.txt
[2026-02-02T15:44:45+08:00][info] relativePath16099826570/16099826570.session
[2026-02-02T15:44:45+08:00][info] relativePath16099826570/16099826570.json
[2026-02-02T15:44:45+08:00][info] /www/wwwroot/tdata.tgbota.top/public//uploads/admin/202601/6971e94ea480a/16077418636
[2026-02-02T15:44:45+08:00][info] relativePath16077418636/tdata
[2026-02-02T15:44:45+08:00][info] relativePath16077418636/tdata/key_datas
[2026-02-02T15:44:45+08:00][info] relativePath16077418636/tdata/D877F783D5D3EF8Cs
[2026-02-02T15:44:45+08:00][info] relativePath16077418636/tdata/D877F783D5D3EF8C
[2026-02-02T15:44:45+08:00][info] relativePath16077418636/tdata/D877F783D5D3EF8C/maps
[2026-02-02T15:44:45+08:00][info] relativePath16077418636/16077418636.session
[2026-02-02T15:44:45+08:00][info] relativePath16077418636/2FA.txt
[2026-02-02T15:44:45+08:00][info] relativePath16077418636/16077418636.json
[2026-02-02T15:44:45+08:00][info] /www/wwwroot/tdata.tgbota.top/public//uploads/admin/202601/6971e94ea480a/16108171893
[2026-02-02T15:44:45+08:00][info] relativePath16108171893/16108171893.json
[2026-02-02T15:44:45+08:00][info] relativePath16108171893/tdata
[2026-02-02T15:44:45+08:00][info] relativePath16108171893/tdata/key_datas
[2026-02-02T15:44:45+08:00][info] relativePath16108171893/tdata/D877F783D5D3EF8Cs
[2026-02-02T15:44:45+08:00][info] relativePath16108171893/tdata/D877F783D5D3EF8C
[2026-02-02T15:44:45+08:00][info] relativePath16108171893/tdata/D877F783D5D3EF8C/maps
[2026-02-02T15:44:45+08:00][info] relativePath16108171893/16108171893.session
[2026-02-02T15:44:45+08:00][info] relativePath16108171893/2FA.txt
[2026-02-02T15:44:45+08:00][info] /www/wwwroot/tdata.tgbota.top/public//uploads/admin/202601/6971e94ea480a/16099935062
[2026-02-02T15:44:45+08:00][info] relativePath16099935062/tdata
[2026-02-02T15:44:45+08:00][info] relativePath16099935062/tdata/key_datas
[2026-02-02T15:44:45+08:00][info] relativePath16099935062/tdata/D877F783D5D3EF8Cs
[2026-02-02T15:44:45+08:00][info] relativePath16099935062/tdata/D877F783D5D3EF8C
[2026-02-02T15:44:45+08:00][info] relativePath16099935062/tdata/D877F783D5D3EF8C/maps
[2026-02-02T15:44:45+08:00][info] relativePath16099935062/16099935062.json
[2026-02-02T15:44:45+08:00][info] relativePath16099935062/16099935062.session
[2026-02-02T15:44:45+08:00][info] relativePath16099935062/2FA.txt
[2026-02-02T15:44:45+08:00][info] /www/wwwroot/tdata.tgbota.top/public//uploads/admin/202601/6971e94ea480a/16074863685
[2026-02-02T15:44:45+08:00][info] relativePath16074863685/16074863685.json
[2026-02-02T15:44:45+08:00][info] relativePath16074863685/tdata
[2026-02-02T15:44:45+08:00][info] relativePath16074863685/tdata/key_datas
[2026-02-02T15:44:45+08:00][info] relativePath16074863685/tdata/D877F783D5D3EF8Cs
[2026-02-02T15:44:45+08:00][info] relativePath16074863685/tdata/D877F783D5D3EF8C
[2026-02-02T15:44:45+08:00][info] relativePath16074863685/tdata/D877F783D5D3EF8C/maps
[2026-02-02T15:44:45+08:00][info] relativePath16074863685/16074863685.session
[2026-02-02T15:44:45+08:00][info] relativePath16074863685/2FA.txt
[2026-02-02T15:44:45+08:00][info] /www/wwwroot/tdata.tgbota.top/public//uploads/admin/202601/6971e94ea480a/16079468201
[2026-02-02T15:44:45+08:00][info] relativePath16079468201/tdata
[2026-02-02T15:44:45+08:00][info] relativePath16079468201/tdata/key_datas
[2026-02-02T15:44:45+08:00][info] relativePath16079468201/tdata/D877F783D5D3EF8Cs
[2026-02-02T15:44:45+08:00][info] relativePath16079468201/tdata/D877F783D5D3EF8C
[2026-02-02T15:44:45+08:00][info] relativePath16079468201/tdata/D877F783D5D3EF8C/maps
[2026-02-02T15:44:45+08:00][info] relativePath16079468201/16079468201.session
[2026-02-02T15:44:45+08:00][info] relativePath16079468201/2FA.txt
[2026-02-02T15:44:45+08:00][info] relativePath16079468201/16079468201.json
[2026-02-02T15:44:45+08:00][info] /www/wwwroot/tdata.tgbota.top/public//uploads/admin/202601/6971e94ea480a/16096067724
[2026-02-02T15:44:45+08:00][info] relativePath16096067724/tdata
[2026-02-02T15:44:45+08:00][info] relativePath16096067724/tdata/key_datas
[2026-02-02T15:44:45+08:00][info] relativePath16096067724/tdata/D877F783D5D3EF8Cs
[2026-02-02T15:44:45+08:00][info] relativePath16096067724/tdata/D877F783D5D3EF8C
[2026-02-02T15:44:45+08:00][info] relativePath16096067724/tdata/D877F783D5D3EF8C/maps
[2026-02-02T15:44:45+08:00][info] relativePath16096067724/16096067724.session
[2026-02-02T15:44:45+08:00][info] relativePath16096067724/2FA.txt
[2026-02-02T15:44:45+08:00][info] relativePath16096067724/16096067724.json
[2026-02-02T15:44:45+08:00][info] /www/wwwroot/tdata.tgbota.top/public//uploads/admin/202601/6971e94ea480a/16109567221
[2026-02-02T15:44:45+08:00][info] relativePath16109567221/16109567221.session
[2026-02-02T15:44:45+08:00][info] relativePath16109567221/tdata
[2026-02-02T15:44:45+08:00][info] relativePath16109567221/tdata/key_datas
[2026-02-02T15:44:45+08:00][info] relativePath16109567221/tdata/D877F783D5D3EF8Cs
[2026-02-02T15:44:45+08:00][info] relativePath16109567221/tdata/D877F783D5D3EF8C
[2026-02-02T15:44:45+08:00][info] relativePath16109567221/tdata/D877F783D5D3EF8C/maps
[2026-02-02T15:44:45+08:00][info] relativePath16109567221/16109567221.json
[2026-02-02T15:44:45+08:00][info] relativePath16109567221/2FA.txt
[2026-02-02T15:44:45+08:00][info] /www/wwwroot/tdata.tgbota.top/public//uploads/admin/202601/6971e94ea480a/16074666038
[2026-02-02T15:44:45+08:00][info] relativePath16074666038/16074666038.session
[2026-02-02T15:44:45+08:00][info] relativePath16074666038/16074666038.json
[2026-02-02T15:44:45+08:00][info] relativePath16074666038/tdata
[2026-02-02T15:44:45+08:00][info] relativePath16074666038/tdata/key_datas
[2026-02-02T15:44:45+08:00][info] relativePath16074666038/tdata/D877F783D5D3EF8Cs
[2026-02-02T15:44:45+08:00][info] relativePath16074666038/tdata/D877F783D5D3EF8C
[2026-02-02T15:44:45+08:00][info] relativePath16074666038/tdata/D877F783D5D3EF8C/maps
[2026-02-02T15:44:45+08:00][info] relativePath16074666038/2FA.txt
[2026-02-02T15:44:45+08:00][info] /www/wwwroot/tdata.tgbota.top/public//uploads/admin/202601/6971e94ea480a/16158254860
[2026-02-02T15:44:45+08:00][info] relativePath16158254860/tdata
[2026-02-02T15:44:45+08:00][info] relativePath16158254860/tdata/key_datas
[2026-02-02T15:44:45+08:00][info] relativePath16158254860/tdata/D877F783D5D3EF8Cs
[2026-02-02T15:44:45+08:00][info] relativePath16158254860/tdata/D877F783D5D3EF8C
[2026-02-02T15:44:45+08:00][info] relativePath16158254860/tdata/D877F783D5D3EF8C/maps
[2026-02-02T15:44:45+08:00][info] relativePath16158254860/16158254860.json
[2026-02-02T15:44:45+08:00][info] relativePath16158254860/2FA.txt
[2026-02-02T15:44:45+08:00][info] relativePath16158254860/16158254860.session
[2026-02-02T15:44:45+08:00][info] /www/wwwroot/tdata.tgbota.top/public//uploads/admin/202601/6971e94ea480a/16099935602
[2026-02-02T15:44:45+08:00][info] relativePath16099935602/16099935602.session
[2026-02-02T15:44:45+08:00][info] relativePath16099935602/tdata
[2026-02-02T15:44:45+08:00][info] relativePath16099935602/tdata/key_datas
[2026-02-02T15:44:45+08:00][info] relativePath16099935602/tdata/D877F783D5D3EF8Cs
[2026-02-02T15:44:45+08:00][info] relativePath16099935602/tdata/D877F783D5D3EF8C
[2026-02-02T15:44:45+08:00][info] relativePath16099935602/tdata/D877F783D5D3EF8C/maps
[2026-02-02T15:44:45+08:00][info] relativePath16099935602/16099935602.json
[2026-02-02T15:44:45+08:00][info] relativePath16099935602/2FA.txt
[2026-02-02T15:44:45+08:00][info] /www/wwwroot/tdata.tgbota.top/public//uploads/admin/202601/6971e94ea480a/16099816963
[2026-02-02T15:44:45+08:00][info] relativePath16099816963/16099816963.session
[2026-02-02T15:44:45+08:00][info] relativePath16099816963/tdata
[2026-02-02T15:44:45+08:00][info] relativePath16099816963/tdata/key_datas
[2026-02-02T15:44:45+08:00][info] relativePath16099816963/tdata/D877F783D5D3EF8Cs
[2026-02-02T15:44:45+08:00][info] relativePath16099816963/tdata/D877F783D5D3EF8C
[2026-02-02T15:44:45+08:00][info] relativePath16099816963/tdata/D877F783D5D3EF8C/maps
[2026-02-02T15:44:45+08:00][info] relativePath16099816963/2FA.txt
[2026-02-02T15:44:45+08:00][info] relativePath16099816963/16099816963.json
[2026-02-02T15:44:45+08:00][info] /www/wwwroot/tdata.tgbota.top/public//uploads/admin/202601/6971e94ea480a/16097402559
[2026-02-02T15:44:45+08:00][info] relativePath16097402559/tdata
[2026-02-02T15:44:45+08:00][info] relativePath16097402559/tdata/key_datas
[2026-02-02T15:44:45+08:00][info] relativePath16097402559/tdata/D877F783D5D3EF8Cs
[2026-02-02T15:44:45+08:00][info] relativePath16097402559/tdata/D877F783D5D3EF8C
[2026-02-02T15:44:45+08:00][info] relativePath16097402559/tdata/D877F783D5D3EF8C/maps
[2026-02-02T15:44:45+08:00][info] relativePath16097402559/16097402559.json
[2026-02-02T15:44:45+08:00][info] relativePath16097402559/16097402559.session
[2026-02-02T15:44:45+08:00][info] relativePath16097402559/2FA.txt
[2026-02-02T15:44:45+08:00][info] /www/wwwroot/tdata.tgbota.top/public//uploads/admin/202601/6971e94ea480a/16074863930
[2026-02-02T15:44:45+08:00][info] relativePath16074863930/tdata
[2026-02-02T15:44:45+08:00][info] relativePath16074863930/tdata/key_datas
[2026-02-02T15:44:45+08:00][info] relativePath16074863930/tdata/D877F783D5D3EF8Cs
[2026-02-02T15:44:45+08:00][info] relativePath16074863930/tdata/D877F783D5D3EF8C
[2026-02-02T15:44:45+08:00][info] relativePath16074863930/tdata/D877F783D5D3EF8C/maps
[2026-02-02T15:44:45+08:00][info] relativePath16074863930/16074863930.json
[2026-02-02T15:44:45+08:00][info] relativePath16074863930/2FA.txt
[2026-02-02T15:44:45+08:00][info] relativePath16074863930/16074863930.session
[2026-02-02T15:44:45+08:00][info] /www/wwwroot/tdata.tgbota.top/public//uploads/admin/202601/6971e94ea480a/16073903254
[2026-02-02T15:44:45+08:00][info] relativePath16073903254/tdata
[2026-02-02T15:44:45+08:00][info] relativePath16073903254/tdata/key_datas
[2026-02-02T15:44:45+08:00][info] relativePath16073903254/tdata/D877F783D5D3EF8Cs
[2026-02-02T15:44:45+08:00][info] relativePath16073903254/tdata/D877F783D5D3EF8C
[2026-02-02T15:44:45+08:00][info] relativePath16073903254/tdata/D877F783D5D3EF8C/maps
[2026-02-02T15:44:45+08:00][info] relativePath16073903254/16073903254.json
[2026-02-02T15:44:45+08:00][info] relativePath16073903254/2FA.txt
[2026-02-02T15:44:45+08:00][info] relativePath16073903254/16073903254.session
[2026-02-02T17:28:51+08:00][info] 任务停止: ID=28, 名称=555
[2026-02-02T17:28:54+08:00][info] 任务停止: ID=25, 名称=测试222
[2026-02-02T21:29:14+08:00][warning] [checkAccount] 以下账号 session 不存在: 2379,2380,2381,2382,2383,2384,2385,2386,2387,2388,2389,2390,2391,2392,2393,2394,2395,2396,2397,2398,2399,2400,2401,2402,2403,2404,2405,2406,2407,2408
[2026-02-02T21:29:46+08:00][info] [telegram队列] 批次:  耗时=0秒
[2026-02-02T21:31:34+08:00][info] [telegram队列] 批次:  耗时=0秒
[2026-02-02T21:37:42+08:00][info] [telegram队列] 批次:  耗时=0.01秒
[2026-02-02T21:46:43+08:00][info] 用户归档缓存已强制从数据库更新，共处理 20 个用户
[2026-02-02T21:47:12+08:00][info] 用户归档缓存已强制从数据库更新，共处理 20 个用户
[2026-02-02T21:47:22+08:00][info] [telegram队列] 批次:  耗时=0秒
[2026-02-02T21:48:06+08:00][info] 用户归档缓存已强制从数据库更新，共处理 3 个用户
[2026-02-02T21:48:24+08:00][info] 用户归档缓存已强制从数据库更新，共处理 3 个用户
[2026-02-02T21:48:30+08:00][info] [telegram队列] 批次:  耗时=0秒
[2026-02-02T22:12:08+08:00][info] 任务开始: ID=25, 名称=测试222
[2026-02-02T22:12:12+08:00][info] 任务开始: ID=26, 名称=测试111
[2026-02-02T22:12:16+08:00][info] 任务开始: ID=27, 名称=3333
[2026-02-02T22:12:21+08:00][info] 任务开始: ID=31, 名称=666
[2026-02-02T22:12:25+08:00][info] 任务开始: ID=29, 名称=5
[2026-02-02T22:12:28+08:00][info] 任务开始: ID=28, 名称=555
[2026-02-02T22:12:36+08:00][info] 任务开始: ID=25, 名称=测试222
[2026-02-02T22:18:52+08:00][info] 任务开始: ID=25, 名称=测试222
[2026-02-02T22:19:03+08:00][info] 任务开始: ID=26, 名称=测试111
[2026-02-02T22:19:07+08:00][info] 任务开始: ID=27, 名称=3333
[2026-02-02T22:19:10+08:00][info] 任务开始: ID=28, 名称=555
[2026-02-02T22:19:13+08:00][info] 任务开始: ID=29, 名称=5
[2026-02-02T22:19:17+08:00][info] 任务开始: ID=31, 名称=666
[2026-02-02T22:22:56+08:00][error] [0]think\db\PDOConnection::pdoQuery(): Return value must be of type array, bool returned[/www/wwwroot/tdata.tgbota.top/vendor/topthink/think-orm/src/db/PDOConnection.php:729]
[2026-02-02T22:22:56+08:00][error] [0]think\db\PDOConnection::pdoQuery(): Return value must be of type array, bool returned[/www/wwwroot/tdata.tgbota.top/vendor/topthink/think-orm/src/db/PDOConnection.php:729]
[2026-02-02T22:24:23+08:00][error] [0]think\db\PDOConnection::pdoQuery(): Return value must be of type array, bool returned[/www/wwwroot/tdata.tgbota.top/vendor/topthink/think-orm/src/db/PDOConnection.php:729]
[2026-02-02T22:24:24+08:00][error] [0]think\db\PDOConnection::pdoQuery(): Return value must be of type array, bool returned[/www/wwwroot/tdata.tgbota.top/vendor/topthink/think-orm/src/db/PDOConnection.php:729]
[2026-02-02T22:26:27+08:00][info] 任务停止: ID=31, 名称=666
[2026-02-02T22:26:29+08:00][info] 任务停止: ID=29, 名称=5
[2026-02-02T22:26:31+08:00][info] 任务停止: ID=28, 名称=555
[2026-02-02T22:26:34+08:00][info] 任务停止: ID=27, 名称=3333
[2026-02-02T22:26:36+08:00][info] 任务停止: ID=26, 名称=测试111
[2026-02-02T22:26:38+08:00][info] 任务停止: ID=25, 名称=测试222
[2026-02-02T22:27:37+08:00][info] 任务开始: ID=31, 名称=666
[2026-02-02T22:27:41+08:00][info] 任务开始: ID=29, 名称=5
[2026-02-02T22:29:05+08:00][info] 任务停止: ID=29, 名称=5
[2026-02-02T22:29:07+08:00][info] 任务停止: ID=31, 名称=666
[2026-02-02T22:29:50+08:00][info] 任务开始: ID=31, 名称=666
[2026-02-02T22:30:06+08:00][info] 任务开始: ID=29, 名称=5
[2026-02-02T22:30:09+08:00][info] 任务开始: ID=28, 名称=555
[2026-02-02T22:30:13+08:00][info] 任务开始: ID=27, 名称=3333
[2026-02-02T22:30:16+08:00][info] 任务开始: ID=26, 名称=测试111
[2026-02-02T22:30:19+08:00][info] 任务开始: ID=25, 名称=测试222
[2026-02-02T23:05:05+08:00][info] 任务停止: ID=28, 名称=555
[2026-02-02T23:05:56+08:00][info] 任务停止: ID=29, 名称=5
[2026-02-02T23:06:50+08:00][info] 任务开始: ID=29, 名称=5
[2026-02-02T23:06:56+08:00][info] 任务开始: ID=28, 名称=555
[2026-02-02T23:17:45+08:00][info] 任务停止: ID=28, 名称=555
[2026-02-02T23:18:16+08:00][info] 任务开始: ID=28, 名称=555
[2026-02-02T23:21:11+08:00][info] 任务停止: ID=29, 名称=5
[2026-02-02T23:49:17+08:00][info] 任务停止: ID=31, 名称=666
[2026-02-02T23:49:19+08:00][info] 任务停止: ID=28, 名称=555
[2026-02-02T23:49:22+08:00][info] 任务停止: ID=27, 名称=3333
[2026-02-02T23:49:24+08:00][info] 任务停止: ID=26, 名称=测试111
[2026-02-02T23:49:27+08:00][info] 任务停止: ID=25, 名称=测试222
