[2026-02-06T00:09:23+08:00][info] /www/wwwroot/tdata.tgbota.top/public//uploads/admin/202601/6971e94ea480a/16106025209
[2026-02-06T00:09:23+08:00][info] /www/wwwroot/tdata.tgbota.top/public//uploads/admin/202601/6971e94ea480a/16066986761
[2026-02-06T00:09:23+08:00][info] /www/wwwroot/tdata.tgbota.top/public//uploads/admin/202601/6971e94ea480a/16074866148
[2026-02-06T00:09:23+08:00][info] /www/wwwroot/tdata.tgbota.top/public//uploads/admin/202601/6971e94ea480a/16074063528
[2026-02-06T00:09:23+08:00][info] /www/wwwroot/tdata.tgbota.top/public//uploads/admin/202601/6971e94ea480a/16097106571
[2026-02-06T00:09:23+08:00][info] /www/wwwroot/tdata.tgbota.top/public//uploads/admin/202601/6971e94ea480a/16107445273
[2026-02-06T00:09:23+08:00][info] /www/wwwroot/tdata.tgbota.top/public//uploads/admin/202601/6971e94ea480a/16067136505
[2026-02-06T00:09:23+08:00][info] /www/wwwroot/tdata.tgbota.top/public//uploads/admin/202601/6971e94ea480a/16077062827
[2026-02-06T00:09:23+08:00][info] /www/wwwroot/tdata.tgbota.top/public//uploads/admin/202601/6971e94ea480a/16099934313
[2026-02-06T00:09:23+08:00][info] /www/wwwroot/tdata.tgbota.top/public//uploads/admin/202601/6971e94ea480a/16158256320
[2026-02-06T00:09:23+08:00][info] /www/wwwroot/tdata.tgbota.top/public//uploads/admin/202601/6971e94ea480a/16076990942
[2026-02-06T00:09:23+08:00][info] /www/wwwroot/tdata.tgbota.top/public//uploads/admin/202601/6971e94ea480a/16073903608
[2026-02-06T00:09:23+08:00][info] /www/wwwroot/tdata.tgbota.top/public//uploads/admin/202601/6971e94ea480a/16157047502
[2026-02-06T00:09:23+08:00][info] /www/wwwroot/tdata.tgbota.top/public//uploads/admin/202601/6971e94ea480a/16158059721
[2026-02-06T00:09:23+08:00][info] /www/wwwroot/tdata.tgbota.top/public//uploads/admin/202601/6971e94ea480a/16095642931
[2026-02-06T00:09:23+08:00][info] /www/wwwroot/tdata.tgbota.top/public//uploads/admin/202601/6971e94ea480a/16158257634
[2026-02-06T00:09:23+08:00][info] /www/wwwroot/tdata.tgbota.top/public//uploads/admin/202601/6971e94ea480a/16099983993
[2026-02-06T00:09:23+08:00][info] /www/wwwroot/tdata.tgbota.top/public//uploads/admin/202601/6971e94ea480a/16109564504
[2026-02-06T00:09:23+08:00][info] /www/wwwroot/tdata.tgbota.top/public//uploads/admin/202601/6971e94ea480a/16099935565
[2026-02-06T00:09:23+08:00][info] /www/wwwroot/tdata.tgbota.top/public//uploads/admin/202601/6971e94ea480a/16079028710
[2026-02-06T00:30:17+08:00][info] 任务停止: ID=31, 名称=666
[2026-02-06T00:30:20+08:00][info] 任务停止: ID=29, 名称=5
[2026-02-06T00:30:22+08:00][info] 任务停止: ID=28, 名称=555
[2026-02-06T00:30:26+08:00][info] 任务停止: ID=27, 名称=3333
[2026-02-06T00:30:28+08:00][info] 任务停止: ID=26, 名称=测试111
[2026-02-06T00:30:31+08:00][info] 任务停止: ID=25, 名称=测试222
[2026-02-06T15:30:49+08:00][info] [telegram队列] 批次:  耗时=0秒
[2026-02-06T15:43:41+08:00][info] [telegram队列] 批次:  耗时=0秒
[2026-02-06T15:44:22+08:00][info] [telegram队列] 批次:  耗时=0.01秒
[2026-02-06T15:45:24+08:00][info] 任务开始: ID=25, 名称=测试222
[2026-02-06T15:45:41+08:00][info] 任务停止: ID=25, 名称=测试222
[2026-02-06T15:50:18+08:00][info] [telegram队列] 批次:  耗时=0秒
[2026-02-06T15:57:36+08:00][info] [telegram队列] 批次:  耗时=0秒
[2026-02-06T16:01:55+08:00][info] [telegram队列] 批次:  耗时=0秒
[2026-02-06T16:21:20+08:00][info] [telegram队列] 批次:  耗时=0秒
[2026-02-06T16:23:54+08:00][info] [telegram队列] 批次:  耗时=0.01秒
[2026-02-06T16:24:56+08:00][info] 任务开始: ID=25, 名称=测试222
[2026-02-06T16:25:00+08:00][info] 任务开始: ID=26, 名称=测试111
[2026-02-06T16:25:03+08:00][info] 任务开始: ID=27, 名称=3333
[2026-02-06T16:25:07+08:00][info] 任务开始: ID=28, 名称=555
[2026-02-06T16:25:10+08:00][info] 任务开始: ID=29, 名称=5
[2026-02-06T16:25:13+08:00][info] 任务开始: ID=31, 名称=666
