[2026-02-08T05:08:08+08:00][info] 任务开始: ID=37, 名称=二1
[2026-02-08T05:08:47+08:00][info] [telegram队列] 批次:  耗时=0秒
[2026-02-08T05:09:02+08:00][info] 任务开始: ID=37, 名称=二1
[2026-02-08T05:09:10+08:00][info] 任务开始: ID=37, 名称=二1
[2026-02-08T05:09:14+08:00][info] 任务开始: ID=36, 名称=二2
[2026-02-08T05:09:18+08:00][info] 任务开始: ID=35, 名称=二3
[2026-02-08T05:09:22+08:00][info] 任务开始: ID=34, 名称=二4
[2026-02-08T05:09:30+08:00][info] 任务开始: ID=33, 名称=二5
[2026-02-08T05:09:34+08:00][info] 任务开始: ID=32, 名称=二6
[2026-02-08T05:42:21+08:00][info] https://tdata.tgbota.top
[2026-02-08T05:42:21+08:00][info] /uploads
[2026-02-08T05:42:24+08:00][info] /www/wwwroot/tdata.tgbota.top/public/uploads/admin/202602/6987b1bd3b834.txt
[2026-02-08T05:42:33+08:00][info] https://tdata.tgbota.top
[2026-02-08T05:42:33+08:00][info] /uploads
[2026-02-08T05:42:34+08:00][info] /www/wwwroot/tdata.tgbota.top/public/uploads/admin/202602/6987b1c95de5d.txt
[2026-02-08T06:02:22+08:00][info] 任务停止: ID=27, 名称=3333
[2026-02-08T06:02:35+08:00][info] 任务开始: ID=27, 名称=3333
[2026-02-08T14:37:09+08:00][error] 错误信息:controller not exists:app\admin\controller\Env
[2026-02-08T14:37:14+08:00][error] 错误信息:controller not exists:app\admin\controller\Config
[2026-02-08T22:04:10+08:00][info] 任务开始: ID=28, 名称=555
[2026-02-08T22:04:57+08:00][info] 任务开始: ID=25, 名称=测试222
[2026-02-08T22:04:57+08:00][info] 任务开始: ID=26, 名称=测试111
[2026-02-08T22:04:58+08:00][info] 任务开始: ID=27, 名称=3333
[2026-02-08T22:04:58+08:00][info] 任务开始: ID=29, 名称=5
[2026-02-08T22:04:59+08:00][info] 任务开始: ID=31, 名称=666
[2026-02-08T22:05:04+08:00][info] 任务开始: ID=33, 名称=二5
[2026-02-08T22:05:04+08:00][info] 任务开始: ID=34, 名称=二4
[2026-02-08T22:05:05+08:00][info] 任务开始: ID=32, 名称=二6
[2026-02-08T22:05:06+08:00][info] 任务开始: ID=35, 名称=二3
[2026-02-08T22:05:11+08:00][info] 任务开始: ID=36, 名称=二2
[2026-02-08T22:05:16+08:00][info] 任务开始: ID=37, 名称=二1
[2026-02-08T22:09:38+08:00][error] [0]think\db\PDOConnection::pdoQuery(): Return value must be of type array, bool returned[/www/wwwroot/tdata.tgbota.top/vendor/topthink/think-orm/src/db/PDOConnection.php:729]
[2026-02-08T22:13:18+08:00][info] [telegram队列] 批次:  耗时=0秒
[2026-02-08T22:13:50+08:00][info] [telegram队列] 批次:  耗时=0秒
[2026-02-08T22:14:09+08:00][info] 任务开始: ID=31, 名称=666
[2026-02-08T22:14:13+08:00][info] 任务开始: ID=29, 名称=5
[2026-02-08T22:14:16+08:00][info] 任务开始: ID=28, 名称=555
[2026-02-08T22:14:22+08:00][info] 任务开始: ID=27, 名称=3333
[2026-02-08T22:14:27+08:00][info] 任务开始: ID=26, 名称=测试111
[2026-02-08T22:14:32+08:00][info] 任务开始: ID=25, 名称=测试222
[2026-02-08T22:14:41+08:00][info] 任务开始: ID=25, 名称=测试222
[2026-02-08T22:15:14+08:00][info] 任务开始: ID=25, 名称=测试222
[2026-02-08T22:16:08+08:00][info] 任务开始: ID=25, 名称=测试222
[2026-02-08T22:16:47+08:00][info] 任务开始: ID=33, 名称=二5
[2026-02-08T22:17:26+08:00][info] [telegram队列] 批次:  耗时=0秒
[2026-02-08T22:17:42+08:00][info] 任务开始: ID=37, 名称=二1
[2026-02-08T22:17:46+08:00][info] 任务开始: ID=35, 名称=二3
[2026-02-08T22:17:51+08:00][info] 任务开始: ID=34, 名称=二4
[2026-02-08T22:17:55+08:00][info] 任务开始: ID=33, 名称=二5
[2026-02-08T22:17:59+08:00][info] 任务开始: ID=37, 名称=二1
[2026-02-08T22:19:37+08:00][info] [telegram队列] 批次:  耗时=0秒
[2026-02-08T22:20:02+08:00][info] [telegram队列] 批次:  耗时=0秒
[2026-02-08T22:20:28+08:00][info] 任务开始: ID=37, 名称=二1
[2026-02-08T22:20:32+08:00][info] 任务开始: ID=35, 名称=二3
[2026-02-08T22:20:36+08:00][info] 任务开始: ID=32, 名称=二6
[2026-02-08T22:20:40+08:00][info] 任务开始: ID=31, 名称=666
[2026-02-08T22:20:44+08:00][info] 任务开始: ID=29, 名称=5
[2026-02-08T22:20:48+08:00][info] 任务开始: ID=28, 名称=555
[2026-02-08T22:20:52+08:00][info] 任务开始: ID=27, 名称=3333
[2026-02-08T22:20:56+08:00][info] 任务开始: ID=26, 名称=测试111
[2026-02-08T22:25:58+08:00][info] [telegram队列] 批次:  耗时=0.01秒
[2026-02-08T22:26:51+08:00][info] 用户归档缓存已强制从数据库更新，共处理 150 个用户
[2026-02-08T22:33:53+08:00][info] 任务开始: ID=25, 名称=测试222
[2026-02-08T22:33:53+08:00][info] 任务开始: ID=26, 名称=测试111
[2026-02-08T22:33:54+08:00][info] 任务开始: ID=27, 名称=3333
[2026-02-08T22:35:00+08:00][info] [telegram队列] 批次:  耗时=0秒
[2026-02-08T22:35:23+08:00][info] 任务开始: ID=25, 名称=测试222
[2026-02-08T22:35:27+08:00][info] 任务开始: ID=26, 名称=测试111
[2026-02-08T22:35:29+08:00][info] 任务开始: ID=27, 名称=3333
[2026-02-08T22:35:31+08:00][info] 任务开始: ID=28, 名称=555
[2026-02-08T22:35:33+08:00][info] 任务开始: ID=29, 名称=5
[2026-02-08T22:35:34+08:00][info] 任务开始: ID=31, 名称=666
[2026-02-08T22:45:10+08:00][info] [telegram队列] 批次:  耗时=0秒
[2026-02-08T22:45:24+08:00][info] 任务开始: ID=28, 名称=555
[2026-02-08T22:46:00+08:00][info] 任务开始: ID=27, 名称=3333
[2026-02-08T23:10:11+08:00][info] [telegram队列] 批次:  耗时=0秒
[2026-02-08T23:11:36+08:00][info] 任务开始: ID=25, 名称=测试222
[2026-02-08T23:11:36+08:00][info] 任务开始: ID=26, 名称=测试111
[2026-02-08T23:11:37+08:00][info] 任务开始: ID=27, 名称=3333
[2026-02-08T23:11:37+08:00][info] 任务开始: ID=28, 名称=555
[2026-02-08T23:17:23+08:00][info] 任务开始: ID=25, 名称=测试222
[2026-02-08T23:17:24+08:00][info] 任务开始: ID=27, 名称=3333
[2026-02-08T23:17:24+08:00][info] 任务开始: ID=26, 名称=测试111
[2026-02-08T23:21:54+08:00][info] 任务开始: ID=28, 名称=555
[2026-02-08T23:21:54+08:00][info] 任务开始: ID=29, 名称=5
[2026-02-08T23:21:55+08:00][info] 任务开始: ID=31, 名称=666
[2026-02-08T23:21:55+08:00][info] 任务开始: ID=32, 名称=二6
[2026-02-08T23:21:56+08:00][info] 任务开始: ID=33, 名称=二5
[2026-02-08T23:21:56+08:00][info] 任务开始: ID=34, 名称=二4
[2026-02-08T23:22:00+08:00][info] 任务开始: ID=29, 名称=5
[2026-02-08T23:22:06+08:00][info] 任务开始: ID=31, 名称=666
[2026-02-08T23:22:46+08:00][info] [telegram队列] 批次:  耗时=0秒
[2026-02-08T23:23:03+08:00][info] 任务开始: ID=29, 名称=5
[2026-02-08T23:23:07+08:00][info] 任务开始: ID=31, 名称=666
[2026-02-08T23:23:10+08:00][info] 任务开始: ID=32, 名称=二6
[2026-02-08T23:23:32+08:00][info] 任务开始: ID=32, 名称=二6
[2026-02-08T23:33:16+08:00][info] 任务开始: ID=25, 名称=测试222
[2026-02-08T23:33:32+08:00][info] [telegram队列] 批次:  耗时=0秒
[2026-02-08T23:33:45+08:00][info] 任务开始: ID=25, 名称=测试222
[2026-02-08T23:33:49+08:00][info] 任务开始: ID=26, 名称=测试111
[2026-02-08T23:33:54+08:00][info] 任务开始: ID=27, 名称=3333
[2026-02-08T23:33:58+08:00][info] 任务开始: ID=28, 名称=555
[2026-02-08T23:34:02+08:00][info] 任务开始: ID=25, 名称=测试222
[2026-02-08T23:35:27+08:00][info] 任务开始: ID=25, 名称=测试222
[2026-02-08T23:36:17+08:00][info] [telegram队列] 批次:  耗时=0秒
[2026-02-08T23:46:39+08:00][error] [0]think\db\PDOConnection::pdoQuery(): Return value must be of type array, bool returned[/www/wwwroot/tdata.tgbota.top/vendor/topthink/think-orm/src/db/PDOConnection.php:729]
[2026-02-08T23:51:24+08:00][info] [telegram队列] 批次:  耗时=0秒
[2026-02-08T23:51:44+08:00][info] 任务开始: ID=25, 名称=测试222
[2026-02-08T23:51:47+08:00][info] 任务开始: ID=26, 名称=测试111
[2026-02-08T23:51:51+08:00][info] 任务开始: ID=27, 名称=3333
[2026-02-08T23:51:55+08:00][info] 任务开始: ID=28, 名称=555
[2026-02-08T23:51:58+08:00][info] 任务开始: ID=29, 名称=5
[2026-02-08T23:52:02+08:00][info] 任务开始: ID=31, 名称=666
[2026-02-08T23:58:56+08:00][info] [telegram队列] 批次:  耗时=0秒
[2026-02-08T23:59:50+08:00][info] 任务开始: ID=25, 名称=测试222
