[2026-02-09T00:00:08+08:00][info] 任务开始: ID=25, 名称=测试222
[2026-02-09T00:00:20+08:00][info] 任务开始: ID=25, 名称=测试222
[2026-02-09T00:01:10+08:00][info] 任务开始: ID=25, 名称=测试222
[2026-02-09T00:02:02+08:00][info] 任务开始: ID=26, 名称=测试111
[2026-02-09T00:11:17+08:00][info] [telegram队列] 批次:  耗时=0秒
[2026-02-09T00:11:32+08:00][info] 任务开始: ID=25, 名称=测试222
[2026-02-09T00:11:33+08:00][info] 任务开始: ID=26, 名称=测试111
[2026-02-09T00:22:39+08:00][info] [telegram队列] 批次:  耗时=0秒
[2026-02-09T00:22:58+08:00][info] 任务开始: ID=25, 名称=测试222
[2026-02-09T00:26:08+08:00][info] 任务开始: ID=25, 名称=测试222
[2026-02-09T00:28:00+08:00][info] 任务开始: ID=25, 名称=测试222
[2026-02-09T00:28:16+08:00][info] 任务开始: ID=25, 名称=测试222
[2026-02-09T00:28:28+08:00][info] 任务开始: ID=26, 名称=测试111
[2026-02-09T00:28:35+08:00][info] 任务开始: ID=27, 名称=3333
[2026-02-09T00:29:02+08:00][info] 任务开始: ID=28, 名称=555
[2026-02-09T00:29:06+08:00][info] 任务开始: ID=29, 名称=5
[2026-02-09T00:29:11+08:00][info] 任务开始: ID=31, 名称=666
[2026-02-09T00:32:39+08:00][error] [0]think\db\PDOConnection::pdoQuery(): Return value must be of type array, bool returned[/www/wwwroot/tdata.tgbota.top/vendor/topthink/think-orm/src/db/PDOConnection.php:729]
[2026-02-09T00:40:13+08:00][info] 任务开始: ID=25, 名称=测试222
[2026-02-09T00:41:06+08:00][info] [telegram队列] 批次:  耗时=0秒
[2026-02-09T00:41:38+08:00][info] 任务开始: ID=25, 名称=测试222
[2026-02-09T00:41:55+08:00][info] 任务开始: ID=26, 名称=测试111
[2026-02-09T00:44:09+08:00][info] 任务开始: ID=27, 名称=3333
[2026-02-09T01:03:46+08:00][info] [telegram队列] 批次:  耗时=0秒
[2026-02-09T01:04:00+08:00][info] 任务开始: ID=25, 名称=测试222
[2026-02-09T01:04:00+08:00][info] 任务开始: ID=26, 名称=测试111
[2026-02-09T01:06:27+08:00][info] 任务开始: ID=27, 名称=3333
[2026-02-09T01:06:27+08:00][info] 任务开始: ID=28, 名称=555
[2026-02-09T01:08:10+08:00][info] [telegram队列] 批次:  耗时=0.01秒
[2026-02-09T01:08:49+08:00][info] 任务开始: ID=25, 名称=测试222
[2026-02-09T01:08:49+08:00][info] 任务开始: ID=26, 名称=测试111
[2026-02-09T01:08:50+08:00][info] 任务开始: ID=28, 名称=555
[2026-02-09T01:08:51+08:00][info] 任务开始: ID=29, 名称=5
[2026-02-09T01:09:25+08:00][info] 任务开始: ID=31, 名称=666
[2026-02-09T01:20:35+08:00][info] [telegram队列] 批次:  耗时=0.01秒
[2026-02-09T01:22:26+08:00][info] [telegram队列] 批次:  耗时=0秒
[2026-02-09T01:22:53+08:00][info] [telegram队列] 批次:  耗时=0.01秒
[2026-02-09T01:23:27+08:00][info] 任务开始: ID=25, 名称=测试222
[2026-02-09T01:23:41+08:00][info] 任务开始: ID=26, 名称=测试111
[2026-02-09T01:23:59+08:00][info] 任务开始: ID=27, 名称=3333
[2026-02-09T03:07:55+08:00][info] [telegram队列] 批次:  耗时=0.01秒
[2026-02-09T03:08:56+08:00][info] 任务开始: ID=25, 名称=测试222
[2026-02-09T03:13:49+08:00][info] 任务开始: ID=25, 名称=测试222
[2026-02-09T03:15:52+08:00][info] [telegram队列] 批次:  耗时=0秒
[2026-02-09T03:16:12+08:00][info] 任务开始: ID=25, 名称=测试222
[2026-02-09T03:17:22+08:00][info] 任务开始: ID=26, 名称=测试111
[2026-02-09T03:31:24+08:00][error] [0]think\db\PDOConnection::pdoQuery(): Return value must be of type array, bool returned[/www/wwwroot/tdata.tgbota.top/vendor/topthink/think-orm/src/db/PDOConnection.php:729]
[2026-02-09T03:44:37+08:00][info] [telegram队列] 批次:  耗时=0.01秒
[2026-02-09T04:04:01+08:00][info] [telegram队列] 批次:  耗时=0.01秒
[2026-02-09T04:04:28+08:00][info] 任务开始: ID=25, 名称=测试222
[2026-02-09T04:04:32+08:00][info] 任务开始: ID=26, 名称=测试111
[2026-02-09T04:06:00+08:00][info] [telegram队列] 批次:  耗时=0秒
[2026-02-09T04:06:14+08:00][info] 任务开始: ID=25, 名称=测试222
[2026-02-09T04:12:13+08:00][info] [telegram队列] 批次:  耗时=0秒
[2026-02-09T04:12:33+08:00][info] 任务开始: ID=25, 名称=测试222
[2026-02-09T04:17:52+08:00][info] [telegram队列] 批次:  耗时=0.01秒
[2026-02-09T04:20:01+08:00][info] [telegram队列] 批次:  耗时=0秒
[2026-02-09T04:20:20+08:00][info] 任务开始: ID=25, 名称=测试222
[2026-02-09T04:32:23+08:00][info] [telegram队列] 批次:  耗时=0秒
[2026-02-09T04:34:40+08:00][info] 任务开始: ID=25, 名称=测试222
[2026-02-09T04:43:57+08:00][info] [telegram队列] 批次:  耗时=0.01秒
[2026-02-09T04:44:57+08:00][info] 任务开始: ID=25, 名称=测试222
[2026-02-09T04:49:04+08:00][info] [telegram队列] 批次:  耗时=0.01秒
[2026-02-09T04:49:45+08:00][info] 任务开始: ID=25, 名称=测试222
[2026-02-09T07:15:24+08:00][error] 错误信息:controller not exists:app\admin\controller\Html
[2026-02-09T07:15:26+08:00][error] 错误信息:controller not exists:app\admin\controller\Manager
[2026-02-09T11:57:08+08:00][info] [telegram队列] 批次:  耗时=0.01秒
[2026-02-09T11:57:51+08:00][info] [telegram队列] 批次:  耗时=0秒
[2026-02-09T11:58:30+08:00][info] [telegram队列] 批次:  耗时=0秒
[2026-02-09T11:59:06+08:00][info] 任务开始: ID=25, 名称=测试222
[2026-02-09T11:59:27+08:00][info] 任务开始: ID=26, 名称=测试111
[2026-02-09T12:09:20+08:00][info] 任务开始: ID=27, 名称=3333
[2026-02-09T12:11:16+08:00][info] 任务停止: ID=25, 名称=测试222
[2026-02-09T12:11:18+08:00][info] 任务停止: ID=26, 名称=测试111
[2026-02-09T12:11:20+08:00][info] 任务停止: ID=27, 名称=3333
[2026-02-09T12:22:56+08:00][info] [telegram队列] 批次:  耗时=0.01秒
[2026-02-09T12:23:25+08:00][info] 任务开始: ID=25, 名称=测试222
[2026-02-09T12:27:07+08:00][info] 任务停止: ID=25, 名称=测试222
[2026-02-09T12:31:33+08:00][info] [telegram队列] 批次:  耗时=0.01秒
[2026-02-09T12:32:29+08:00][info] 任务开始: ID=25, 名称=测试222
[2026-02-09T12:32:42+08:00][info] 任务开始: ID=25, 名称=测试222
[2026-02-09T12:33:00+08:00][info] 任务开始: ID=26, 名称=测试111
[2026-02-09T12:33:26+08:00][info] 任务开始: ID=25, 名称=测试222
[2026-02-09T12:33:31+08:00][info] 任务开始: ID=27, 名称=3333
[2026-02-09T12:36:33+08:00][info] 任务停止: ID=26, 名称=测试111
[2026-02-09T12:36:36+08:00][info] 任务停止: ID=27, 名称=3333
[2026-02-09T12:36:38+08:00][info] 任务开始: ID=25, 名称=测试222
[2026-02-09T12:36:43+08:00][info] 任务停止: ID=25, 名称=测试222
[2026-02-09T12:44:50+08:00][info] [telegram队列] 批次:  耗时=0秒
[2026-02-09T12:45:15+08:00][info] 任务开始: ID=25, 名称=测试222
[2026-02-09T12:45:19+08:00][info] 任务开始: ID=26, 名称=测试111
[2026-02-09T12:45:23+08:00][info] 任务开始: ID=27, 名称=3333
[2026-02-09T12:49:09+08:00][info] 任务开始: ID=25, 名称=测试222
[2026-02-09T12:49:17+08:00][info] 任务开始: ID=26, 名称=测试111
[2026-02-09T12:49:24+08:00][info] 任务开始: ID=27, 名称=3333
[2026-02-09T12:50:30+08:00][info] 任务开始: ID=25, 名称=测试222
[2026-02-09T12:51:10+08:00][info] 任务开始: ID=26, 名称=测试111
[2026-02-09T12:51:14+08:00][info] 任务开始: ID=27, 名称=3333
[2026-02-09T12:51:57+08:00][info] 任务开始: ID=28, 名称=555
[2026-02-09T12:56:25+08:00][error] [0]think\db\PDOConnection::pdoQuery(): Return value must be of type array, bool returned[/www/wwwroot/tdata.tgbota.top/vendor/topthink/think-orm/src/db/PDOConnection.php:729]
[2026-02-09T12:57:57+08:00][error] [0]think\db\PDOConnection::pdoQuery(): Return value must be of type array, bool returned[/www/wwwroot/tdata.tgbota.top/vendor/topthink/think-orm/src/db/PDOConnection.php:729]
[2026-02-09T12:57:57+08:00][error] [0]think\db\PDOConnection::pdoQuery(): Return value must be of type array, bool returned[/www/wwwroot/tdata.tgbota.top/vendor/topthink/think-orm/src/db/PDOConnection.php:729]
[2026-02-09T12:59:50+08:00][warning] [checkAccount] 以下账号 session 不存在: 2362
[2026-02-09T13:00:45+08:00][info] [telegram队列] 批次:  耗时=0.01秒
[2026-02-09T13:01:18+08:00][info] 任务开始: ID=25, 名称=测试222
[2026-02-09T13:01:36+08:00][info] 任务开始: ID=25, 名称=测试222
[2026-02-09T13:01:39+08:00][info] 任务开始: ID=26, 名称=测试111
[2026-02-09T13:01:43+08:00][info] 任务开始: ID=27, 名称=3333
[2026-02-09T13:01:47+08:00][info] 任务开始: ID=28, 名称=555
[2026-02-09T13:01:53+08:00][info] 任务开始: ID=29, 名称=5
[2026-02-09T13:01:56+08:00][info] 任务开始: ID=31, 名称=666
[2026-02-09T15:53:02+08:00][info] 任务停止: ID=31, 名称=666
[2026-02-09T15:53:04+08:00][info] 任务停止: ID=29, 名称=5
[2026-02-09T15:53:06+08:00][info] 任务停止: ID=28, 名称=555
[2026-02-09T15:53:08+08:00][info] 任务停止: ID=27, 名称=3333
[2026-02-09T15:53:11+08:00][info] 任务停止: ID=26, 名称=测试111
[2026-02-09T15:53:13+08:00][info] 任务停止: ID=25, 名称=测试222
[2026-02-09T15:53:44+08:00][info] 任务开始: ID=25, 名称=测试222
[2026-02-09T15:53:49+08:00][info] 任务开始: ID=26, 名称=测试111
[2026-02-09T15:54:02+08:00][info] 任务开始: ID=27, 名称=3333
[2026-02-09T15:54:08+08:00][info] 任务开始: ID=28, 名称=555
[2026-02-09T15:54:19+08:00][info] 任务开始: ID=28, 名称=555
[2026-02-09T15:54:37+08:00][info] 任务开始: ID=28, 名称=555
[2026-02-09T15:54:42+08:00][info] 任务开始: ID=28, 名称=555
[2026-02-09T15:54:47+08:00][info] 任务开始: ID=29, 名称=5
[2026-02-09T15:54:51+08:00][info] 任务开始: ID=31, 名称=666
[2026-02-09T15:55:03+08:00][info] 任务开始: ID=31, 名称=666
[2026-02-09T15:55:35+08:00][info] 任务开始: ID=31, 名称=666
[2026-02-09T15:56:14+08:00][info] 任务开始: ID=31, 名称=666
[2026-02-09T16:24:34+08:00][info] 任务开始: ID=28, 名称=555
[2026-02-09T16:24:39+08:00][info] 任务开始: ID=29, 名称=5
[2026-02-09T16:24:43+08:00][info] 任务开始: ID=31, 名称=666
[2026-02-09T17:45:05+08:00][info] 用户归档缓存已强制从数据库更新，共处理 150 个用户
[2026-02-09T17:45:39+08:00][info] [telegram队列] 批次:  耗时=0.01秒
[2026-02-09T17:46:26+08:00][info] [telegram队列] 批次:  耗时=0秒
[2026-02-09T17:50:10+08:00][info] 任务开始: ID=32, 名称=二6
[2026-02-09T17:50:15+08:00][info] 任务开始: ID=33, 名称=二5
[2026-02-09T17:50:19+08:00][info] 任务开始: ID=34, 名称=二4
[2026-02-09T17:50:24+08:00][info] 任务开始: ID=35, 名称=二3
[2026-02-09T17:50:28+08:00][info] 任务开始: ID=36, 名称=二2
[2026-02-09T17:50:33+08:00][info] 任务开始: ID=37, 名称=二1
[2026-02-09T17:54:42+08:00][info] 任务开始: ID=37, 名称=二1
[2026-02-09T18:22:37+08:00][error] 错误信息:controller not exists:app\admin\controller\Env
[2026-02-09T19:24:24+08:00][error] 错误信息:controller not exists:app\admin\controller\Env
[2026-02-09T23:05:25+08:00][info] 任务开始: ID=27, 名称=3333
[2026-02-09T23:05:26+08:00][info] 任务开始: ID=33, 名称=二5
[2026-02-09T23:05:27+08:00][info] 任务开始: ID=35, 名称=二3
[2026-02-09T23:05:27+08:00][info] 任务开始: ID=36, 名称=二2
