[2026-02-11T06:29:18+08:00][info] 任务开始: ID=31, 名称=666
[2026-02-11T06:29:25+08:00][info] 任务开始: ID=29, 名称=5
[2026-02-11T06:29:30+08:00][info] 任务开始: ID=28, 名称=555
[2026-02-11T06:29:35+08:00][info] 任务开始: ID=27, 名称=3333
[2026-02-11T06:29:38+08:00][info] 任务开始: ID=25, 名称=测试222
[2026-02-11T10:14:24+08:00][info] 任务停止: ID=25, 名称=测试222
[2026-02-11T10:14:26+08:00][info] 任务停止: ID=27, 名称=3333
[2026-02-11T10:14:28+08:00][info] 任务停止: ID=28, 名称=555
[2026-02-11T10:14:31+08:00][info] 任务停止: ID=29, 名称=5
[2026-02-11T10:14:33+08:00][info] 任务停止: ID=31, 名称=666
[2026-02-11T10:14:35+08:00][info] 任务停止: ID=33, 名称=二5
[2026-02-11T10:14:38+08:00][info] 任务停止: ID=34, 名称=二4
[2026-02-11T10:14:41+08:00][info] 任务停止: ID=35, 名称=二3
[2026-02-11T10:14:44+08:00][info] 任务停止: ID=36, 名称=二2
[2026-02-11T10:14:46+08:00][info] 任务停止: ID=37, 名称=二1
[2026-02-11T10:33:49+08:00][info] [telegram队列] 批次:  耗时=0.01秒
[2026-02-11T10:34:48+08:00][info] [telegram队列] 批次:  耗时=0秒
[2026-02-11T10:35:22+08:00][info] [telegram队列] 批次:  耗时=0秒
[2026-02-11T10:35:47+08:00][info] 任务开始: ID=33, 名称=二5
[2026-02-11T10:35:51+08:00][info] 任务开始: ID=34, 名称=二4
[2026-02-11T10:35:55+08:00][info] 任务开始: ID=35, 名称=二3
[2026-02-11T10:36:00+08:00][info] 任务开始: ID=36, 名称=二2
[2026-02-11T10:36:11+08:00][info] 任务开始: ID=37, 名称=二1
[2026-02-11T10:36:51+08:00][info] [telegram队列] 批次:  耗时=0.01秒
[2026-02-11T10:43:16+08:00][info] [telegram队列] 批次:  耗时=0秒
[2026-02-11T10:45:15+08:00][info] [telegram队列] 批次:  耗时=0.01秒
[2026-02-11T10:50:04+08:00][info] 任务开始: ID=37, 名称=二1
[2026-02-11T11:08:09+08:00][info] [telegram队列] 批次:  耗时=0.01秒
[2026-02-11T11:09:04+08:00][info] [telegram队列] 批次:  耗时=0.01秒
[2026-02-11T11:10:05+08:00][info] [telegram队列] 批次:  耗时=0秒
[2026-02-11T11:11:17+08:00][info] [telegram队列] 批次:  耗时=0秒
[2026-02-11T11:16:29+08:00][info] 任务开始: ID=25, 名称=测试222
[2026-02-11T11:16:34+08:00][info] 任务开始: ID=27, 名称=3333
[2026-02-11T11:16:37+08:00][info] 任务开始: ID=28, 名称=555
[2026-02-11T11:16:41+08:00][info] 任务开始: ID=29, 名称=5
[2026-02-11T11:16:44+08:00][info] 任务开始: ID=31, 名称=666
[2026-02-11T11:16:48+08:00][info] 任务开始: ID=33, 名称=二5
[2026-02-11T11:16:52+08:00][info] 任务开始: ID=34, 名称=二4
[2026-02-11T11:16:55+08:00][info] 任务开始: ID=35, 名称=二3
[2026-02-11T11:16:59+08:00][info] 任务开始: ID=36, 名称=二2
[2026-02-11T11:22:22+08:00][info] 任务停止: ID=37, 名称=二1
[2026-02-11T11:22:26+08:00][info] 任务开始: ID=37, 名称=二1
[2026-02-11T11:26:52+08:00][info] [telegram队列] 批次:  耗时=0秒
[2026-02-11T11:27:22+08:00][info] [telegram队列] 批次:  耗时=0秒
[2026-02-11T11:29:27+08:00][info] 任务停止: ID=37, 名称=二1
[2026-02-11T11:29:29+08:00][info] 任务停止: ID=36, 名称=二2
[2026-02-11T11:29:32+08:00][info] 任务停止: ID=35, 名称=二3
[2026-02-11T11:29:34+08:00][info] 任务停止: ID=34, 名称=二4
[2026-02-11T11:29:37+08:00][info] 任务停止: ID=33, 名称=二5
[2026-02-11T11:29:39+08:00][info] 任务停止: ID=31, 名称=666
[2026-02-11T11:29:42+08:00][info] 任务停止: ID=29, 名称=5
[2026-02-11T11:29:45+08:00][info] 任务停止: ID=28, 名称=555
[2026-02-11T11:29:47+08:00][info] 任务停止: ID=27, 名称=3333
[2026-02-11T11:29:49+08:00][info] 任务停止: ID=25, 名称=测试222
[2026-02-11T11:30:39+08:00][info] 任务开始: ID=25, 名称=测试222
[2026-02-11T11:30:43+08:00][info] 任务开始: ID=27, 名称=3333
[2026-02-11T11:30:52+08:00][info] 任务开始: ID=28, 名称=555
[2026-02-11T11:30:56+08:00][info] 任务开始: ID=29, 名称=5
[2026-02-11T11:31:00+08:00][info] 任务开始: ID=31, 名称=666
[2026-02-11T11:31:05+08:00][info] 任务开始: ID=33, 名称=二5
[2026-02-11T11:31:09+08:00][info] 任务开始: ID=34, 名称=二4
[2026-02-11T11:31:22+08:00][info] 任务开始: ID=35, 名称=二3
[2026-02-11T11:31:26+08:00][info] 任务开始: ID=36, 名称=二2
[2026-02-11T11:31:30+08:00][info] 任务开始: ID=37, 名称=二1
