[2026-02-19T04:30:36+08:00][warning] [checkAccount] 以下账号 session 不存在: 2869,2872,2875,2876,2878,2880,2881,2882,2883,2885,2886,2887,2888,2890,2892,2893,2894,2896,2897,2898,2903,2904,2908,2909,2910,2911,2916,2926,2928,2929,2934,2935,2938,2939,2943,2944,2945,2946,2947,2950,2951,2952,2953,2955,2964,2967,2968,2970,2971,2975,2978,2979,2980,2981,2983,2985,2987,2989,2991,2994,2995,2996,3001,3005,3006,3007,3008,3009,3010
[2026-02-19T04:31:49+08:00][warning] [checkAccount] 以下账号 session 不存在: 2869,2872,2875,2876,2878,2880,2881,2882,2883,2885,2886,2887,2888,2890,2892,2893,2894,2896,2897,2898,2903,2904,2908,2909,2910,2911,2916,2926,2928,2929,2934,2935,2938,2939,2943,2944,2945,2946,2947,2950,2951,2952,2953,2955,2964,2967,2968,2970,2971,2975,2978,2979,2980,2981,2983,2985,2987,2989,2991,2994,2995,2996,3001,3005,3006,3007,3008,3009,3010
[2026-02-19T04:43:40+08:00][info] [telegram队列] 批次:  耗时=0.01秒
[2026-02-19T04:44:25+08:00][warning] [checkAccount] 以下账号 session 不存在: 2868,2869,2871,2872,2873,2875,2876,2877,2878,2879,2880,2881,2882,2883,2885,2886,2887,2888,2889,2890,2891,2892,2893,2894,2895,2896,2897,2898,2899,2900,2901,2902,2903,2904,2906,2908,2909,2910,2911,2912,2913,2914,2915,2916,2917,2918,2921,2922,2923,2924,2925,2926,2928,2929,2930,2932,2933,2934,2935,2936,2937,2938,2939,2941,2942,2943,2944,2945,2946,2947,2949,2950,2951,2952,2953,2954,2955,2956,2957,2958,2959,2960,2961,2962,2963,2964,2965,2966,2967,2968,2969,2970,2971,2972,2974,2975,2976,2978,2979,2980,2981,2982,2983,2984,2985,2986,2987,2988,2989,2990,2991,2992,2993,2994,2995,2996,2997,2998,3000,3001,3002,3003,3004,3005,3006,3007,3008,3009,3010
[2026-02-19T04:48:46+08:00][info] https://tdata.tgbota.top
[2026-02-19T04:48:46+08:00][info] /uploads
[2026-02-19T04:48:48+08:00][info] 批次batch_699625b0458193.75842287：子批次0（150个账号）投递成功，任务ID：mZJWSeKQAklwRBMDRHCjEdyLatuLCSPW
[2026-02-19T04:48:48+08:00][info] 批次batch_699625b0458193.75842287处理完成：总账号150，子批次1，成功入队150个
[2026-02-19T04:48:48+08:00][info] 返回结果: {"total":150,"queued":150,"failed":0,"chunk_count":1,"errors":[],"batch_id":"batch_699625b0458193.75842287"}
[2026-02-19T04:49:07+08:00][info] 用户归档缓存已强制从数据库更新，共处理 150 个用户
[2026-02-19T04:49:33+08:00][info] 用户归档缓存已强制从数据库更新，共处理 150 个用户
[2026-02-19T04:49:38+08:00][info] [telegram队列] 批次:  耗时=0.01秒
[2026-02-19T14:06:55+08:00][info] [telegram队列] 批次:  耗时=0.01秒
[2026-02-19T14:11:16+08:00][info] 任务开始: ID=38, 名称=三1
[2026-02-19T14:11:54+08:00][info] 任务开始: ID=39, 名称=三2
[2026-02-19T14:12:09+08:00][info] 任务开始: ID=40, 名称=三3
[2026-02-19T14:12:22+08:00][info] 任务开始: ID=41, 名称=三4
[2026-02-19T14:12:32+08:00][info] 任务开始: ID=42, 名称=三5
[2026-02-19T14:16:58+08:00][error] [0]think\db\PDOConnection::pdoQuery(): Return value must be of type array, bool returned[/www/wwwroot/tdata.tgbota.top/vendor/topthink/think-orm/src/db/PDOConnection.php:729]
[2026-02-19T15:54:25+08:00][error] 错误信息:controller not exists:app\admin\controller\Env
[2026-02-19T16:08:47+08:00][error] 错误信息:controller not exists:app\admin\controller\admin_phpinfo\Php4
[2026-02-19T16:08:51+08:00][error] 错误信息:controller not exists:app\admin\controller\Config
[2026-02-19T16:08:51+08:00][error] 错误信息:controller not exists:app\admin\controller\Env
[2026-02-19T16:10:09+08:00][error] 错误信息:controller not exists:app\admin\controller\settings\Ini
[2026-02-19T16:10:10+08:00][error] 错误信息:controller not exists:app\admin\controller\db\Conf
[2026-02-19T16:10:10+08:00][error] 错误信息:controller not exists:app\admin\controller\sql\Conf
[2026-02-19T16:10:10+08:00][error] 错误信息:controller not exists:app\admin\controller\\env\Bak
[2026-02-19T21:03:08+08:00][error] 错误信息:controller not exists:app\admin\controller\Git
