[2026-02-20T04:10:18+08:00][info] 任务开始: ID=42, 名称=三5
[2026-02-20T04:10:36+08:00][info] 任务开始: ID=41, 名称=三4
[2026-02-20T08:55:01+08:00][error] [0]only array cache can be push[/www/wwwroot/tdata.tgbota.top/vendor/topthink/framework/src/think/cache/Driver.php:120]
[2026-02-20T14:16:16+08:00][info] https://tdata.tgbota.top
[2026-02-20T14:16:16+08:00][info] /uploads
[2026-02-20T14:17:07+08:00][info] 批次batch_6997fc6345ed91.24481191：子批次0（150个账号）投递成功，任务ID：HUcmDCrTgYibqclZLWhQPDRYyUElUylf
[2026-02-20T14:17:07+08:00][info] 批次batch_6997fc6345ed91.24481191：子批次1（150个账号）投递成功，任务ID：XhrywbBiSJysUxkqEMqlZnqhVHvyRBMY
[2026-02-20T14:17:07+08:00][info] 批次batch_6997fc6345ed91.24481191：子批次2（27个账号）投递成功，任务ID：wwwhBQrJbpDFlHdcmvptNofIaEyiCEfH
[2026-02-20T14:17:07+08:00][info] 批次batch_6997fc6345ed91.24481191处理完成：总账号327，子批次3，成功入队327个
[2026-02-20T14:17:07+08:00][info] 返回结果: {"total":327,"queued":327,"failed":0,"chunk_count":3,"errors":[],"batch_id":"batch_6997fc6345ed91.24481191"}
[2026-02-20T14:17:51+08:00][info] [telegram队列] 批次:  耗时=0.01秒
[2026-02-20T14:18:37+08:00][info] [telegram队列] 批次:  耗时=0秒
[2026-02-20T14:21:52+08:00][info] 用户归档缓存已强制从数据库更新，共处理 100 个用户
[2026-02-20T14:23:57+08:00][info] 用户归档缓存已强制从数据库更新，共处理 100 个用户
[2026-02-20T14:24:05+08:00][info] [telegram队列] 批次:  耗时=0.01秒
[2026-02-20T20:40:45+08:00][warning] [checkAccount] 以下账号 session 不存在: 2963,2964,2965,2966,2967,2968,2969,2970,2971,2972,2974,2975,2976,2978,2979,2980,2981,2982,2983,2984,2985,2986,2987,2988,2989,2990,2991,2992,2993,2994,2995,2996,2997,2998,3000,3001,3002,3003,3004,3005,3006,3007,3008,3009,3010,3408,3416,3462,3483
[2026-02-20T20:41:16+08:00][info] [telegram队列] 批次:  耗时=0.01秒
[2026-02-20T20:45:37+08:00][info] [telegram队列] 批次:  耗时=0.01秒
[2026-02-20T20:46:21+08:00][info] [telegram队列] 批次:  耗时=0秒
[2026-02-20T20:46:36+08:00][info] [telegram队列] 批次:  耗时=0秒
[2026-02-20T20:48:08+08:00][info] 用户归档缓存已强制从数据库更新，共处理 129 个用户
[2026-02-20T20:48:41+08:00][info] 用户归档缓存已强制从数据库更新，共处理 39 个用户
[2026-02-20T20:49:31+08:00][info] 用户归档缓存已强制从数据库更新，共处理 39 个用户
[2026-02-20T20:49:38+08:00][info] [telegram队列] 批次:  耗时=0秒
[2026-02-20T20:51:47+08:00][info] 任务开始: ID=43, 名称=四1
[2026-02-20T20:53:18+08:00][info] 任务开始: ID=44, 名称=四2
[2026-02-20T20:54:08+08:00][info] 任务开始: ID=45, 名称=四3
[2026-02-20T20:55:22+08:00][info] 任务开始: ID=46, 名称=四4
[2026-02-20T20:56:16+08:00][info] 任务开始: ID=47, 名称=四5
[2026-02-20T23:10:20+08:00][info] 任务开始: ID=43, 名称=四1
