[2026-02-21T01:01:46+08:00][error] 错误信息:controller not exists:app\admin\controller\Env
[2026-02-21T01:01:53+08:00][error] 错误信息:controller not exists:app\admin\controller\Config
[2026-02-21T07:04:36+08:00][error] 错误信息:controller not exists:app\admin\controller\Env
[2026-02-21T07:19:46+08:00][info] [telegram队列] 批次:  耗时=0秒
[2026-02-21T07:20:56+08:00][info] 任务开始: ID=34, 名称=二4
[2026-02-21T07:21:00+08:00][info] 任务开始: ID=33, 名称=二5
[2026-02-21T07:21:06+08:00][info] 任务开始: ID=46, 名称=四4
[2026-02-21T07:21:21+08:00][info] 任务停止: ID=46, 名称=四4
[2026-02-21T07:21:23+08:00][info] 任务停止: ID=47, 名称=四5
[2026-02-21T07:21:26+08:00][info] 任务停止: ID=43, 名称=四1
[2026-02-21T07:21:40+08:00][warning] [checkAccount] 以下账号 session 不存在: 2907,2920,2940
[2026-02-21T07:22:06+08:00][info] [telegram队列] 批次:  耗时=0.01秒
[2026-02-21T07:22:50+08:00][info] 任务开始: ID=43, 名称=四1
[2026-02-21T07:22:54+08:00][info] 任务开始: ID=44, 名称=四2
[2026-02-21T07:22:58+08:00][info] 任务开始: ID=45, 名称=四3
[2026-02-21T07:23:02+08:00][info] 任务开始: ID=46, 名称=四4
[2026-02-21T07:23:06+08:00][info] 任务开始: ID=46, 名称=四4
[2026-02-21T07:23:11+08:00][info] 任务开始: ID=47, 名称=四5
[2026-02-21T07:23:16+08:00][info] 任务开始: ID=46, 名称=四4
[2026-02-21T07:23:27+08:00][info] 任务开始: ID=46, 名称=四4
[2026-02-21T07:24:06+08:00][info] [telegram队列] 批次:  耗时=0.01秒
[2026-02-21T07:25:45+08:00][info] 任务开始: ID=48, 名称=二6
[2026-02-21T07:25:56+08:00][info] 任务开始: ID=46, 名称=四4
[2026-02-21T07:26:55+08:00][info] 任务开始: ID=49, 名称=二7
[2026-02-21T07:27:41+08:00][info] 任务开始: ID=50, 名称=二8
[2026-02-21T07:28:03+08:00][info] 任务开始: ID=45, 名称=四3
[2026-02-21T07:28:09+08:00][info] 任务开始: ID=45, 名称=四3
[2026-02-21T07:29:24+08:00][info] 任务开始: ID=51, 名称=二9
[2026-02-21T07:30:16+08:00][info] 任务开始: ID=52, 名称=二10
[2026-02-21T07:30:27+08:00][info] 任务开始: ID=45, 名称=四3
[2026-02-21T07:30:44+08:00][info] 任务开始: ID=45, 名称=四3
[2026-02-21T07:30:49+08:00][info] 任务开始: ID=45, 名称=四3
[2026-02-21T07:33:14+08:00][info] 任务停止: ID=46, 名称=四4
[2026-02-21T07:33:17+08:00][info] 任务停止: ID=47, 名称=四5
[2026-02-21T07:33:29+08:00][info] 任务停止: ID=43, 名称=四1
[2026-02-21T07:33:44+08:00][warning] [checkAccount] 以下账号 session 不存在: 2907,2920,2940
[2026-02-21T07:34:20+08:00][info] https://tdata.tgbota.top
[2026-02-21T07:34:20+08:00][info] /uploads
[2026-02-21T07:34:21+08:00][info] /www/wwwroot/tdata.tgbota.top/public/uploads/admin/202602/6998ef7c0ecc3.txt
[2026-02-21T07:35:03+08:00][info] [telegram队列] 批次:  耗时=0.01秒
[2026-02-21T07:35:31+08:00][info] [telegram队列] 批次:  耗时=0秒
[2026-02-21T07:35:48+08:00][info] https://tdata.tgbota.top
[2026-02-21T07:35:48+08:00][info] /uploads
[2026-02-21T07:35:50+08:00][info] /www/wwwroot/tdata.tgbota.top/public/uploads/admin/202602/6998efd4d9c9a.txt
[2026-02-21T07:36:27+08:00][info] [telegram队列] 批次:  耗时=0秒
[2026-02-21T07:36:55+08:00][info] 开始时间：2026-02-21 07:36:50
[2026-02-21T07:36:55+08:00][info] 接口响应原始数据{"action":"update_nickname","tdata_path":"\/www\/wwwroot\/tdata.tgbota.top\/public\/uploads\/admin\/202602\/699625adf380f\/14695744927\/tdata\/temp_8198842145.session","first_name":"83","last_name":""}
[2026-02-21T07:36:55+08:00][info] 接口响应原始数据{"status":true,"message":"资料更新成功","data":{"updated_info":{"first_name":"83","last_name":null,"about":""}},"api_address":"185.165.170.142:5023"}
[2026-02-21T07:36:55+08:00][info] 接口调用成功：耗时：5.12秒
[2026-02-21T07:36:55+08:00][info] {"status":true,"message":"\u8d44\u6599\u66f4\u65b0\u6210\u529f","data":{"updated_info":{"first_name":"83","last_name":null,"about":""}},"api_address":"185.165.170.142:5023"}
[2026-02-21T07:37:15+08:00][info] [telegram队列] 批次:  耗时=0.01秒
[2026-02-21T07:38:39+08:00][info] 任务开始: ID=43, 名称=四1
[2026-02-21T07:38:51+08:00][info] 任务开始: ID=44, 名称=四2
[2026-02-21T07:39:22+08:00][info] 任务开始: ID=47, 名称=四5
[2026-02-21T07:40:15+08:00][info] [telegram队列] 批次:  耗时=0秒
[2026-02-21T07:41:22+08:00][info] 任务开始: ID=53, 名称=四1
[2026-02-21T07:44:30+08:00][info] [telegram队列] 批次:  耗时=0秒
[2026-02-21T19:37:55+08:00][error] 错误信息:controller not exists:app\admin\controller\Env
