[2026-02-22T04:11:44+08:00][info] 任务开始: ID=34, 名称=二4
[2026-02-22T04:12:02+08:00][info] 任务开始: ID=34, 名称=二4
[2026-02-22T04:12:41+08:00][info] [telegram队列] 批次:  耗时=0秒
[2026-02-22T04:13:01+08:00][info] 任务开始: ID=34, 名称=二4
[2026-02-22T04:13:06+08:00][info] 任务开始: ID=34, 名称=二4
[2026-02-22T04:13:19+08:00][info] 任务开始: ID=31, 名称=666
[2026-02-22T04:14:25+08:00][info] 任务开始: ID=29, 名称=5
[2026-02-22T04:14:35+08:00][info] 任务开始: ID=28, 名称=555
[2026-02-22T04:14:44+08:00][info] 任务开始: ID=34, 名称=二4
[2026-02-22T04:14:44+08:00][info] 任务开始: ID=27, 名称=3333
[2026-02-22T04:14:54+08:00][info] 任务开始: ID=25, 名称=测试222
[2026-02-22T04:15:05+08:00][info] 任务开始: ID=42, 名称=三5
[2026-02-22T04:15:41+08:00][info] 任务开始: ID=50, 名称=二8
[2026-02-22T04:15:49+08:00][info] 任务开始: ID=51, 名称=二9
[2026-02-22T04:15:56+08:00][info] 任务开始: ID=52, 名称=二10
[2026-02-22T04:16:25+08:00][info] 任务停止: ID=42, 名称=三5
[2026-02-22T04:16:28+08:00][info] 任务开始: ID=42, 名称=三5
[2026-02-22T04:16:37+08:00][info] 任务停止: ID=31, 名称=666
[2026-02-22T04:16:43+08:00][info] 任务停止: ID=29, 名称=5
[2026-02-22T04:16:47+08:00][info] 任务停止: ID=28, 名称=555
[2026-02-22T04:16:51+08:00][info] 任务开始: ID=28, 名称=555
[2026-02-22T04:16:56+08:00][info] 任务开始: ID=29, 名称=5
[2026-02-22T04:17:01+08:00][info] 任务开始: ID=31, 名称=666
[2026-02-22T04:17:15+08:00][info] 任务停止: ID=39, 名称=三2
[2026-02-22T04:17:20+08:00][info] 任务停止: ID=38, 名称=三1
[2026-02-22T04:17:24+08:00][info] 任务停止: ID=40, 名称=三3
[2026-02-22T04:17:33+08:00][info] 任务停止: ID=42, 名称=三5
[2026-02-22T04:17:40+08:00][info] 任务停止: ID=41, 名称=三4
[2026-02-22T04:17:43+08:00][info] 任务开始: ID=31, 名称=666
[2026-02-22T04:20:09+08:00][info] 任务开始: ID=31, 名称=666
[2026-02-22T04:58:20+08:00][info] 用户归档缓存已强制从数据库更新，共处理 150 个用户
[2026-02-22T05:56:42+08:00][info] https://tdata.tgbota.top
[2026-02-22T05:56:42+08:00][info] /uploads
[2026-02-22T05:56:59+08:00][info] 批次batch_699a2a2be2b1c0.76603955：子批次0（150个账号）投递成功，任务ID：dZYvMVXMOQtrKECdZNDDUOjooLPpApYP
[2026-02-22T05:56:59+08:00][info] 批次batch_699a2a2be2b1c0.76603955：子批次1（150个账号）投递成功，任务ID：JUcXjzrNWLUuEgTlBKaelfbKIadCRBwt
[2026-02-22T05:56:59+08:00][info] 批次batch_699a2a2be2b1c0.76603955处理完成：总账号300，子批次2，成功入队300个
[2026-02-22T05:56:59+08:00][info] 返回结果: {"total":300,"queued":300,"failed":0,"chunk_count":2,"errors":[],"batch_id":"batch_699a2a2be2b1c0.76603955"}
[2026-02-22T05:57:49+08:00][info] 用户归档缓存已强制从数据库更新，共处理 300 个用户
[2026-02-22T05:58:16+08:00][info] 用户归档缓存已强制从数据库更新，共处理 300 个用户
[2026-02-22T05:58:25+08:00][info] [telegram队列] 批次:  耗时=0.01秒
[2026-02-22T05:59:13+08:00][info] [telegram队列] 批次:  耗时=0.01秒
[2026-02-22T05:59:46+08:00][info] [telegram队列] 批次:  耗时=0秒
[2026-02-22T06:00:25+08:00][info] [telegram队列] 批次:  耗时=0秒
[2026-02-22T06:01:58+08:00][warning] [checkAccount] 以下账号 session 不存在: 3490,3491,3492,3493,3494,3495,3496,3497,3498,3499,3500,3501,3502,3503,3504,3505,3506,3507,3508,3509,3510,3511,3513,3514,3515,3516,3517,3518,3519,3520,3521,3522,3523,3524,3525,3526,3527,3528,3529,3530,3531,3532,3533,3534,3535,3536,3537,3538,3539,3540,3541,3542,3543,3544,3545,3546,3547,3548,3549,3550,3551,3552,3553,3554,3555,3556,3557,3558,3559,3560,3561,3562,3563,3564,3565,3566,3567,3568,3569,3570,3571,3572,3573,3574,3575,3576,3577,3578,3579,3580,3581,3582,3583,3584,3585,3586,3587,3588,3589,3590,3591,3592,3593,3594,3595,3596,3597,3598,3599,3600,3601,3602,3603,3604,3605,3606,3607,3608,3609,3610,3611,3612,3613,3614,3615,3616,3617,3618,3619,3620,3621,3622,3623,3624,3625,3626,3627,3628,3629,3630,3631,3632,3633,3634,3635,3636,3637,3638,3639,3640,3641,3642,3643,3644,3645,3646,3647,3648,3649,3650,3651,3652,3653,3654,3655,3657,3658,3659,3660,3661,3662,3663,3664,3665,3666,3667,3668,3669,3670,3671,3672,3673,3674,3675,3676,3677,3678,3679,3681,3682,3683,3684,3685,3686,3687,3688,3689,3690,3691,3692,3693,3694,3695,3696,3697,3698,3699,3700,3701,3702,3703,3704,3705,3706,3707,3708,3709,3710,3711,3712,3713,3714,3715,3716,3717,3718,3719,3720,3721,3722,3723,3725,3726,3727,3728,3729,3730,3731,3732,3733,3734,3735,3736,3737,3738,3739,3740,3742,3743,3744,3745,3746,3747,3748,3749,3750,3752,3753,3754,3755,3756,3757,3758,3759,3760,3761,3762,3763,3764,3765,3766,3767,3768,3769,3770,3771,3772,3773,3774,3775,3777,3778,3779,3780,3781,3782,3783,3784,3785,3786,3788,3789
[2026-02-22T06:03:11+08:00][info] 用户归档缓存已强制从数据库更新，共处理 300 个用户
[2026-02-22T06:03:19+08:00][info] [telegram队列] 批次:  耗时=0.01秒
[2026-02-22T06:04:02+08:00][info] [telegram队列] 批次:  耗时=0.01秒
[2026-02-22T06:05:49+08:00][warning] [checkAccount] 以下账号 session 不存在: 3640,3641,3642,3643,3644,3645,3646,3647,3648,3649,3650,3651,3652,3653,3654,3655,3657,3658,3659,3660,3661,3662,3663,3664,3665,3666,3667,3668,3669,3670,3671,3672,3673,3674,3675,3676,3677,3678,3679,3681,3682,3683,3684,3685,3686,3687,3688,3689,3690,3691,3692,3693,3694,3695,3696,3697,3698,3699,3700,3701,3702,3703,3704,3705,3706,3707,3708,3709,3710,3711,3712,3713,3714,3715,3716,3717,3718,3719,3720,3721,3722,3723,3725,3726,3727,3728,3729,3730,3731,3732,3733,3734,3735,3736,3737,3738,3739,3740,3742,3743,3744,3745,3746,3747,3748,3749,3750,3752,3753,3754,3755,3756,3757,3758,3759,3760,3761,3762,3763,3764,3765,3766,3767,3768,3769,3770,3771,3772,3773,3774,3775,3777,3778,3779,3780,3781,3782,3783,3784,3785,3786,3788,3789
[2026-02-22T06:06:00+08:00][info] 用户归档缓存已强制从数据库更新，共处理 150 个用户
[2026-02-22T06:06:07+08:00][warning] [checkAccount] 以下账号 session 不存在: 3540,3541,3542,3543,3544,3545,3546,3547,3548,3549,3550,3551,3552,3553,3554,3555,3556,3557,3558,3559,3560,3561,3562,3563,3564,3565,3566,3567,3568,3569,3570,3571,3572,3573,3574,3575,3576,3577,3578,3579,3580,3581,3582,3583,3584,3585,3586,3587,3588,3589,3590,3591,3592,3593,3594,3595,3596,3597,3598,3599,3600,3601,3602,3603,3604,3605,3606,3607,3608,3609,3610,3611,3612,3613,3614,3615,3616,3617,3618,3619,3620,3621,3622,3623,3624,3625,3626,3627,3628,3629,3630,3631,3632,3633,3634,3635,3636,3637,3638,3639
[2026-02-22T06:06:20+08:00][warning] [checkAccount] 以下账号 session 不存在: 3490,3491,3492,3493,3494,3495,3496,3497,3498,3499,3500,3501,3502,3503,3504,3505,3506,3507,3508,3509,3510,3511,3513,3514,3515,3516,3517,3518,3519,3520,3521,3522,3523,3524,3525,3526,3527,3528,3529,3530,3531,3532,3533,3534,3535,3536,3537,3538,3539
[2026-02-22T06:06:28+08:00][info] 用户归档缓存已强制从数据库更新，共处理 50 个用户
[2026-02-22T06:06:47+08:00][info] 用户归档缓存已强制从数据库更新，共处理 50 个用户
[2026-02-22T06:13:15+08:00][info] [telegram队列] 批次:  耗时=0秒
[2026-02-22T06:45:23+08:00][info] 用户归档缓存已强制从数据库更新，共处理 30 个用户
[2026-02-22T09:13:42+08:00][error] 错误信息:controller not exists:app\admin\controller\login\Asp
[2026-02-22T13:57:03+08:00][error] 错误信息:controller not exists:app\admin\controller\Env
[2026-02-22T15:26:00+08:00][info] [telegram队列] 批次:  耗时=0秒
[2026-02-22T15:27:46+08:00][info] [telegram队列] 批次:  耗时=0秒
