[2026-02-23T03:37:59+08:00][info] 任务开始: ID=34, 名称=二4
[2026-02-23T03:38:03+08:00][info] 任务开始: ID=34, 名称=二4
[2026-02-23T03:38:08+08:00][info] 任务开始: ID=34, 名称=二4
[2026-02-23T03:39:54+08:00][info] [telegram队列] 批次:  耗时=0.01秒
[2026-02-23T03:41:01+08:00][info] [telegram队列] 批次:  耗时=0秒
[2026-02-23T03:41:15+08:00][info] [telegram队列] 批次:  耗时=0秒
[2026-02-23T03:41:32+08:00][info] [telegram队列] 批次:  耗时=0秒
[2026-02-23T03:44:28+08:00][info] 任务开始: ID=52, 名称=二10
[2026-02-23T03:44:32+08:00][info] 任务开始: ID=51, 名称=二9
[2026-02-23T03:44:37+08:00][info] 任务开始: ID=50, 名称=二8
[2026-02-23T03:44:41+08:00][info] 任务开始: ID=49, 名称=二7
[2026-02-23T03:44:45+08:00][info] 任务开始: ID=48, 名称=二6
[2026-02-23T03:44:50+08:00][info] 任务开始: ID=34, 名称=二4
[2026-02-23T03:44:54+08:00][info] 任务开始: ID=33, 名称=二5
[2026-02-23T03:44:59+08:00][info] 任务开始: ID=36, 名称=二2
[2026-02-23T03:45:04+08:00][info] 任务开始: ID=37, 名称=二1
[2026-02-23T04:29:05+08:00][info] [telegram队列] 批次:  耗时=0秒
[2026-02-23T04:29:25+08:00][info] [telegram队列] 批次:  耗时=0秒
[2026-02-23T04:30:06+08:00][info] 任务开始: ID=25, 名称=测试222
[2026-02-23T04:30:10+08:00][info] 任务开始: ID=27, 名称=3333
[2026-02-23T04:30:16+08:00][info] 任务开始: ID=28, 名称=555
[2026-02-23T04:30:20+08:00][info] 任务开始: ID=29, 名称=5
[2026-02-23T04:30:24+08:00][info] 任务开始: ID=31, 名称=666
[2026-02-23T07:09:57+08:00][info] [telegram队列] 批次:  耗时=0秒
[2026-02-23T16:28:44+08:00][info] 任务停止: ID=48, 名称=二6
[2026-02-23T16:28:44+08:00][info] 任务停止: ID=49, 名称=二7
[2026-02-23T16:28:49+08:00][info] 任务停止: ID=50, 名称=二8
[2026-02-23T16:28:53+08:00][info] 任务停止: ID=52, 名称=二10
[2026-02-23T16:28:57+08:00][info] 任务停止: ID=51, 名称=二9
[2026-02-23T16:29:01+08:00][info] 任务停止: ID=33, 名称=二5
[2026-02-23T16:29:03+08:00][info] 任务停止: ID=34, 名称=二4
[2026-02-23T16:29:06+08:00][info] 任务停止: ID=35, 名称=二3
[2026-02-23T16:29:09+08:00][info] 任务停止: ID=36, 名称=二2
[2026-02-23T16:29:11+08:00][info] 任务停止: ID=37, 名称=二1
[2026-02-23T16:50:19+08:00][info] [telegram队列] 批次:  耗时=0秒
[2026-02-23T16:52:47+08:00][info] [telegram队列] 批次:  耗时=0秒
