[2026-02-27T01:53:52+08:00][info] [telegram队列] 批次:  耗时=0秒
[2026-02-27T01:54:46+08:00][info] [telegram队列] 批次:  耗时=0.01秒
[2026-02-27T01:56:25+08:00][info] [telegram队列] 批次:  耗时=0秒
[2026-02-27T01:57:24+08:00][info] 任务开始: ID=43, 名称=四1
[2026-02-27T01:57:30+08:00][info] 任务开始: ID=44, 名称=四2
[2026-02-27T01:57:34+08:00][info] 任务开始: ID=45, 名称=四3
[2026-02-27T01:57:39+08:00][info] 任务开始: ID=46, 名称=四4
[2026-02-27T01:57:43+08:00][info] 任务开始: ID=47, 名称=四5
[2026-02-27T02:02:49+08:00][info] [telegram队列] 批次:  耗时=0秒
[2026-02-27T02:03:32+08:00][info] 任务开始: ID=43, 名称=四1
[2026-02-27T02:03:36+08:00][info] 任务开始: ID=44, 名称=四2
[2026-02-27T02:03:41+08:00][info] 任务开始: ID=45, 名称=四3
[2026-02-27T02:03:50+08:00][info] 任务开始: ID=46, 名称=四4
[2026-02-27T02:03:58+08:00][info] 任务开始: ID=46, 名称=四4
[2026-02-27T02:04:03+08:00][info] 任务开始: ID=47, 名称=四5
[2026-02-27T02:04:48+08:00][info] 用户归档缓存已强制从数据库更新，共处理 1 个用户
[2026-02-27T02:07:43+08:00][info] 用户归档缓存已强制从数据库更新，共处理 20 个用户
[2026-02-27T02:08:28+08:00][info] 用户归档缓存已强制从数据库更新，共处理 24 个用户
[2026-02-27T02:08:32+08:00][info] [telegram队列] 批次:  耗时=0秒
[2026-02-27T02:12:37+08:00][info] 任务开始: ID=44, 名称=四2
[2026-02-27T02:19:47+08:00][info] [telegram队列] 批次:  耗时=0秒
[2026-02-27T02:20:15+08:00][info] 任务开始: ID=45, 名称=四3
[2026-02-27T02:20:26+08:00][info] 任务开始: ID=46, 名称=四4
[2026-02-27T02:29:35+08:00][info] 用户归档缓存已强制从数据库更新，共处理 5 个用户
[2026-02-27T02:29:42+08:00][info] 用户归档缓存已强制从数据库更新，共处理 6 个用户
[2026-02-27T02:29:47+08:00][info] [telegram队列] 批次:  耗时=0秒
[2026-02-27T02:30:13+08:00][info] 任务停止: ID=45, 名称=四3
[2026-02-27T02:30:15+08:00][info] 任务停止: ID=44, 名称=四2
[2026-02-27T02:31:30+08:00][info] 任务开始: ID=54, 名称=四1
[2026-02-27T02:33:15+08:00][info] 任务开始: ID=55, 名称=四2
[2026-02-27T02:33:25+08:00][info] 任务停止: ID=54, 名称=四1
[2026-02-27T02:33:45+08:00][info] 任务开始: ID=54, 名称=四1
[2026-02-27T02:34:29+08:00][info] 任务开始: ID=56, 名称=四3
[2026-02-27T02:35:19+08:00][info] 任务开始: ID=57, 名称=四4
[2026-02-27T02:35:58+08:00][info] 任务开始: ID=58, 名称=四5
[2026-02-27T02:41:43+08:00][info] [telegram队列] 批次:  耗时=0秒
[2026-02-27T02:51:28+08:00][info] 用户归档缓存已强制从数据库更新，共处理 1 个用户
[2026-02-27T02:51:39+08:00][info] 用户归档缓存已强制从数据库更新，共处理 2 个用户
[2026-02-27T02:51:47+08:00][info] [telegram队列] 批次:  耗时=0秒
[2026-02-27T02:52:10+08:00][info] 用户归档缓存已强制从数据库更新，共处理 1 个用户
[2026-02-27T02:52:16+08:00][info] [telegram队列] 批次:  耗时=0秒
[2026-02-27T02:52:43+08:00][info] 任务开始: ID=58, 名称=四5
[2026-02-27T02:52:48+08:00][info] 任务开始: ID=57, 名称=四4
[2026-02-27T02:52:52+08:00][info] 任务开始: ID=56, 名称=四3
[2026-02-27T02:52:57+08:00][info] 任务开始: ID=55, 名称=四2
[2026-02-27T02:53:03+08:00][info] 任务开始: ID=54, 名称=四1
[2026-02-27T02:53:55+08:00][info] 用户归档缓存已强制从数据库更新，共处理 30 个用户
[2026-02-27T02:54:02+08:00][info] [telegram队列] 批次:  耗时=0秒
[2026-02-27T02:55:16+08:00][info] 用户归档缓存已强制从数据库更新，共处理 1 个用户
[2026-02-27T02:55:20+08:00][info] [telegram队列] 批次:  耗时=0秒
[2026-02-27T02:56:07+08:00][info] [telegram队列] 批次:  耗时=0.01秒
[2026-02-27T02:56:44+08:00][info] 任务开始: ID=52, 名称=二10
[2026-02-27T02:56:51+08:00][info] 任务开始: ID=51, 名称=二9
[2026-02-27T02:56:58+08:00][info] 任务开始: ID=50, 名称=二8
[2026-02-27T02:57:06+08:00][info] 任务开始: ID=49, 名称=二7
[2026-02-27T02:57:13+08:00][info] 任务开始: ID=48, 名称=二6
[2026-02-27T02:57:24+08:00][info] 任务开始: ID=37, 名称=二1
[2026-02-27T02:57:30+08:00][info] 任务开始: ID=36, 名称=二2
[2026-02-27T02:57:37+08:00][info] 任务开始: ID=35, 名称=二3
[2026-02-27T02:57:41+08:00][info] 任务开始: ID=34, 名称=二4
[2026-02-27T02:57:46+08:00][info] 任务开始: ID=33, 名称=二5
[2026-02-27T02:58:06+08:00][info] [telegram队列] 批次:  耗时=0.01秒
[2026-02-27T02:59:36+08:00][info] [telegram队列] 批次:  耗时=0秒
[2026-02-27T03:00:14+08:00][info] 任务开始: ID=25, 名称=测试222
[2026-02-27T03:00:18+08:00][info] 任务开始: ID=27, 名称=3333
[2026-02-27T03:00:22+08:00][info] 任务开始: ID=28, 名称=555
[2026-02-27T03:00:26+08:00][info] 任务开始: ID=29, 名称=5
[2026-02-27T03:00:30+08:00][info] 任务开始: ID=31, 名称=666
[2026-02-27T03:02:07+08:00][info] 用户归档缓存已强制从数据库更新，共处理 150 个用户
[2026-02-27T03:02:37+08:00][info] [telegram队列] 批次:  耗时=0.01秒
[2026-02-27T03:06:06+08:00][info] 任务开始: ID=59, 名称=三1
[2026-02-27T03:06:34+08:00][info] 任务开始: ID=60, 名称=三2
[2026-02-27T03:07:00+08:00][info] 任务开始: ID=61, 名称=三3
[2026-02-27T03:07:26+08:00][info] 任务开始: ID=62, 名称=三4
[2026-02-27T03:07:54+08:00][info] 任务开始: ID=63, 名称=三5
[2026-02-27T03:08:20+08:00][info] 任务停止: ID=25, 名称=测试222
[2026-02-27T03:08:22+08:00][info] 任务停止: ID=27, 名称=3333
[2026-02-27T03:08:28+08:00][info] 任务停止: ID=28, 名称=555
[2026-02-27T03:08:30+08:00][info] 任务停止: ID=29, 名称=5
[2026-02-27T03:08:38+08:00][info] 任务停止: ID=31, 名称=666
[2026-02-27T03:10:12+08:00][info] 用户归档缓存已强制从数据库更新，共处理 150 个用户
[2026-02-27T03:10:23+08:00][info] 任务开始: ID=58, 名称=四5
[2026-02-27T03:10:34+08:00][info] 任务开始: ID=57, 名称=四4
[2026-02-27T03:10:45+08:00][info] 任务开始: ID=56, 名称=四3
[2026-02-27T03:10:49+08:00][info] 任务开始: ID=55, 名称=四2
[2026-02-27T03:10:55+08:00][info] 任务开始: ID=54, 名称=四1
[2026-02-27T03:24:30+08:00][info] 任务开始: ID=63, 名称=三5
[2026-02-27T03:24:48+08:00][info] 任务开始: ID=62, 名称=三4
[2026-02-27T03:24:55+08:00][info] 任务开始: ID=61, 名称=三3
[2026-02-27T03:25:04+08:00][info] 任务开始: ID=60, 名称=三2
[2026-02-27T03:25:13+08:00][info] 任务开始: ID=59, 名称=三1
[2026-02-27T03:47:09+08:00][error] 错误信息:controller not exists:app\admin\controller\Reports
[2026-02-27T03:47:09+08:00][error] 错误信息:controller not exists:app\admin\controller\Reports
[2026-02-27T03:47:51+08:00][error] [0]think\db\PDOConnection::pdoQuery(): Return value must be of type array, bool returned[/www/wwwroot/tdata.tgbota.top/vendor/topthink/think-orm/src/db/PDOConnection.php:729]
[2026-02-27T03:47:51+08:00][error] [0]only array cache can be push[/www/wwwroot/tdata.tgbota.top/vendor/topthink/framework/src/think/cache/Driver.php:120]
[2026-02-27T04:20:53+08:00][error] [0]think\db\PDOConnection::pdoQuery(): Return value must be of type array, bool returned[/www/wwwroot/tdata.tgbota.top/vendor/topthink/think-orm/src/db/PDOConnection.php:729]
[2026-02-27T04:20:53+08:00][error] [0]think\db\PDOConnection::pdoQuery(): Return value must be of type array, bool returned[/www/wwwroot/tdata.tgbota.top/vendor/topthink/think-orm/src/db/PDOConnection.php:729]
[2026-02-27T04:22:51+08:00][error] [0]think\db\PDOConnection::pdoQuery(): Return value must be of type array, bool returned[/www/wwwroot/tdata.tgbota.top/vendor/topthink/think-orm/src/db/PDOConnection.php:729]
[2026-02-27T04:25:51+08:00][error] [0]think\db\PDOConnection::pdoQuery(): Return value must be of type array, bool returned[/www/wwwroot/tdata.tgbota.top/vendor/topthink/think-orm/src/db/PDOConnection.php:729]
[2026-02-27T04:40:51+08:00][error] [0]think\db\PDOConnection::pdoQuery(): Return value must be of type array, bool returned[/www/wwwroot/tdata.tgbota.top/vendor/topthink/think-orm/src/db/PDOConnection.php:729]
[2026-02-27T04:43:51+08:00][error] [0]think\db\PDOConnection::pdoQuery(): Return value must be of type array, bool returned[/www/wwwroot/tdata.tgbota.top/vendor/topthink/think-orm/src/db/PDOConnection.php:729]
[2026-02-27T04:57:51+08:00][error] [0]think\db\PDOConnection::pdoQuery(): Return value must be of type array, bool returned[/www/wwwroot/tdata.tgbota.top/vendor/topthink/think-orm/src/db/PDOConnection.php:729]
[2026-02-27T05:43:51+08:00][error] [0]think\db\PDOConnection::pdoQuery(): Return value must be of type array, bool returned[/www/wwwroot/tdata.tgbota.top/vendor/topthink/think-orm/src/db/PDOConnection.php:729]
[2026-02-27T05:57:51+08:00][error] [0]think\db\PDOConnection::pdoQuery(): Return value must be of type array, bool returned[/www/wwwroot/tdata.tgbota.top/vendor/topthink/think-orm/src/db/PDOConnection.php:729]
[2026-02-27T06:55:51+08:00][error] [0]think\db\PDOConnection::pdoQuery(): Return value must be of type array, bool returned[/www/wwwroot/tdata.tgbota.top/vendor/topthink/think-orm/src/db/PDOConnection.php:729]
[2026-02-27T06:55:51+08:00][error] [0]think\db\PDOConnection::pdoQuery(): Return value must be of type array, bool returned[/www/wwwroot/tdata.tgbota.top/vendor/topthink/think-orm/src/db/PDOConnection.php:729]
[2026-02-27T13:32:12+08:00][info] [telegram队列] 批次:  耗时=0秒
[2026-02-27T13:32:51+08:00][info] 任务开始: ID=54, 名称=四1
[2026-02-27T13:56:55+08:00][info] [telegram队列] 批次:  耗时=0秒
[2026-02-27T16:03:59+08:00][info] 任务开始: ID=58, 名称=四5
[2026-02-27T16:04:12+08:00][info] 任务开始: ID=57, 名称=四4
[2026-02-27T16:04:26+08:00][info] 任务开始: ID=56, 名称=四3
[2026-02-27T16:04:32+08:00][info] 任务开始: ID=55, 名称=四2
[2026-02-27T16:04:39+08:00][info] 任务开始: ID=54, 名称=四1
[2026-02-27T16:04:46+08:00][info] 任务停止: ID=63, 名称=三5
[2026-02-27T16:04:52+08:00][info] 任务停止: ID=62, 名称=三4
[2026-02-27T16:04:54+08:00][info] 任务停止: ID=61, 名称=三3
[2026-02-27T16:04:57+08:00][info] 任务停止: ID=60, 名称=三2
[2026-02-27T16:05:00+08:00][info] 任务停止: ID=59, 名称=三1
[2026-02-27T16:05:06+08:00][info] 任务停止: ID=33, 名称=二5
[2026-02-27T16:05:10+08:00][info] 任务停止: ID=34, 名称=二4
[2026-02-27T16:05:17+08:00][info] 任务停止: ID=35, 名称=二3
[2026-02-27T16:05:24+08:00][info] 任务停止: ID=36, 名称=二2
[2026-02-27T16:05:27+08:00][info] 任务停止: ID=37, 名称=二1
[2026-02-27T16:05:30+08:00][info] 任务停止: ID=48, 名称=二6
[2026-02-27T16:05:33+08:00][info] 任务停止: ID=49, 名称=二7
[2026-02-27T16:05:36+08:00][info] 任务停止: ID=50, 名称=二8
[2026-02-27T16:05:39+08:00][info] 任务停止: ID=51, 名称=二9
[2026-02-27T16:05:42+08:00][info] 任务停止: ID=52, 名称=二10
[2026-02-27T16:05:56+08:00][info] [telegram队列] 批次:  耗时=0秒
[2026-02-27T16:16:23+08:00][info] [telegram队列] 批次:  耗时=0.01秒
[2026-02-27T16:17:40+08:00][info] [telegram队列] 批次:  耗时=0秒
[2026-02-27T16:18:24+08:00][info] 任务开始: ID=54, 名称=四1
[2026-02-27T16:18:27+08:00][info] 任务开始: ID=55, 名称=四2
[2026-02-27T16:18:31+08:00][info] 任务开始: ID=56, 名称=四3
[2026-02-27T16:18:34+08:00][info] 任务开始: ID=57, 名称=四4
[2026-02-27T16:18:38+08:00][info] 任务开始: ID=58, 名称=四5
[2026-02-27T16:35:37+08:00][info] 任务开始: ID=55, 名称=四2
[2026-02-27T16:37:35+08:00][info] [telegram队列] 批次:  耗时=0秒
[2026-02-27T16:45:22+08:00][info] [telegram队列] 批次:  耗时=0.01秒
[2026-02-27T23:20:45+08:00][info] [telegram队列] 批次:  耗时=0秒
[2026-02-27T23:21:07+08:00][info] 任务开始: ID=57, 名称=四4
[2026-02-27T23:37:28+08:00][info] 任务停止: ID=57, 名称=四4
[2026-02-27T23:37:31+08:00][info] 任务停止: ID=55, 名称=四2
[2026-02-27T23:37:34+08:00][info] 任务停止: ID=54, 名称=四1
[2026-02-27T23:46:16+08:00][info] [telegram队列] 批次:  耗时=0.01秒
[2026-02-27T23:46:50+08:00][info] 任务开始: ID=58, 名称=四5
[2026-02-27T23:46:55+08:00][info] 任务开始: ID=56, 名称=四3
[2026-02-27T23:46:59+08:00][info] 任务开始: ID=57, 名称=四4
[2026-02-27T23:47:03+08:00][info] 任务开始: ID=55, 名称=四2
[2026-02-27T23:47:07+08:00][info] 任务开始: ID=54, 名称=四1
