[2026-02-28T01:58:10+08:00][error] 错误信息:controller not exists:app\admin\controller\Env
[2026-02-28T09:10:29+08:00][info] 用户归档缓存已强制从数据库更新，共处理 30 个用户
[2026-02-28T09:10:56+08:00][info] [telegram队列] 批次:  耗时=0秒
[2026-02-28T09:11:46+08:00][info] [telegram队列] 批次:  耗时=0秒
[2026-02-28T09:13:05+08:00][info] 任务开始: ID=56, 名称=四3
[2026-02-28T09:13:15+08:00][info] 任务开始: ID=57, 名称=四4
[2026-02-28T09:13:22+08:00][info] 任务开始: ID=54, 名称=四1
[2026-02-28T09:14:24+08:00][info] 用户归档缓存已强制从数据库更新，共处理 19 个用户
[2026-02-28T09:57:34+08:00][info] https://tdata.tgbota.top
[2026-02-28T09:57:34+08:00][info] /uploads
[2026-02-28T09:57:36+08:00][info] /www/wwwroot/tdata.tgbota.top/public/uploads/admin/202602/69a24b8e1f5fd.txt
[2026-02-28T09:58:20+08:00][info] https://tdata.tgbota.top
[2026-02-28T09:58:20+08:00][info] /uploads
[2026-02-28T09:58:22+08:00][info] /www/wwwroot/tdata.tgbota.top/public/uploads/admin/202602/69a24bbca58f3.txt
[2026-02-28T09:58:43+08:00][info] https://tdata.tgbota.top
[2026-02-28T09:58:43+08:00][info] /uploads
[2026-02-28T09:58:44+08:00][info] /www/wwwroot/tdata.tgbota.top/public/uploads/admin/202602/69a24bd316462.txt
[2026-02-28T09:59:36+08:00][info] [telegram队列] 批次:  耗时=0秒
[2026-02-28T10:00:30+08:00][info] [telegram队列] 批次:  耗时=0秒
[2026-02-28T10:01:31+08:00][info] 用户归档缓存已强制从数据库更新，共处理 17 个用户
[2026-02-28T10:01:54+08:00][info] 用户归档缓存已强制从数据库更新，共处理 2 个用户
[2026-02-28T10:02:15+08:00][info] https://tdata.tgbota.top
[2026-02-28T10:02:15+08:00][info] /uploads
[2026-02-28T10:02:16+08:00][info] /www/wwwroot/tdata.tgbota.top/public/uploads/admin/202602/69a24ca72d670.txt
[2026-02-28T10:03:24+08:00][info] [telegram队列] 批次:  耗时=0秒
[2026-02-28T10:03:46+08:00][info] [telegram队列] 批次:  耗时=0秒
[2026-02-28T10:04:55+08:00][info] [telegram队列] 批次:  耗时=0.01秒
[2026-02-28T10:07:10+08:00][info] 用户归档缓存已强制从数据库更新，共处理 150 个用户
[2026-02-28T10:07:22+08:00][info] [telegram队列] 批次:  耗时=0.01秒
[2026-02-28T10:08:19+08:00][info] [telegram队列] 批次:  耗时=0秒
[2026-02-28T10:08:41+08:00][info] https://tdata.tgbota.top
[2026-02-28T10:08:41+08:00][info] /uploads
[2026-02-28T10:08:43+08:00][info] /www/wwwroot/tdata.tgbota.top/public/uploads/admin/202602/69a24e29ebab9.txt
[2026-02-28T10:08:56+08:00][info] [telegram队列] 批次:  耗时=0秒
[2026-02-28T10:10:04+08:00][info] [telegram队列] 批次:  耗时=0秒
[2026-02-28T10:10:34+08:00][info] [telegram队列] 批次:  耗时=0秒
[2026-02-28T10:11:28+08:00][info] [telegram队列] 批次:  耗时=0秒
[2026-02-28T10:12:09+08:00][info] [telegram队列] 批次:  耗时=0秒
[2026-02-28T10:14:07+08:00][info] [telegram队列] 批次:  耗时=0秒
[2026-02-28T10:14:34+08:00][info] [telegram队列] 批次:  耗时=0.01秒
[2026-02-28T10:15:12+08:00][info] https://tdata.tgbota.top
[2026-02-28T10:15:12+08:00][info] /uploads
[2026-02-28T10:15:15+08:00][info] /www/wwwroot/tdata.tgbota.top/public/uploads/admin/202602/69a24fb0c9009.txt
[2026-02-28T10:15:37+08:00][info] 任务开始: ID=55, 名称=四2
[2026-02-28T10:15:38+08:00][info] 任务开始: ID=56, 名称=四3
[2026-02-28T10:16:08+08:00][info] [telegram队列] 批次:  耗时=0秒
[2026-02-28T14:47:00+08:00][info] [telegram队列] 批次:  耗时=0秒
[2026-02-28T14:50:55+08:00][info] [telegram队列] 批次:  耗时=0秒
[2026-02-28T15:31:19+08:00][info] https://tdata.tgbota.top
[2026-02-28T15:31:19+08:00][info] /uploads
[2026-02-28T15:31:23+08:00][info] 批次batch_69a299cb1551f2.53648191：子批次0（150个账号）投递成功，任务ID：fQTyyIpJlqSdYDrhzyobhNVnNIFxnAvR
[2026-02-28T15:31:23+08:00][info] 批次batch_69a299cb1551f2.53648191处理完成：总账号150，子批次1，成功入队150个
[2026-02-28T15:31:23+08:00][info] 返回结果: {"total":150,"queued":150,"failed":0,"chunk_count":1,"errors":[],"batch_id":"batch_69a299cb1551f2.53648191"}
[2026-02-28T16:25:03+08:00][info] /www/wwwroot/tdata.tgbota.top/public//uploads/admin/202602/69a299c7338a1/14304992780
[2026-02-28T16:25:03+08:00][info] /www/wwwroot/tdata.tgbota.top/public//uploads/admin/202602/69a299c7338a1/14406245316
[2026-02-28T16:25:03+08:00][info] /www/wwwroot/tdata.tgbota.top/public//uploads/admin/202602/69a299c7338a1/14352815737
[2026-02-28T16:25:03+08:00][info] /www/wwwroot/tdata.tgbota.top/public//uploads/admin/202602/69a299c7338a1/14256602168
[2026-02-28T16:25:03+08:00][info] /www/wwwroot/tdata.tgbota.top/public//uploads/admin/202602/69a299c7338a1/14406975179
[2026-02-28T16:25:03+08:00][info] /www/wwwroot/tdata.tgbota.top/public//uploads/admin/202602/69a299c7338a1/14258326609
[2026-02-28T16:25:03+08:00][info] /www/wwwroot/tdata.tgbota.top/public//uploads/admin/202602/69a299c7338a1/14356254170
[2026-02-28T16:25:03+08:00][info] /www/wwwroot/tdata.tgbota.top/public//uploads/admin/202602/69a299c7338a1/14407909318
[2026-02-28T16:25:03+08:00][info] /www/wwwroot/tdata.tgbota.top/public//uploads/admin/202602/69a299c7338a1/14257956270
[2026-02-28T16:25:03+08:00][info] /www/wwwroot/tdata.tgbota.top/public//uploads/admin/202602/69a299c7338a1/14303272308
[2026-02-28T16:25:03+08:00][info] /www/wwwroot/tdata.tgbota.top/public//uploads/admin/202602/69a299c7338a1/14357094903
[2026-02-28T16:25:03+08:00][info] /www/wwwroot/tdata.tgbota.top/public//uploads/admin/202602/69a299c7338a1/14353516429
[2026-02-28T16:25:03+08:00][info] /www/wwwroot/tdata.tgbota.top/public//uploads/admin/202602/69a299c7338a1/14256427139
[2026-02-28T16:25:03+08:00][info] /www/wwwroot/tdata.tgbota.top/public//uploads/admin/202602/69a299c7338a1/14259307262
[2026-02-28T16:25:03+08:00][info] /www/wwwroot/tdata.tgbota.top/public//uploads/admin/202602/69a299c7338a1/14407229557
[2026-02-28T16:25:03+08:00][info] /www/wwwroot/tdata.tgbota.top/public//uploads/admin/202602/69a299c7338a1/14252952220
[2026-02-28T16:25:03+08:00][info] /www/wwwroot/tdata.tgbota.top/public//uploads/admin/202602/69a299c7338a1/14254487697
[2026-02-28T16:25:03+08:00][info] /www/wwwroot/tdata.tgbota.top/public//uploads/admin/202602/69a299c7338a1/14355807227
[2026-02-28T16:25:03+08:00][info] /www/wwwroot/tdata.tgbota.top/public//uploads/admin/202602/69a299c7338a1/14407374261
[2026-02-28T16:25:03+08:00][info] /www/wwwroot/tdata.tgbota.top/public//uploads/admin/202602/69a299c7338a1/14245522726
[2026-02-28T21:03:36+08:00][info] 用户归档缓存已强制从数据库更新，共处理 1 个用户
[2026-02-28T21:03:41+08:00][info] [telegram队列] 批次:  耗时=0秒
[2026-02-28T22:21:45+08:00][info] 用户归档缓存已强制从数据库更新，共处理 1 个用户
[2026-02-28T22:21:49+08:00][info] [telegram队列] 批次:  耗时=0秒
[2026-02-28T22:22:14+08:00][info] 用户归档缓存已强制从数据库更新，共处理 1 个用户
[2026-02-28T22:22:18+08:00][info] [telegram队列] 批次:  耗时=0秒
