[2026-01-09T14:49:54+08:00][info] https://tdata.tgbota.top
[2026-01-09T14:49:54+08:00][info] /uploads
[2026-01-09T14:49:55+08:00][info] 批次batch_6960a513f1e876.10638701：子批次0（100个账号）投递成功，任务ID：CwlxICvLRmOMACdBgWcxjabyrxkKEDZL
[2026-01-09T14:49:55+08:00][info] 批次batch_6960a513f1e876.10638701：子批次1（100个账号）投递成功，任务ID：CRQpLyqllFHONuDqjniUClJwYIlFfgJY
[2026-01-09T14:49:55+08:00][info] 批次batch_6960a513f1e876.10638701处理完成：总账号200，子批次2，成功入队200个
[2026-01-09T14:49:55+08:00][info] 返回结果: {"total":200,"queued":200,"failed":0,"chunk_count":2,"errors":[],"batch_id":"batch_6960a513f1e876.10638701"}
[2026-01-09T14:51:54+08:00][info] https://tdata.tgbota.top
[2026-01-09T14:51:54+08:00][info] /uploads
[2026-01-09T14:51:55+08:00][info] 批次batch_6960a58bc07ff9.40421378：子批次0（100个账号）投递成功，任务ID：eSFsLvJuRpknBdrcjgdDkSKNjbDumwiI
[2026-01-09T14:51:55+08:00][info] 批次batch_6960a58bc07ff9.40421378：子批次1（100个账号）投递成功，任务ID：kyjkjfLzbpvJxihOWmNpMjoJcPVZleDy
[2026-01-09T14:51:55+08:00][info] 批次batch_6960a58bc07ff9.40421378处理完成：总账号200，子批次2，成功入队200个
[2026-01-09T14:51:55+08:00][info] 返回结果: {"total":200,"queued":200,"failed":0,"chunk_count":2,"errors":[],"batch_id":"batch_6960a58bc07ff9.40421378"}
[2026-01-09T14:52:24+08:00][info] 用户归档缓存已强制从数据库更新，共处理 200 个用户
[2026-01-09T14:52:53+08:00][info] 用户归档缓存已强制从数据库更新，共处理 200 个用户
[2026-01-09T14:53:02+08:00][info] [telegram队列] 批次:  耗时=0.01秒
[2026-01-09T15:09:28+08:00][info] 用户归档缓存已强制从数据库更新，共处理 151 个用户
[2026-01-09T20:53:22+08:00][info] [telegram队列] 批次:  耗时=0秒
[2026-01-09T20:53:52+08:00][info] [telegram队列] 批次:  耗时=0秒
[2026-01-09T20:56:15+08:00][info] 任务开始: ID=22, 名称=新的测试群组
[2026-01-09T22:42:50+08:00][info] [telegram队列] 批次:  耗时=0秒
[2026-01-09T22:43:03+08:00][info] 任务开始: ID=22, 名称=新的测试群组
