[2026-01-12T02:02:22+08:00][info] [telegram队列] 批次:  耗时=0秒
[2026-01-12T02:03:21+08:00][info] [telegram队列] 批次:  耗时=0秒
[2026-01-12T02:04:16+08:00][info] [telegram队列] 批次:  耗时=0秒
[2026-01-12T02:05:37+08:00][info] 用户归档缓存已强制从数据库更新，共处理 56 个用户
[2026-01-12T02:10:58+08:00][info] https://tdata.tgbota.top
[2026-01-12T02:10:58+08:00][info] /uploads
[2026-01-12T02:11:00+08:00][info] 批次batch_6963e7b4a3dc56.98766545：子批次0（100个账号）投递成功，任务ID：hJgYTVPsqjaHZOHZXXcLhcsoUAgJbsdI
[2026-01-12T02:11:00+08:00][info] 批次batch_6963e7b4a3dc56.98766545：子批次1（52个账号）投递成功，任务ID：aSrxalqcahtsLGSNhrfUiJOBUKuAsvre
[2026-01-12T02:11:00+08:00][info] 批次batch_6963e7b4a3dc56.98766545处理完成：总账号152，子批次2，成功入队152个
[2026-01-12T02:11:00+08:00][info] 返回结果: {"total":152,"queued":152,"failed":0,"chunk_count":2,"errors":[],"batch_id":"batch_6963e7b4a3dc56.98766545"}
[2026-01-12T02:11:40+08:00][info] 用户归档缓存已强制从数据库更新，共处理 149 个用户
[2026-01-12T02:12:31+08:00][info] https://tdata.tgbota.top
[2026-01-12T02:12:31+08:00][info] /uploads
[2026-01-12T02:12:33+08:00][info] 批次batch_6963e811750319.99265551：子批次0（10个账号）投递成功，任务ID：mExfIqiUnnFWCoTLWAwcMbFlgzGRJITG
[2026-01-12T02:12:33+08:00][info] 批次batch_6963e811750319.99265551处理完成：总账号10，子批次1，成功入队10个
[2026-01-12T02:12:33+08:00][info] 返回结果: {"total":10,"queued":10,"failed":0,"chunk_count":1,"errors":[],"batch_id":"batch_6963e811750319.99265551"}
[2026-01-12T02:12:51+08:00][info] 用户归档缓存已强制从数据库更新，共处理 9 个用户
[2026-01-12T02:13:06+08:00][info] 用户归档缓存已强制从数据库更新，共处理 158 个用户
[2026-01-12T02:13:12+08:00][info] [telegram队列] 批次:  耗时=0.01秒
[2026-01-12T02:14:40+08:00][info] https://tdata.tgbota.top
[2026-01-12T02:14:40+08:00][info] /uploads
[2026-01-12T02:14:42+08:00][info] 批次batch_6963e8927a6913.98310310：子批次0（20个账号）投递成功，任务ID：qFqCnbMdNiZfwLDCkRZhIBmePlVmdSIn
[2026-01-12T02:14:42+08:00][info] 批次batch_6963e8927a6913.98310310处理完成：总账号20，子批次1，成功入队20个
[2026-01-12T02:14:42+08:00][info] 返回结果: {"total":20,"queued":20,"failed":0,"chunk_count":1,"errors":[],"batch_id":"batch_6963e8927a6913.98310310"}
[2026-01-12T02:15:56+08:00][info] 用户归档缓存已强制从数据库更新，共处理 20 个用户
[2026-01-12T02:16:27+08:00][info] 用户归档缓存已强制从数据库更新，共处理 20 个用户
[2026-01-12T02:16:56+08:00][info] 用户归档缓存已强制从数据库更新，共处理 4 个用户
[2026-01-12T02:17:13+08:00][info] [telegram队列] 批次:  耗时=0秒
[2026-01-12T02:17:56+08:00][info] https://tdata.tgbota.top
[2026-01-12T02:17:56+08:00][info] /uploads
[2026-01-12T02:17:57+08:00][info] /www/wwwroot/tdata.tgbota.top/public/uploads/admin/202601/6963e9544b2a3.txt
[2026-01-12T02:20:47+08:00][info] 任务开始: ID=23, 名称=150+测试
[2026-01-12T05:16:07+08:00][info] 任务开始: ID=23, 名称=150+测试
[2026-01-12T05:17:21+08:00][info] [telegram队列] 批次:  耗时=0秒
[2026-01-12T05:17:58+08:00][info] [telegram队列] 批次:  耗时=0.01秒
[2026-01-12T05:27:35+08:00][info] [telegram队列] 批次:  耗时=0秒
[2026-01-12T05:34:33+08:00][info] https://tdata.tgbota.top
[2026-01-12T05:34:33+08:00][info] /uploads
[2026-01-12T05:34:37+08:00][info] /www/wwwroot/tdata.tgbota.top/public/uploads/admin/202601/69641769d5fc8.txt
[2026-01-12T05:35:30+08:00][info] 开始时间：2026-01-12 05:35:30
[2026-01-12T05:35:30+08:00][error] 接口调用发生异常{"action":"update_nickname","message":"cURL error 7: Failed to connect to 127.0.0.1 port 5052: Connection refused (see https:\/\/curl.haxx.se\/libcurl\/c\/libcurl-errors.html) for http:\/\/127.0.0.1:5052\/telegram_action","trace":"#0 \/www\/wwwroot\/tdata.tgbota.top\/vendor\/guzzlehttp\/guzzle\/src\/Handler\/CurlFactory.php(205): GuzzleHttp\\Handler\\CurlFactory::createRejection()\n#1 \/www\/wwwroot\/tdata.tgbota.top\/vendor\/guzzlehttp\/guzzle\/src\/Handler\/CurlFactory.php(157): GuzzleHttp\\Handler\\CurlFactory::finishError()\n#2 \/www\/wwwroot\/tdata.tgbota.top\/vendor\/guzzlehttp\/guzzle\/src\/Handler\/CurlHandler.php(47): GuzzleHttp\\Handler\\CurlFactory::finish()\n#3 \/www\/wwwroot\/tdata.tgbota.top\/vendor\/guzzlehttp\/guzzle\/src\/Handler\/Proxy.php(28): GuzzleHttp\\Handler\\CurlHandler->__invoke()\n#4 \/www\/wwwroot\/tdata.tgbota.top\/vendor\/guzzlehttp\/guzzle\/src\/Handler\/Proxy.php(48): GuzzleHttp\\Handler\\Proxy::GuzzleHttp\\Handler\\{closure}()\n#5 \/www\/wwwroot\/tdata.tgbota.top\/vendor\/guzzlehttp\/guzzle\/src\/PrepareBodyMiddleware.php(64): GuzzleHttp\\Handler\\Proxy::GuzzleHttp\\Handler\\{closure}()\n#6 \/www\/wwwroot\/tdata.tgbota.top\/vendor\/guzzlehttp\/guzzle\/src\/Middleware.php(31): GuzzleHttp\\PrepareBodyMiddleware->__invoke()\n#7 \/www\/wwwroot\/tdata.tgbota.top\/vendor\/guzzlehttp\/guzzle\/src\/RedirectMiddleware.php(71): GuzzleHttp\\Middleware::GuzzleHttp\\{closure}()\n#8 \/www\/wwwroot\/tdata.tgbota.top\/vendor\/guzzlehttp\/guzzle\/src\/Middleware.php(66): GuzzleHttp\\RedirectMiddleware->__invoke()\n#9 \/www\/wwwroot\/tdata.tgbota.top\/vendor\/guzzlehttp\/guzzle\/src\/HandlerStack.php(75): GuzzleHttp\\Middleware::GuzzleHttp\\{closure}()\n#10 \/www\/wwwroot\/tdata.tgbota.top\/vendor\/guzzlehttp\/guzzle\/src\/Client.php(333): GuzzleHttp\\HandlerStack->__invoke()\n#11 \/www\/wwwroot\/tdata.tgbota.top\/vendor\/guzzlehttp\/guzzle\/src\/Client.php(169): GuzzleHttp\\Client->transfer()\n#12 \/www\/wwwroot\/tdata.tgbota.top\/vendor\/guzzlehttp\/guzzle\/src\/Client.php(189): GuzzleHttp\\Client->requestAsync()\n#13 \/www\/wwwroot\/tdata.tgbota.top\/vendor\/guzzlehttp\/guzzle\/src\/ClientTrait.php(95): GuzzleHttp\\Client->request()\n#14 \/www\/wwwroot\/tdata.tgbota.top\/app\/service\/TelegramTdata.php(78): GuzzleHttp\\Client->post()\n#15 \/www\/wwwroot\/tdata.tgbota.top\/app\/service\/TelegramTdata.php(217): app\\service\\TelegramTdata->callPythonScript()\n#16 \/www\/wwwroot\/tdata.tgbota.top\/app\/admin\/controller\/Mtuser.php(134): app\\service\\TelegramTdata->updateNickname()\n#17 [internal function]: app\\admin\\controller\\Mtuser->update()\n#18 \/www\/wwwroot\/tdata.tgbota.top\/vendor\/topthink\/think-container\/src\/Container.php(349): ReflectionMethod->invokeArgs()\n#19 \/www\/wwwroot\/tdata.tgbota.top\/vendor\/topthink\/framework\/src\/think\/route\/Dispatch.php(178): think\\Container->invokeReflectMethod()\n#20 \/www\/wwwroot\/tdata.tgbota.top\/vendor\/topthink\/framework\/src\/think\/Pipeline.php(59): think\\route\\Dispatch->think\\route\\{closure}()\n#21 \/www\/wwwroot\/tdata.tgbota.top\/vendor\/topthink\/framework\/src\/think\/Pipeline.php(66): think\\Pipeline->think\\{closure}()\n#22 \/www\/wwwroot\/tdata.tgbota.top\/vendor\/topthink\/framework\/src\/think\/route\/Dispatch.php(152): think\\Pipeline->then()\n#23 \/www\/wwwroot\/tdata.tgbota.top\/vendor\/topthink\/framework\/src\/think\/route\/dispatch\/Controller.php(88): think\\route\\Dispatch->responseWithMiddlewarePipeline()\n#24 \/www\/wwwroot\/tdata.tgbota.top\/vendor\/topthink\/framework\/src\/think\/route\/Dispatch.php(56): think\\route\\dispatch\\Controller->exec()\n#25 \/www\/wwwroot\/tdata.tgbota.top\/vendor\/topthink\/framework\/src\/think\/Route.php(713): think\\route\\Dispatch->run()\n#26 \/www\/wwwroot\/tdata.tgbota.top\/vendor\/topthink\/framework\/src\/think\/Pipeline.php(59): think\\Route->think\\{closure}()\n#27 \/www\/wwwroot\/tdata.tgbota.top\/vendor\/topthink\/framework\/src\/think\/Pipeline.php(66): think\\Pipeline->think\\{closure}()\n#28 \/www\/wwwroot\/tdata.tgbota.top\/vendor\/topthink\/framework\/src\/think\/Route.php(712): think\\Pipeline->then()\n#29 \/www\/wwwroot\/tdata.tgbota.top\/vendor\/topthink\/framework\/src\/think\/Http.php(208): think\\Route->dispatch()\n#30 \/www\/wwwroot\/tdata.tgbota.top\/vendor\/topthink\/framework\/src\/think\/Http.php(198): think\\Http->dispatchToRoute()\n#31 \/www\/wwwroot\/tdata.tgbota.top\/vendor\/topthink\/framework\/src\/think\/Pipeline.php(59): think\\Http->think\\{closure}()\n#32 \/www\/wwwroot\/tdata.tgbota.top\/vendor\/topthink\/think-multi-app\/src\/MultiApp.php(51): think\\Pipeline->think\\{closure}()\n#33 \/www\/wwwroot\/tdata.tgbota.top\/vendor\/topthink\/framework\/src\/think\/Pipeline.php(59): think\\app\\MultiApp->think\\app\\{closure}()\n#34 \/www\/wwwroot\/tdata.tgbota.top\/vendor\/topthink\/framework\/src\/think\/Pipeline.php(66): think\\Pipeline->think\\{closure}()\n#35 \/www\/wwwroot\/tdata.tgbota.top\/vendor\/topthink\/think-multi-app\/src\/MultiApp.php(50): think\\Pipeline->then()\n#36 [internal function]: think\\app\\MultiApp->handle()\n#37 \/www\/wwwroot\/tdata.tgbota.top\/vendor\/topthink\/framework\/src\/think\/Middleware.php(134): call_user_func()\n#38 \/www\/wwwroot\/tdata.tgbota.top\/vendor\/topthink\/framework\/src\/think\/Pipeline.php(85): think\\Middleware->think\\{closure}()\n#39 \/www\/wwwroot\/tdata.tgbota.top\/vendor\/topthink\/framework\/src\/think\/middleware\/SessionInit.php(58): think\\Pipeline->think\\{closure}()\n#40 [internal function]: think\\middleware\\SessionInit->handle()\n#41 \/www\/wwwroot\/tdata.tgbota.top\/vendor\/topthink\/framework\/src\/think\/Middleware.php(134): call_user_func()\n#42 \/www\/wwwroot\/tdata.tgbota.top\/vendor\/topthink\/framework\/src\/think\/Pipeline.php(85): think\\Middleware->think\\{closure}()\n#43 \/www\/wwwroot\/tdata.tgbota.top\/vendor\/topthink\/framework\/src\/think\/middleware\/AllowCrossDomain.php(61): think\\Pipeline->think\\{closure}()\n#44 [internal function]: think\\middleware\\AllowCrossDomain->handle()\n#45 \/www\/wwwroot\/tdata.tgbota.top\/vendor\/topthink\/framework\/src\/think\/Middleware.php(134): call_user_func()\n#46 \/www\/wwwroot\/tdata.tgbota.top\/vendor\/topthink\/framework\/src\/think\/Pipeline.php(85): think\\Middleware->think\\{closure}()\n#47 \/www\/wwwroot\/tdata.tgbota.top\/vendor\/topthink\/framework\/src\/think\/Pipeline.php(66): think\\Pipeline->think\\{closure}()\n#48 \/www\/wwwroot\/tdata.tgbota.top\/vendor\/topthink\/framework\/src\/think\/Http.php(197): think\\Pipeline->then()\n#49 \/www\/wwwroot\/tdata.tgbota.top\/vendor\/topthink\/framework\/src\/think\/Http.php(162): think\\Http->runWithRequest()\n#50 \/www\/wwwroot\/tdata.tgbota.top\/public\/index.php(20): think\\Http->run()\n#51 {main}"}
[2026-01-12T05:35:30+08:00][error] 会员信息更新失败：cURL error 7: Failed to connect to 127.0.0.1 port 5052: Connection refused (see https://curl.haxx.se/libcurl/c/libcurl-errors.html) for http://127.0.0.1:5052/telegram_action，会员ID：2136
[2026-01-12T05:35:52+08:00][info] [telegram队列] 批次:  耗时=0秒
[2026-01-12T05:37:01+08:00][info] 任务开始: ID=23, 名称=150+测试
[2026-01-12T07:11:34+08:00][error] 错误信息:controller not exists:app\admin\controller\Env
[2026-01-12T15:23:36+08:00][info] [telegram队列] 批次:  耗时=0秒
[2026-01-12T15:32:19+08:00][info] [telegram队列] 批次:  耗时=0秒
[2026-01-12T15:33:36+08:00][info] [telegram队列] 批次:  耗时=0.01秒
[2026-01-12T15:34:11+08:00][info] [telegram队列] 批次:  耗时=0秒
[2026-01-12T15:34:55+08:00][info] 任务开始: ID=23, 名称=150+测试
[2026-01-12T15:37:23+08:00][info] 任务开始: ID=23, 名称=150+测试
[2026-01-12T15:39:35+08:00][info] 任务开始: ID=23, 名称=150+测试
[2026-01-12T15:39:42+08:00][info] 任务停止: ID=23, 名称=150+测试
[2026-01-12T15:40:04+08:00][info] 任务开始: ID=23, 名称=150+测试
[2026-01-12T16:15:57+08:00][info] 任务开始: ID=23, 名称=150+测试
[2026-01-12T16:18:27+08:00][info] 任务开始: ID=23, 名称=150+测试
[2026-01-12T16:30:38+08:00][info] 任务开始: ID=23, 名称=150+测试
[2026-01-12T16:35:59+08:00][info] [telegram队列] 批次:  耗时=0秒
[2026-01-12T16:37:29+08:00][info] 任务开始: ID=23, 名称=150+测试
[2026-01-12T16:43:55+08:00][warning] [checkAccount] 以下账号 session 不存在: 2032
[2026-01-12T16:47:48+08:00][info] [telegram队列] 批次:  耗时=0秒
[2026-01-12T16:56:04+08:00][info] [telegram队列] 批次:  耗时=0.01秒
[2026-01-12T16:57:21+08:00][info] 任务开始: ID=23, 名称=150+测试
[2026-01-12T21:55:01+08:00][warning] [checkAccount] 以下账号 session 不存在: 2032,2196
[2026-01-12T21:55:16+08:00][info] [telegram队列] 批次:  耗时=0.01秒
[2026-01-12T22:13:25+08:00][info] 用户归档缓存已强制从数据库更新，共处理 8 个用户
[2026-01-12T22:13:46+08:00][warning] [accountup] 以下用户代理信息缺失: 2125,2126,2178,2188
[2026-01-12T22:13:46+08:00][info] [telegram队列] 批次:  耗时=0秒
[2026-01-12T22:14:17+08:00][info] 用户归档缓存已强制从数据库更新，共处理 4 个用户
[2026-01-12T22:14:21+08:00][info] [telegram队列] 批次:  耗时=0秒
