[2026-01-14T02:06:20+08:00][info] 任务停止: ID=23, 名称=150+测试
[2026-01-14T02:07:36+08:00][warning] [checkAccount] 以下账号 session 不存在: 2027,2028,2029,2030,2031,2033,2035,2036,2037,2038,2039,2040,2041,2042,2043,2044,2045,2047,2048,2049,2050,2051,2053,2054,2055,2057,2058,2059,2060,2061,2062,2064,2066,2067,2068,2069,2070,2071,2072,2073,2074,2075,2076,2077,2078,2079,2080,2081,2082,2083,2084,2085,2086,2087,2088,2089,2090,2091,2092,2093,2094,2095,2096,2097,2098,2100,2101,2103,2104,2106,2107,2108,2109,2110,2112,2113,2114,2115,2116,2117,2118,2119,2120,2121,2122,2123,2124,2128,2129,2130,2131,2132,2133,2134,2135,2136,2137,2138,2139,2140,2141,2142,2143,2144,2145,2146,2147,2148,2149,2150,2151,2152,2153,2154,2155,2156,2157,2159,2160,2161,2162,2163,2164,2165,2166,2167,2168,2169,2171,2172,2173,2174,2176,2177,2179,2180,2181,2182,2183,2184,2185,2186,2187
[2026-01-14T02:08:11+08:00][info] [telegram队列] 批次:  耗时=0.01秒
[2026-01-14T02:09:32+08:00][info] [telegram队列] 批次:  耗时=0秒
[2026-01-14T02:09:50+08:00][info] [telegram队列] 批次:  耗时=0秒
[2026-01-14T02:11:21+08:00][warning] [checkAccount] 以下账号 session 不存在: 2027,2028,2029,2030,2031,2033,2035,2036,2037,2038,2039,2040,2041,2042,2043,2044,2045,2047,2048,2049,2050,2051,2053,2054,2055,2057,2058,2059,2060,2061,2062,2064,2066,2067,2068,2069,2070,2071,2072,2073,2074,2075,2076,2077,2078,2079,2080,2081,2082,2083,2084,2085,2086,2087,2088,2089,2090,2091,2092,2093,2094,2095,2096,2097,2098,2100,2101,2103,2104,2106,2107,2108,2109,2110,2112,2113,2114,2115,2116,2117,2118,2119,2120,2121,2122,2123,2124,2128,2129,2130,2131,2132,2133,2134,2135,2136,2137,2138,2139,2140,2141,2142,2143,2144,2145,2146,2147,2148,2149,2150,2151,2152,2153,2154,2155,2156,2157,2159,2160,2161,2162,2163,2164,2165,2166,2167,2168,2169,2171,2172,2173,2174,2176,2177,2179,2180,2181,2182,2183,2184,2185,2186,2187
[2026-01-14T02:12:16+08:00][info] [telegram队列] 批次:  耗时=0.01秒
[2026-01-14T14:43:24+08:00][error] 错误信息:controller not exists:app\admin\controller\Env
[2026-01-14T14:43:46+08:00][error] 错误信息:controller not exists:app\admin\controller\Config
[2026-01-14T15:31:41+08:00][warning] [checkAccount] 以下账号 session 不存在: 2027,2028,2029,2030,2031,2033,2035,2036,2037,2038,2039,2040,2041,2042,2043,2044,2045,2047,2048,2049,2050,2051,2053,2054,2055,2057,2058,2059,2060,2061,2062,2064,2066,2067,2068,2069,2070,2071,2072,2073,2074,2075,2076,2077,2078,2079,2080,2081,2082,2083,2084,2085,2086,2087,2088,2089,2090,2091,2092,2093,2094,2095,2096,2097,2098,2100,2101,2103,2104,2106,2107,2108,2109,2110,2112,2113,2114,2115,2116,2117,2118,2119,2120,2121,2122,2123,2124,2128,2129,2130,2131,2132,2133,2134,2135,2136,2137,2138,2139,2140,2141,2142,2143,2144,2145,2146,2147,2148,2149,2150,2151,2152,2153,2154,2155,2156,2157,2159,2160,2161,2162,2163,2164,2165,2166,2167,2168,2169,2171,2172,2173,2174,2176,2177,2179,2180,2181,2182,2183,2184,2185,2186,2187
[2026-01-14T15:32:16+08:00][info] [telegram队列] 批次:  耗时=0.01秒
[2026-01-14T17:02:07+08:00][warning] [checkAccount] 以下账号 session 不存在: 2176,2177,2179,2180,2181,2182,2183,2184,2185,2186,2187
[2026-01-14T17:02:37+08:00][warning] [checkAccount] 以下账号 session 不存在: 2027,2028,2029,2030,2031,2033,2035,2036,2037,2038,2039,2040,2041,2042,2043,2044,2045,2047,2048,2049,2050,2051,2053,2054,2055,2057,2058,2059,2060,2061,2062,2064,2066,2067,2068,2069,2070,2071,2072,2073,2074,2075,2076,2077,2078,2079,2080,2081,2082,2083,2084,2085,2086,2087,2088,2089,2090,2091,2092,2093,2094,2095,2096,2097,2098,2100,2101,2103,2104,2106,2107,2108,2109,2110,2112,2113,2114,2115,2116,2117,2118,2119,2120,2121,2122,2123,2124,2128,2129,2130,2131,2132,2133,2134,2135,2136,2137,2138,2139,2140,2141,2142,2143,2144,2145,2146,2147,2148,2149,2150,2151,2152,2153,2154,2155,2156,2157,2159,2160,2161,2162,2163,2164,2165,2166,2167,2168,2169,2171,2172,2173,2174,2176,2177,2179,2180,2181,2182,2183,2184,2185,2186,2187
[2026-01-14T17:07:23+08:00][info] [telegram队列] 批次:  耗时=0.01秒
[2026-01-14T17:08:35+08:00][warning] [checkAccount] 以下账号 session 不存在: 2179,2180,2181,2182,2183,2184,2185,2186,2187
[2026-01-14T17:09:01+08:00][info] [telegram队列] 批次:  耗时=0秒
[2026-01-14T17:10:07+08:00][info] [telegram队列] 批次:  耗时=0秒
[2026-01-14T17:10:35+08:00][warning] [checkAccount] 以下账号 session 不存在: 2187
[2026-01-14T17:10:49+08:00][info] [telegram队列] 批次:  耗时=0秒
[2026-01-14T18:23:57+08:00][info] [telegram队列] 批次:  耗时=0.01秒
[2026-01-14T18:25:20+08:00][info] 任务开始: ID=24, 名称=测试2
[2026-01-14T18:25:21+08:00][info] 任务开始: ID=23, 名称=150+测试
