[2026-01-19T16:43:27+08:00][error] 错误信息:controller not exists:app\admin\controller\Env
[2026-01-19T16:43:33+08:00][error] 错误信息:controller not exists:app\admin\controller\Config
[2026-01-19T17:51:23+08:00][error] 错误信息:controller not exists:app\admin\controller\Env
[2026-01-19T19:13:06+08:00][info] [telegram队列] 批次:  耗时=0秒
[2026-01-19T19:13:32+08:00][info] [telegram队列] 批次:  耗时=0秒
[2026-01-19T19:58:54+08:00][warning] [checkAccount] 以下账号 session 不存在: 2044,2060,2073,2084,2085,2086,2087,2088,2089,2090,2095,2109,2119,2132,2141,2197
[2026-01-19T20:01:23+08:00][info] [telegram队列] 批次:  耗时=0秒
[2026-01-19T20:05:40+08:00][info] [telegram队列] 批次:  耗时=0秒
[2026-01-19T20:07:44+08:00][info] [telegram队列] 批次:  耗时=0.01秒
[2026-01-19T20:09:28+08:00][info] 任务开始: ID=25, 名称=测试222
[2026-01-19T20:10:11+08:00][info] 任务开始: ID=26, 名称=测试111
[2026-01-19T20:10:15+08:00][info] 任务开始: ID=25, 名称=测试222
[2026-01-19T20:16:32+08:00][info] 用户归档缓存已强制从数据库更新，共处理 2 个用户
[2026-01-19T20:16:41+08:00][info] 用户归档缓存已强制从数据库更新，共处理 2 个用户
[2026-01-19T20:16:57+08:00][info] [telegram队列] 批次:  耗时=0秒
[2026-01-19T20:17:55+08:00][info] 任务开始: ID=25, 名称=测试222
[2026-01-19T20:25:04+08:00][error] 错误信息:controller not exists:app\admin\controller\Env
[2026-01-19T20:25:10+08:00][error] 错误信息:controller not exists:app\admin\controller\Config
[2026-01-19T20:33:27+08:00][error] [10501]SQLSTATE[23000]: Integrity constraint violation: 1052 Column 'id' in where clause is ambiguous[/www/wwwroot/tdata.tgbota.top/vendor/topthink/think-orm/src/db/PDOConnection.php:836]
[2026-01-19T20:33:36+08:00][error] [10501]SQLSTATE[23000]: Integrity constraint violation: 1052 Column 'id' in where clause is ambiguous[/www/wwwroot/tdata.tgbota.top/vendor/topthink/think-orm/src/db/PDOConnection.php:836]
