[2026-01-22T00:49:37+08:00][error] 错误信息:controller not exists:app\admin\controller\Env
[2026-01-22T10:45:49+08:00][info] 任务开始: ID=27, 名称=3333
[2026-01-22T10:45:49+08:00][info] 任务开始: ID=26, 名称=测试111
[2026-01-22T10:45:49+08:00][info] 任务开始: ID=25, 名称=测试222
[2026-01-22T10:46:58+08:00][info] [telegram队列] 批次:  耗时=0.01秒
[2026-01-22T14:08:39+08:00][info] [telegram队列] 批次:  耗时=0秒
[2026-01-22T14:13:19+08:00][info] [telegram队列] 批次:  耗时=0秒
[2026-01-22T14:27:56+08:00][info] [telegram队列] 批次:  耗时=0秒
[2026-01-22T14:28:27+08:00][info] 任务开始: ID=27, 名称=3333
[2026-01-22T14:28:31+08:00][info] 任务开始: ID=26, 名称=测试111
[2026-01-22T14:28:35+08:00][info] 任务开始: ID=25, 名称=测试222
[2026-01-22T14:40:08+08:00][info] 用户归档缓存已强制从数据库更新，共处理 3 个用户
[2026-01-22T14:41:02+08:00][info] [telegram队列] 批次:  耗时=0秒
[2026-01-22T14:41:58+08:00][info] 任务开始: ID=25, 名称=测试222
[2026-01-22T14:44:15+08:00][info] 任务停止: ID=26, 名称=测试111
[2026-01-22T14:44:16+08:00][info] 任务停止: ID=25, 名称=测试222
[2026-01-22T14:47:02+08:00][info] [telegram队列] 批次:  耗时=0.01秒
[2026-01-22T14:49:57+08:00][warning] [checkAccount] 以下账号 session 不存在: 1873,1879,1974,2021,2022,2026,2027,2028,2030,2031,2033,2035,2036,2037,2038,2039,2040,2041,2042,2043,2045,2047,2048,2049,2050,2051,2053,2054,2055,2057,2058,2059,2061,2062,2064,2069,2116,2117,2121,2122,2123,2124,2128,2130,2131,2133,2134,2135,2136,2137,2138,2140,2142,2144,2145,2146,2148,2149,2150,2151,2152,2153,2154,2155,2156,2157,2159,2160,2161,2162,2163,2164,2165,2166,2167,2168,2169,2171,2172,2173,2174,2176,2177,2179,2180,2181,2182,2183,2185,2186,2187,2189,2190,2191,2192,2193,2194,2195,2198,2199,2200,2201,2202,2203,2204,2205,2207,2208
[2026-01-22T14:51:55+08:00][info] [telegram队列] 批次:  耗时=0.01秒
[2026-01-22T14:58:10+08:00][info] [telegram队列] 批次:  耗时=0.01秒
[2026-01-22T15:08:01+08:00][info] [telegram队列] 批次:  耗时=0秒
[2026-01-22T15:08:25+08:00][info] [telegram队列] 批次:  耗时=0.01秒
[2026-01-22T15:29:31+08:00][info] [telegram队列] 批次:  耗时=0秒
[2026-01-22T15:32:27+08:00][warning] [checkAccount] 以下账号 session 不存在: 2173,2174,2176,2177,2179,2180,2181,2182,2183,2184,2185,2186,2187,2189,2190,2191,2192,2193,2194,2195,2198,2199,2200,2201,2202,2203,2204,2207,2208
[2026-01-22T15:33:55+08:00][info] [telegram队列] 批次:  耗时=0秒
[2026-01-22T15:35:23+08:00][info] [telegram队列] 批次:  耗时=0秒
[2026-01-22T15:37:00+08:00][info] [telegram队列] 批次:  耗时=0秒
[2026-01-22T15:39:14+08:00][info] [telegram队列] 批次:  耗时=0秒
[2026-01-22T15:39:54+08:00][warning] [checkAccount] 以下账号 session 不存在: 2043,2045,2047,2048,2049,2050,2051,2053,2054,2055,2057,2058,2059,2061,2062,2064,2066,2067,2068,2069,2070,2071,2072,2074,2075,2076,2077,2078,2079,2080,2081,2082,2083,2091,2092,2093,2094,2096,2097,2098,2100,2101,2103,2104,2106,2107,2108,2110,2112,2113,2114,2115,2116,2117,2118,2120,2121,2122,2123,2124,2139,2142,2145,2146,2147,2149,2150,2151,2152,2153,2154,2155,2156,2157,2159,2160,2161,2162,2163,2164,2165,2166,2167,2168,2169,2171,2172,2173,2194,2200,2203,2207,2208
[2026-01-22T15:40:20+08:00][info] [telegram队列] 批次:  耗时=0.01秒
[2026-01-22T15:50:13+08:00][warning] [checkAccount] 以下账号 session 不存在: 1873,2043,2045,2048,2049,2050,2051,2053,2054,2055,2057,2059,2061,2062,2066,2067,2068,2071,2072,2074,2075,2076,2077,2078,2079,2080,2081,2082,2091,2092,2093,2094,2096,2097,2098,2101,2103,2104,2107,2108,2113,2114,2115,2116,2117,2118,2120,2121,2122,2123,2124,2131,2139,2145,2146,2149,2150,2151,2154,2173,2194,2200,2203,2207,2208
[2026-01-22T15:50:27+08:00][info] [telegram队列] 批次:  耗时=0.01秒
[2026-01-22T15:55:49+08:00][info] [telegram队列] 批次:  耗时=0.01秒
[2026-01-22T15:58:55+08:00][warning] [checkAccount] 以下账号 session 不存在: 2081,2082,2083,2091,2092,2093,2094,2096,2097,2098,2100,2101,2103,2104,2106,2107,2108,2110,2112,2113,2114,2115,2116,2117,2118,2120,2121,2122,2123,2124,2128,2129,2130,2131,2133,2134,2135,2136,2137,2138,2139,2140,2142,2144,2145,2146,2147,2148,2149,2150,2151,2152,2153,2154,2155,2156,2157,2159,2160,2161,2162,2163,2164,2165,2166,2167,2168,2169,2171,2172,2173,2174,2176,2177,2179,2180,2181,2182,2183,2184,2185,2186,2187,2189,2190,2191,2192,2193,2194,2195,2198,2199,2200,2201,2202,2203,2204,2205,2207,2208
[2026-01-22T15:59:45+08:00][info] [telegram队列] 批次:  耗时=0.01秒
[2026-01-22T16:01:02+08:00][warning] [checkAccount] 以下账号 session 不存在: 1873,1879,1974,2021,2022,2026,2027,2028,2029,2030,2031,2033,2035,2036,2037,2038,2039,2040,2041,2042,2043,2045,2047,2048,2049,2050,2051,2053,2054,2055,2057,2058,2059,2061,2062,2064,2066,2067,2068,2069,2070,2071,2072,2074,2075,2076,2077,2078,2079,2080,2081,2082,2083,2091,2092,2093,2094,2096,2097,2098,2100,2101,2103,2104,2106,2107,2108,2110,2112,2113,2114,2115,2116,2117,2118,2120,2121,2122,2123,2124,2128,2129,2130,2131,2133,2134,2135,2136,2137,2138,2139,2140,2142,2144,2145,2146,2147,2148,2149,2150
[2026-01-22T16:01:47+08:00][info] [telegram队列] 批次:  耗时=0.01秒
[2026-01-22T16:03:39+08:00][info] [telegram队列] 批次:  耗时=0秒
[2026-01-22T16:04:21+08:00][warning] [checkAccount] 以下账号 session 不存在: 1873,1879,1974,2021,2022,2026,2027,2028,2029,2030,2031,2033,2035,2036,2037,2038,2039,2040,2041,2042,2043,2045,2047,2048,2049,2050,2051,2053,2054,2055,2057,2058,2059,2061,2062,2064,2066,2067,2068,2069,2070,2071,2072,2074,2075,2076,2077,2078,2079,2080,2081,2082,2083,2091,2092,2093,2094,2096,2097,2098,2100,2101,2103,2104,2106,2107,2108,2110,2112,2113,2114,2115,2116,2117,2118,2120,2121,2122,2123,2124,2128,2129,2130,2131,2133,2134,2135,2136,2137,2138,2139,2140,2142,2144,2145,2146,2147,2148,2149,2150
[2026-01-22T16:07:46+08:00][info] [telegram队列] 批次:  耗时=0.01秒
[2026-01-22T16:08:37+08:00][info] [telegram队列] 批次:  耗时=0秒
[2026-01-22T16:09:02+08:00][info] [telegram队列] 批次:  耗时=0秒
[2026-01-22T16:34:31+08:00][warning] [checkAccount] 以下账号 session 不存在: 2131,2139,2151,2154,2173,2194,2200,2203,2207,2208
[2026-01-22T16:35:28+08:00][info] [telegram队列] 批次:  耗时=0秒
[2026-01-22T16:37:16+08:00][info] [telegram队列] 批次:  耗时=0.01秒
[2026-01-22T16:48:34+08:00][info] [telegram队列] 批次:  耗时=0秒
[2026-01-22T16:53:27+08:00][info] [telegram队列] 批次:  耗时=0秒
[2026-01-22T16:53:33+08:00][info] [telegram队列] 批次:  耗时=0秒
[2026-01-22T16:55:38+08:00][warning] [checkAccount] 以下账号 session 不存在: 1873,2029,2030,2068,2131,2139,2151,2154,2173,2194,2200,2203,2207,2208
[2026-01-22T16:56:06+08:00][info] [telegram队列] 批次:  耗时=0.01秒
[2026-01-22T16:56:42+08:00][info] [telegram队列] 批次:  耗时=0秒
[2026-01-22T16:58:02+08:00][info] [telegram队列] 批次:  耗时=0秒
[2026-01-22T16:59:24+08:00][info] [telegram队列] 批次:  耗时=0秒
[2026-01-22T16:59:56+08:00][info] [telegram队列] 批次:  耗时=0秒
[2026-01-22T17:02:49+08:00][info] 用户归档缓存已强制从数据库更新，共处理 98 个用户
[2026-01-22T17:03:34+08:00][info] [telegram队列] 批次:  耗时=0.01秒
[2026-01-22T17:09:15+08:00][info] https://tdata.tgbota.top
[2026-01-22T17:09:15+08:00][info] /uploads
[2026-01-22T17:09:34+08:00][info] https://tdata.tgbota.top
[2026-01-22T17:09:34+08:00][info] /uploads
[2026-01-22T17:09:37+08:00][info] 批次batch_6971e951a740f9.55749835：子批次0（100个账号）投递成功，任务ID：pZxaVYfMTWWHrhvPqyGSOJLOJISheEOe
[2026-01-22T17:09:37+08:00][info] 批次batch_6971e951a740f9.55749835：子批次1（100个账号）投递成功，任务ID：GzWMqEtQhrvvemKFGrjdBTatbDixEuSV
[2026-01-22T17:09:37+08:00][info] 批次batch_6971e951a740f9.55749835处理完成：总账号200，子批次2，成功入队200个
[2026-01-22T17:09:37+08:00][info] 返回结果: {"total":200,"queued":200,"failed":0,"chunk_count":2,"errors":[],"batch_id":"batch_6971e951a740f9.55749835"}
[2026-01-22T17:10:04+08:00][info] 用户归档缓存已强制从数据库更新，共处理 105 个用户
[2026-01-22T17:11:08+08:00][info] 用户归档缓存已强制从数据库更新，共处理 105 个用户
[2026-01-22T17:11:15+08:00][info] [telegram队列] 批次:  耗时=0.01秒
[2026-01-22T17:13:09+08:00][info] https://tdata.tgbota.top
[2026-01-22T17:13:09+08:00][info] /uploads
[2026-01-22T17:13:12+08:00][info] /www/wwwroot/tdata.tgbota.top/public/uploads/admin/202601/6971ea25c1f03.txt
[2026-01-22T17:15:52+08:00][info] 任务开始: ID=27, 名称=3333
[2026-01-22T17:18:16+08:00][info] 任务开始: ID=26, 名称=测试111
[2026-01-22T17:18:59+08:00][info] 任务开始: ID=25, 名称=测试222
[2026-01-22T18:45:50+08:00][info] [telegram队列] 批次:  耗时=0.01秒
[2026-01-22T18:56:40+08:00][error] 错误信息:controller not exists:app\admin\controller\Config
