[2026-01-23T14:54:41+08:00][info] [telegram队列] 批次:  耗时=0.01秒
[2026-01-23T14:55:26+08:00][info] https://tdata.tgbota.top
[2026-01-23T14:55:26+08:00][info] /uploads
[2026-01-23T14:55:28+08:00][info] /www/wwwroot/tdata.tgbota.top/public/uploads/admin/202601/69731b5ea29f2.txt
[2026-01-23T16:04:02+08:00][error] 错误信息:controller not exists:app\admin\controller\Env
[2026-01-23T16:30:25+08:00][info] [telegram队列] 批次:  耗时=0秒
[2026-01-23T16:31:00+08:00][info] 任务开始: ID=25, 名称=测试222
[2026-01-23T16:32:53+08:00][info] [telegram队列] 批次:  耗时=0秒
[2026-01-23T16:33:02+08:00][info] 任务停止: ID=27, 名称=3333
[2026-01-23T16:33:04+08:00][info] 任务停止: ID=26, 名称=测试111
[2026-01-23T16:33:07+08:00][info] 任务停止: ID=25, 名称=测试222
[2026-01-23T16:33:16+08:00][info] [telegram队列] 批次:  耗时=0秒
[2026-01-23T16:33:41+08:00][info] [telegram队列] 批次:  耗时=0.01秒
[2026-01-23T16:34:19+08:00][info] [telegram队列] 批次:  耗时=0秒
[2026-01-23T19:51:10+08:00][info] [telegram队列] 批次:  耗时=0秒
[2026-01-23T20:00:36+08:00][info] [telegram队列] 批次:  耗时=0秒
[2026-01-23T20:11:53+08:00][info] [telegram队列] 批次:  耗时=0秒
[2026-01-23T20:12:27+08:00][info] [telegram队列] 批次:  耗时=0.01秒
[2026-01-23T20:13:10+08:00][info] [telegram队列] 批次:  耗时=0秒
[2026-01-23T20:13:38+08:00][info] 任务开始: ID=26, 名称=测试111
[2026-01-23T20:13:41+08:00][info] 任务开始: ID=27, 名称=3333
[2026-01-23T20:13:45+08:00][info] 任务开始: ID=25, 名称=测试222
[2026-01-23T20:26:08+08:00][info] [telegram队列] 批次:  耗时=0.01秒
[2026-01-23T20:52:50+08:00][info] [telegram队列] 批次:  耗时=0.01秒
[2026-01-23T20:59:43+08:00][info] [telegram队列] 批次:  耗时=0.01秒
[2026-01-23T21:19:51+08:00][info] [telegram队列] 批次:  耗时=0.01秒
[2026-01-23T21:40:05+08:00][info] [telegram队列] 批次:  耗时=0.01秒
[2026-01-23T21:58:40+08:00][info] [telegram队列] 批次:  耗时=0.01秒
[2026-01-23T22:04:50+08:00][info] [telegram队列] 批次:  耗时=0.01秒
[2026-01-23T22:05:28+08:00][info] [telegram队列] 批次:  耗时=0秒
