[2026-01-27T07:51:35+08:00][info] [telegram队列] 批次:  耗时=0.01秒
[2026-01-27T08:38:06+08:00][info] 任务开始: ID=28, 名称=555
[2026-01-27T08:38:13+08:00][info] 任务开始: ID=28, 名称=555
[2026-01-27T08:38:25+08:00][info] 任务开始: ID=27, 名称=3333
[2026-01-27T08:41:08+08:00][info] 任务开始: ID=25, 名称=测试222
[2026-01-27T08:41:13+08:00][info] 任务开始: ID=27, 名称=3333
[2026-01-27T08:41:17+08:00][info] 任务开始: ID=28, 名称=555
[2026-01-27T13:20:46+08:00][error] 错误信息:controller not exists:app\admin\controller\\env\Aws
[2026-01-27T13:20:46+08:00][error] 错误信息:controller not exists:app\admin\controller\\env\Bak
[2026-01-27T13:20:47+08:00][error] 错误信息:controller not exists:app\admin\controller\\env\Crt
[2026-01-27T13:20:47+08:00][error] 错误信息:controller not exists:app\admin\controller\\env\Dev
[2026-01-27T13:20:47+08:00][error] 错误信息:controller not exists:app\admin\controller\\env\Gcp
[2026-01-27T13:20:49+08:00][error] 错误信息:controller not exists:app\admin\controller\\env\Key
[2026-01-27T13:20:49+08:00][error] 错误信息:controller not exists:app\admin\controller\\env\Log
[2026-01-27T13:20:50+08:00][error] 错误信息:controller not exists:app\admin\controller\\env\Old
[2026-01-27T13:20:50+08:00][error] 错误信息:controller not exists:app\admin\controller\\env\Pem
[2026-01-27T13:20:51+08:00][error] 错误信息:controller not exists:app\admin\controller\\env\Tmp
[2026-01-27T13:20:51+08:00][error] 错误信息:controller not exists:app\admin\controller\\env\Uat
[2026-01-27T14:44:45+08:00][info] 任务开始: ID=29, 名称=5
[2026-01-27T14:44:49+08:00][info] 任务开始: ID=28, 名称=555
[2026-01-27T14:46:43+08:00][info] 任务停止: ID=29, 名称=5
[2026-01-27T14:46:47+08:00][info] 任务停止: ID=28, 名称=555
[2026-01-27T15:57:32+08:00][info] [telegram队列] 批次:  耗时=0秒
[2026-01-27T17:04:27+08:00][info] [telegram队列] 批次:  耗时=0.01秒
[2026-01-27T17:05:08+08:00][info] [telegram队列] 批次:  耗时=0秒
[2026-01-27T17:06:32+08:00][info] 任务开始: ID=30, 名称=1111
[2026-01-27T17:06:43+08:00][info] 任务开始: ID=30, 名称=1111
[2026-01-27T17:12:48+08:00][info] 任务开始: ID=30, 名称=1111
[2026-01-27T17:15:58+08:00][info] 任务开始: ID=29, 名称=5
[2026-01-27T17:16:02+08:00][info] 任务开始: ID=28, 名称=555
[2026-01-27T17:16:07+08:00][info] 任务开始: ID=27, 名称=3333
[2026-01-27T17:16:11+08:00][info] 任务开始: ID=26, 名称=测试111
[2026-01-27T17:16:16+08:00][info] 任务开始: ID=25, 名称=测试222
[2026-01-27T19:31:31+08:00][info] 任务开始: ID=30, 名称=1111
[2026-01-27T19:31:37+08:00][info] 任务停止: ID=30, 名称=1111
