[2026-01-28T08:29:31+08:00][info] 任务开始: ID=27, 名称=3333
[2026-01-28T08:29:36+08:00][info] 任务开始: ID=26, 名称=测试111
[2026-01-28T08:39:37+08:00][error] [0]think\db\PDOConnection::pdoQuery(): Return value must be of type array, bool returned[/www/wwwroot/tdata.tgbota.top/vendor/topthink/think-orm/src/db/PDOConnection.php:729]
[2026-01-28T08:51:26+08:00][info] 任务停止: ID=29, 名称=5
[2026-01-28T08:51:28+08:00][info] 任务停止: ID=28, 名称=555
[2026-01-28T08:51:30+08:00][info] 任务停止: ID=27, 名称=3333
[2026-01-28T08:51:32+08:00][info] 任务停止: ID=26, 名称=测试111
[2026-01-28T08:51:35+08:00][info] 任务停止: ID=25, 名称=测试222
[2026-01-28T08:52:07+08:00][info] [telegram队列] 批次:  耗时=0.01秒
[2026-01-28T08:52:37+08:00][info] 任务开始: ID=29, 名称=5
[2026-01-28T08:52:57+08:00][info] 任务开始: ID=28, 名称=555
[2026-01-28T08:53:10+08:00][info] 任务开始: ID=27, 名称=3333
[2026-01-28T08:54:02+08:00][info] 任务开始: ID=26, 名称=测试111
[2026-01-28T08:54:20+08:00][info] 任务开始: ID=25, 名称=测试222
[2026-01-28T16:31:01+08:00][info] 任务停止: ID=29, 名称=5
[2026-01-28T16:51:51+08:00][info] 任务开始: ID=29, 名称=5
[2026-01-28T17:08:58+08:00][info] 任务停止: ID=29, 名称=5
[2026-01-28T17:09:01+08:00][info] 任务停止: ID=27, 名称=3333
[2026-01-28T17:09:03+08:00][info] 任务停止: ID=26, 名称=测试111
[2026-01-28T17:09:06+08:00][info] 任务停止: ID=25, 名称=测试222
[2026-01-28T17:10:41+08:00][info] 任务开始: ID=29, 名称=5
[2026-01-28T17:10:53+08:00][info] 任务开始: ID=28, 名称=555
[2026-01-28T17:10:57+08:00][info] 任务开始: ID=27, 名称=3333
[2026-01-28T17:11:04+08:00][info] 任务开始: ID=25, 名称=测试222
[2026-01-28T17:11:08+08:00][info] 任务开始: ID=26, 名称=测试111
[2026-01-28T17:14:08+08:00][info] 任务停止: ID=29, 名称=5
[2026-01-28T17:15:38+08:00][info] 任务开始: ID=29, 名称=5
[2026-01-28T23:10:47+08:00][error] 错误信息:controller not exists:app\admin\controller\Env
