[2026-01-29T07:51:04+08:00][error] 错误信息:controller not exists:app\admin\controller\Env
[2026-01-29T09:36:47+08:00][info] 任务开始: ID=25, 名称=测试222
[2026-01-29T13:14:15+08:00][info] 任务开始: ID=29, 名称=5
[2026-01-29T22:02:02+08:00][info] 任务停止: ID=29, 名称=5
[2026-01-29T22:02:04+08:00][info] 任务停止: ID=28, 名称=555
[2026-01-29T22:02:07+08:00][info] 任务停止: ID=27, 名称=3333
[2026-01-29T22:02:09+08:00][info] 任务停止: ID=26, 名称=测试111
[2026-01-29T22:02:11+08:00][info] 任务停止: ID=25, 名称=测试222
[2026-01-29T22:03:08+08:00][info] https://tdata.tgbota.top
[2026-01-29T22:03:08+08:00][info] /uploads
[2026-01-29T22:03:09+08:00][info] /www/wwwroot/tdata.tgbota.top/public/uploads/admin/202601/697b689c687cd.txt
[2026-01-29T22:07:00+08:00][info] https://tdata.tgbota.top
[2026-01-29T22:07:00+08:00][info] /uploads
[2026-01-29T22:07:02+08:00][info] /www/wwwroot/tdata.tgbota.top/public/uploads/admin/202601/697b6984f0e04.txt
[2026-01-29T22:08:24+08:00][info] [telegram队列] 批次:  耗时=0.01秒
[2026-01-29T22:09:07+08:00][info] [telegram队列] 批次:  耗时=0秒
[2026-01-29T22:09:37+08:00][info] [telegram队列] 批次:  耗时=0秒
[2026-01-29T22:10:09+08:00][info] 任务开始: ID=29, 名称=5
[2026-01-29T22:10:13+08:00][info] 任务开始: ID=28, 名称=555
[2026-01-29T22:10:22+08:00][info] 任务开始: ID=27, 名称=3333
[2026-01-29T22:10:30+08:00][info] 任务开始: ID=26, 名称=测试111
[2026-01-29T22:10:35+08:00][info] 任务开始: ID=25, 名称=测试222
[2026-01-29T23:03:34+08:00][info] 任务停止: ID=29, 名称=5
[2026-01-29T23:03:52+08:00][info] 任务开始: ID=29, 名称=5
[2026-01-29T23:04:41+08:00][info] 任务停止: ID=29, 名称=5
[2026-01-29T23:04:43+08:00][info] 任务停止: ID=28, 名称=555
[2026-01-29T23:04:45+08:00][info] 任务停止: ID=27, 名称=3333
[2026-01-29T23:04:48+08:00][info] 任务停止: ID=26, 名称=测试111
[2026-01-29T23:04:50+08:00][info] 任务停止: ID=25, 名称=测试222
[2026-01-29T23:05:04+08:00][info] 任务开始: ID=29, 名称=5
[2026-01-29T23:05:20+08:00][info] 任务开始: ID=28, 名称=555
[2026-01-29T23:05:34+08:00][info] 任务开始: ID=27, 名称=3333
[2026-01-29T23:05:56+08:00][info] 任务开始: ID=26, 名称=测试111
[2026-01-29T23:06:13+08:00][info] 任务开始: ID=25, 名称=测试222
