[2026-03-09T18:56:26+08:00][info] [loadAvailablePorts] 从数据库加载端口配置，数量: 151
[2026-03-09T18:56:26+08:00][info] 进程3674137开始处理：主批次batch_69aea75881fa91.20067794，子批次batch_69aea75881fa91.20067794_sub_0（索引0）
[2026-03-09T18:56:26+08:00][info] 开始处理批次 batch_69aea75881fa91.20067794，子批次 0，账号数: 23
[2026-03-09T18:56:26+08:00][info] 有效账号数：23（原始共23个）
[2026-03-09T18:56:26+08:00][info] [getBalancedPortConfig] 账号 14354470590 分配到端口 5110
[2026-03-09T18:56:26+08:00][info] [getBalancedPortConfig] 账号 14259633012 分配到端口 5021
[2026-03-09T18:56:26+08:00][info] [getBalancedPortConfig] 账号 14343883450 分配到端口 5080
[2026-03-09T18:56:26+08:00][info] [getBalancedPortConfig] 账号 14405004766 分配到端口 5072
[2026-03-09T18:56:26+08:00][info] [getBalancedPortConfig] 账号 14302866740 分配到端口 5038
[2026-03-09T18:56:26+08:00][info] [getBalancedPortConfig] 账号 14254842390 分配到端口 5036
[2026-03-09T18:56:26+08:00][info] [getBalancedPortConfig] 账号 14302090933 分配到端口 5003
[2026-03-09T18:56:26+08:00][info] [getBalancedPortConfig] 账号 14257952091 分配到端口 5068
[2026-03-09T18:56:26+08:00][info] [getBalancedPortConfig] 账号 14259840266 分配到端口 5094
[2026-03-09T18:56:26+08:00][info] [getBalancedPortConfig] 账号 14303626451 分配到端口 5112
[2026-03-09T18:56:26+08:00][info] [getBalancedPortConfig] 账号 14256482374 分配到端口 5085
[2026-03-09T18:56:26+08:00][info] [getBalancedPortConfig] 账号 14258719945 分配到端口 5122
[2026-03-09T18:56:26+08:00][info] [getBalancedPortConfig] 账号 14404337295 分配到端口 5024
[2026-03-09T18:56:26+08:00][info] [getBalancedPortConfig] 账号 14302554577 分配到端口 5065
[2026-03-09T18:56:26+08:00][info] [getBalancedPortConfig] 账号 14357087898 分配到端口 5121
[2026-03-09T18:56:26+08:00][info] [getBalancedPortConfig] 账号 14323566143 分配到端口 5007
[2026-03-09T18:56:26+08:00][info] [getBalancedPortConfig] 账号 14307583328 分配到端口 5099
[2026-03-09T18:56:26+08:00][info] [getBalancedPortConfig] 账号 14259815531 分配到端口 5106
[2026-03-09T18:56:26+08:00][info] [getBalancedPortConfig] 账号 14303626004 分配到端口 5001
[2026-03-09T18:56:26+08:00][info] [getBalancedPortConfig] 账号 14349998057 分配到端口 5026
[2026-03-09T18:56:26+08:00][info] [getBalancedPortConfig] 账号 14257401761 分配到端口 5120
[2026-03-09T18:56:26+08:00][info] [getBalancedPortConfig] 账号 14254754758 分配到端口 5080
[2026-03-09T18:56:26+08:00][info] [getBalancedPortConfig] 账号 14259442628 分配到端口 5025
[2026-03-09T18:56:26+08:00][info] 端口 5110 分配到 1 个账号
[2026-03-09T18:56:26+08:00][info] 端口 5021 分配到 1 个账号
[2026-03-09T18:56:26+08:00][info] 端口 5080 分配到 2 个账号
[2026-03-09T18:56:26+08:00][info] 端口 5072 分配到 1 个账号
[2026-03-09T18:56:26+08:00][info] 端口 5038 分配到 1 个账号
[2026-03-09T18:56:26+08:00][info] 端口 5036 分配到 1 个账号
[2026-03-09T18:56:26+08:00][info] 端口 5003 分配到 1 个账号
[2026-03-09T18:56:26+08:00][info] 端口 5068 分配到 1 个账号
[2026-03-09T18:56:26+08:00][info] 端口 5094 分配到 1 个账号
[2026-03-09T18:56:26+08:00][info] 端口 5112 分配到 1 个账号
[2026-03-09T18:56:26+08:00][info] 端口 5085 分配到 1 个账号
[2026-03-09T18:56:26+08:00][info] 端口 5122 分配到 1 个账号
[2026-03-09T18:56:26+08:00][info] 端口 5024 分配到 1 个账号
[2026-03-09T18:56:26+08:00][info] 端口 5065 分配到 1 个账号
[2026-03-09T18:56:26+08:00][info] 端口 5121 分配到 1 个账号
[2026-03-09T18:56:26+08:00][info] 端口 5007 分配到 1 个账号
[2026-03-09T18:56:26+08:00][info] 端口 5099 分配到 1 个账号
[2026-03-09T18:56:26+08:00][info] 端口 5106 分配到 1 个账号
[2026-03-09T18:56:26+08:00][info] 端口 5001 分配到 1 个账号
[2026-03-09T18:56:26+08:00][info] 端口 5026 分配到 1 个账号
[2026-03-09T18:56:26+08:00][info] 端口 5120 分配到 1 个账号
[2026-03-09T18:56:26+08:00][info] 端口 5025 分配到 1 个账号
[2026-03-09T18:56:26+08:00][info] 批次 batch_69aea75881fa91.20067794：按端口分组完成，分组数: 22
[2026-03-09T18:56:27+08:00][info] 端口 5068 处理完成: 1 个结果
[2026-03-09T18:56:27+08:00][info] 端口 5065 处理完成: 1 个结果
[2026-03-09T18:56:27+08:00][info] 端口 5038 处理完成: 1 个结果
[2026-03-09T18:56:27+08:00][info] 端口 5036 处理完成: 1 个结果
[2026-03-09T18:56:27+08:00][info] 端口 5003 处理完成: 1 个结果
[2026-03-09T18:56:27+08:00][info] 端口 5001 处理完成: 1 个结果
[2026-03-09T18:56:27+08:00][info] 端口 5094 处理完成: 1 个结果
[2026-03-09T18:56:27+08:00][info] 端口 5099 处理完成: 1 个结果
[2026-03-09T18:56:27+08:00][info] 端口 5110 处理完成: 1 个结果
[2026-03-09T18:56:27+08:00][info] 端口 5072 处理完成: 1 个结果
[2026-03-09T18:56:27+08:00][info] 端口 5112 处理完成: 1 个结果
[2026-03-09T18:56:27+08:00][info] 端口 5080 处理完成: 2 个结果
[2026-03-09T18:56:27+08:00][info] 端口 5026 处理完成: 1 个结果
[2026-03-09T18:56:27+08:00][info] 端口 5025 处理完成: 1 个结果
[2026-03-09T18:56:27+08:00][info] 端口 5120 处理完成: 1 个结果
[2026-03-09T18:56:27+08:00][info] 端口 5122 处理完成: 1 个结果
[2026-03-09T18:56:27+08:00][info] 端口 5024 处理完成: 1 个结果
[2026-03-09T18:56:27+08:00][info] 端口 5121 处理完成: 1 个结果
[2026-03-09T18:56:27+08:00][info] 端口 5007 处理完成: 1 个结果
[2026-03-09T18:56:27+08:00][info] 端口 5085 处理完成: 1 个结果
[2026-03-09T18:56:27+08:00][info] 端口 5021 处理完成: 1 个结果
[2026-03-09T18:56:27+08:00][info] 端口 5106 处理完成: 1 个结果
[2026-03-09T18:56:27+08:00][info] 批次 batch_69aea75881fa91.20067794：所有端口请求完成
[2026-03-09T18:56:27+08:00][info] 端口 5001 处理完成: 1 个账号
[2026-03-09T18:56:27+08:00][info] 端口 5003 处理完成: 1 个账号
[2026-03-09T18:56:27+08:00][info] 端口 5007 处理完成: 1 个账号
[2026-03-09T18:56:27+08:00][info] 端口 5021 处理完成: 1 个账号
[2026-03-09T18:56:27+08:00][info] 端口 5024 处理完成: 1 个账号
[2026-03-09T18:56:27+08:00][info] 端口 5025 处理完成: 1 个账号
[2026-03-09T18:56:27+08:00][info] 端口 5026 处理完成: 1 个账号
[2026-03-09T18:56:27+08:00][info] 端口 5036 处理完成: 1 个账号
[2026-03-09T18:56:27+08:00][info] 端口 5038 处理完成: 1 个账号
[2026-03-09T18:56:27+08:00][info] 端口 5065 处理完成: 1 个账号
[2026-03-09T18:56:27+08:00][info] 端口 5068 处理完成: 1 个账号
[2026-03-09T18:56:27+08:00][info] 端口 5072 处理完成: 1 个账号
[2026-03-09T18:56:27+08:00][info] 端口 5080 处理完成: 2 个账号
[2026-03-09T18:56:27+08:00][info] 端口 5085 处理完成: 1 个账号
[2026-03-09T18:56:27+08:00][info] 端口 5094 处理完成: 1 个账号
[2026-03-09T18:56:27+08:00][info] 端口 5099 处理完成: 1 个账号
[2026-03-09T18:56:27+08:00][info] 端口 5106 处理完成: 1 个账号
[2026-03-09T18:56:27+08:00][info] 端口 5110 处理完成: 1 个账号
[2026-03-09T18:56:27+08:00][info] 端口 5112 处理完成: 1 个账号
[2026-03-09T18:56:27+08:00][info] 端口 5120 处理完成: 1 个账号
[2026-03-09T18:56:27+08:00][info] 端口 5121 处理完成: 1 个账号
[2026-03-09T18:56:27+08:00][info] 端口 5122 处理完成: 1 个账号
[2026-03-09T18:56:27+08:00][info] 批量插入有效账号成功：插入23条数据，跳过0条重复数据
[2026-03-09T18:56:27+08:00][info] 进程3674137：子批次batch_69aea75881fa91.20067794_sub_0处理完成，成功23，失败0
[2026-03-09T18:56:27+08:00][info] 进程3674137：子批次batch_69aea75881fa91.20067794_sub_0任务结束
[2026-03-09T19:00:42+08:00][info] [loadAvailablePorts] 从缓存加载端口配置，数量: 151
[2026-03-09T19:00:42+08:00][info] 进程3674137开始处理：主批次batch_69aea85a02d0c7.96442930，子批次batch_69aea85a02d0c7.96442930_sub_0（索引0）
[2026-03-09T19:00:42+08:00][info] 开始处理批次 batch_69aea85a02d0c7.96442930，子批次 0，账号数: 23
[2026-03-09T19:00:42+08:00][info] 有效账号数：23（原始共23个）
[2026-03-09T19:00:42+08:00][info] [getBalancedPortConfig] 账号 14354470590 分配到端口 5110
[2026-03-09T19:00:42+08:00][info] [getBalancedPortConfig] 账号 14259633012 分配到端口 5021
[2026-03-09T19:00:42+08:00][info] [getBalancedPortConfig] 账号 14343883450 分配到端口 5080
[2026-03-09T19:00:42+08:00][info] [getBalancedPortConfig] 账号 14405004766 分配到端口 5072
[2026-03-09T19:00:42+08:00][info] [getBalancedPortConfig] 账号 14302866740 分配到端口 5038
[2026-03-09T19:00:42+08:00][info] [getBalancedPortConfig] 账号 14254842390 分配到端口 5036
[2026-03-09T19:00:42+08:00][info] [getBalancedPortConfig] 账号 14302090933 分配到端口 5003
[2026-03-09T19:00:42+08:00][info] [getBalancedPortConfig] 账号 14257952091 分配到端口 5068
[2026-03-09T19:00:42+08:00][info] [getBalancedPortConfig] 账号 14259840266 分配到端口 5094
[2026-03-09T19:00:42+08:00][info] [getBalancedPortConfig] 账号 14303626451 分配到端口 5112
[2026-03-09T19:00:42+08:00][info] [getBalancedPortConfig] 账号 14256482374 分配到端口 5085
[2026-03-09T19:00:42+08:00][info] [getBalancedPortConfig] 账号 14258719945 分配到端口 5122
[2026-03-09T19:00:42+08:00][info] [getBalancedPortConfig] 账号 14404337295 分配到端口 5024
[2026-03-09T19:00:42+08:00][info] [getBalancedPortConfig] 账号 14302554577 分配到端口 5065
[2026-03-09T19:00:42+08:00][info] [getBalancedPortConfig] 账号 14357087898 分配到端口 5121
[2026-03-09T19:00:42+08:00][info] [getBalancedPortConfig] 账号 14323566143 分配到端口 5007
[2026-03-09T19:00:42+08:00][info] [getBalancedPortConfig] 账号 14307583328 分配到端口 5099
[2026-03-09T19:00:42+08:00][info] [getBalancedPortConfig] 账号 14259815531 分配到端口 5106
[2026-03-09T19:00:42+08:00][info] [getBalancedPortConfig] 账号 14303626004 分配到端口 5001
[2026-03-09T19:00:42+08:00][info] [getBalancedPortConfig] 账号 14349998057 分配到端口 5026
[2026-03-09T19:00:42+08:00][info] [getBalancedPortConfig] 账号 14257401761 分配到端口 5120
[2026-03-09T19:00:42+08:00][info] [getBalancedPortConfig] 账号 14254754758 分配到端口 5080
[2026-03-09T19:00:42+08:00][info] [getBalancedPortConfig] 账号 14259442628 分配到端口 5025
[2026-03-09T19:00:42+08:00][info] 端口 5110 分配到 1 个账号
[2026-03-09T19:00:42+08:00][info] 端口 5021 分配到 1 个账号
[2026-03-09T19:00:42+08:00][info] 端口 5080 分配到 2 个账号
[2026-03-09T19:00:42+08:00][info] 端口 5072 分配到 1 个账号
[2026-03-09T19:00:42+08:00][info] 端口 5038 分配到 1 个账号
[2026-03-09T19:00:42+08:00][info] 端口 5036 分配到 1 个账号
[2026-03-09T19:00:42+08:00][info] 端口 5003 分配到 1 个账号
[2026-03-09T19:00:42+08:00][info] 端口 5068 分配到 1 个账号
[2026-03-09T19:00:42+08:00][info] 端口 5094 分配到 1 个账号
[2026-03-09T19:00:42+08:00][info] 端口 5112 分配到 1 个账号
[2026-03-09T19:00:42+08:00][info] 端口 5085 分配到 1 个账号
[2026-03-09T19:00:42+08:00][info] 端口 5122 分配到 1 个账号
[2026-03-09T19:00:42+08:00][info] 端口 5024 分配到 1 个账号
[2026-03-09T19:00:42+08:00][info] 端口 5065 分配到 1 个账号
[2026-03-09T19:00:42+08:00][info] 端口 5121 分配到 1 个账号
[2026-03-09T19:00:42+08:00][info] 端口 5007 分配到 1 个账号
[2026-03-09T19:00:42+08:00][info] 端口 5099 分配到 1 个账号
[2026-03-09T19:00:42+08:00][info] 端口 5106 分配到 1 个账号
[2026-03-09T19:00:42+08:00][info] 端口 5001 分配到 1 个账号
[2026-03-09T19:00:42+08:00][info] 端口 5026 分配到 1 个账号
[2026-03-09T19:00:42+08:00][info] 端口 5120 分配到 1 个账号
[2026-03-09T19:00:42+08:00][info] 端口 5025 分配到 1 个账号
[2026-03-09T19:00:42+08:00][info] 批次 batch_69aea85a02d0c7.96442930：按端口分组完成，分组数: 22
[2026-03-09T19:00:42+08:00][info] 端口 5072 处理完成: 1 个结果
[2026-03-09T19:00:42+08:00][info] 端口 5094 处理完成: 1 个结果
[2026-03-09T19:00:42+08:00][info] 端口 5085 处理完成: 1 个结果
[2026-03-09T19:00:42+08:00][info] 端口 5068 处理完成: 1 个结果
[2026-03-09T19:00:42+08:00][info] 端口 5099 处理完成: 1 个结果
[2026-03-09T19:00:42+08:00][info] 端口 5112 处理完成: 1 个结果
[2026-03-09T19:00:42+08:00][info] 端口 5003 处理完成: 1 个结果
[2026-03-09T19:00:42+08:00][info] 端口 5001 处理完成: 1 个结果
[2026-03-09T19:00:42+08:00][info] 端口 5025 处理完成: 1 个结果
[2026-03-09T19:00:42+08:00][info] 端口 5021 处理完成: 1 个结果
[2026-03-09T19:00:42+08:00][info] 端口 5026 处理完成: 1 个结果
[2026-03-09T19:00:42+08:00][info] 端口 5024 处理完成: 1 个结果
[2026-03-09T19:00:42+08:00][info] 端口 5110 处理完成: 1 个结果
[2026-03-09T19:00:42+08:00][info] 端口 5007 处理完成: 1 个结果
[2026-03-09T19:00:42+08:00][info] 端口 5106 处理完成: 1 个结果
[2026-03-09T19:00:42+08:00][info] 端口 5065 处理完成: 1 个结果
[2026-03-09T19:00:42+08:00][info] 端口 5080 处理完成: 2 个结果
[2026-03-09T19:00:42+08:00][info] 端口 5038 处理完成: 1 个结果
[2026-03-09T19:00:42+08:00][info] 端口 5036 处理完成: 1 个结果
[2026-03-09T19:00:42+08:00][info] 端口 5122 处理完成: 1 个结果
[2026-03-09T19:00:42+08:00][info] 端口 5121 处理完成: 1 个结果
[2026-03-09T19:00:42+08:00][info] 端口 5120 处理完成: 1 个结果
[2026-03-09T19:00:42+08:00][info] 批次 batch_69aea85a02d0c7.96442930：所有端口请求完成
[2026-03-09T19:00:42+08:00][info] 端口 5001 处理完成: 1 个账号
[2026-03-09T19:00:42+08:00][info] 端口 5003 处理完成: 1 个账号
[2026-03-09T19:00:42+08:00][info] 端口 5007 处理完成: 1 个账号
[2026-03-09T19:00:42+08:00][info] 端口 5021 处理完成: 1 个账号
[2026-03-09T19:00:42+08:00][info] 端口 5024 处理完成: 1 个账号
[2026-03-09T19:00:42+08:00][info] 端口 5025 处理完成: 1 个账号
[2026-03-09T19:00:42+08:00][info] 端口 5026 处理完成: 1 个账号
[2026-03-09T19:00:42+08:00][info] 端口 5036 处理完成: 1 个账号
[2026-03-09T19:00:42+08:00][info] 端口 5038 处理完成: 1 个账号
[2026-03-09T19:00:42+08:00][info] 端口 5065 处理完成: 1 个账号
[2026-03-09T19:00:42+08:00][info] 端口 5068 处理完成: 1 个账号
[2026-03-09T19:00:42+08:00][info] 端口 5072 处理完成: 1 个账号
[2026-03-09T19:00:42+08:00][info] 端口 5080 处理完成: 2 个账号
[2026-03-09T19:00:42+08:00][info] 端口 5085 处理完成: 1 个账号
[2026-03-09T19:00:42+08:00][info] 端口 5094 处理完成: 1 个账号
[2026-03-09T19:00:42+08:00][info] 端口 5099 处理完成: 1 个账号
[2026-03-09T19:00:42+08:00][info] 端口 5106 处理完成: 1 个账号
[2026-03-09T19:00:42+08:00][info] 端口 5110 处理完成: 1 个账号
[2026-03-09T19:00:42+08:00][info] 端口 5112 处理完成: 1 个账号
[2026-03-09T19:00:42+08:00][info] 端口 5120 处理完成: 1 个账号
[2026-03-09T19:00:42+08:00][info] 端口 5121 处理完成: 1 个账号
[2026-03-09T19:00:42+08:00][info] 端口 5122 处理完成: 1 个账号
[2026-03-09T19:00:42+08:00][info] 批量插入失败账号成功：23条数据
[2026-03-09T19:00:42+08:00][info] 进程3674137：子批次batch_69aea85a02d0c7.96442930_sub_0处理完成，成功0，失败23
[2026-03-09T19:00:42+08:00][info] 进程3674137：子批次batch_69aea85a02d0c7.96442930_sub_0任务结束
[2026-03-09T19:02:06+08:00][info] [loadAvailablePorts] 从缓存加载端口配置，数量: 151
[2026-03-09T19:02:06+08:00][info] 进程3674146开始处理：主批次batch_69aea8addf9a92.38015350，子批次batch_69aea8addf9a92.38015350_sub_0（索引0）
[2026-03-09T19:02:06+08:00][info] 开始处理批次 batch_69aea8addf9a92.38015350，子批次 0，账号数: 23
[2026-03-09T19:02:06+08:00][info] 有效账号数：23（原始共23个）
[2026-03-09T19:02:06+08:00][info] [getBalancedPortConfig] 账号 14354470590 分配到端口 5110
[2026-03-09T19:02:06+08:00][info] [getBalancedPortConfig] 账号 14259633012 分配到端口 5021
[2026-03-09T19:02:06+08:00][info] [getBalancedPortConfig] 账号 14343883450 分配到端口 5080
[2026-03-09T19:02:06+08:00][info] [getBalancedPortConfig] 账号 14405004766 分配到端口 5072
[2026-03-09T19:02:06+08:00][info] [getBalancedPortConfig] 账号 14302866740 分配到端口 5038
[2026-03-09T19:02:06+08:00][info] [getBalancedPortConfig] 账号 14254842390 分配到端口 5036
[2026-03-09T19:02:06+08:00][info] [getBalancedPortConfig] 账号 14302090933 分配到端口 5003
[2026-03-09T19:02:06+08:00][info] [getBalancedPortConfig] 账号 14257952091 分配到端口 5068
[2026-03-09T19:02:06+08:00][info] [getBalancedPortConfig] 账号 14259840266 分配到端口 5094
[2026-03-09T19:02:06+08:00][info] [getBalancedPortConfig] 账号 14303626451 分配到端口 5112
[2026-03-09T19:02:06+08:00][info] [getBalancedPortConfig] 账号 14256482374 分配到端口 5085
[2026-03-09T19:02:06+08:00][info] [getBalancedPortConfig] 账号 14258719945 分配到端口 5122
[2026-03-09T19:02:06+08:00][info] [getBalancedPortConfig] 账号 14404337295 分配到端口 5024
[2026-03-09T19:02:06+08:00][info] [getBalancedPortConfig] 账号 14302554577 分配到端口 5065
[2026-03-09T19:02:06+08:00][info] [getBalancedPortConfig] 账号 14357087898 分配到端口 5121
[2026-03-09T19:02:06+08:00][info] [getBalancedPortConfig] 账号 14323566143 分配到端口 5007
[2026-03-09T19:02:06+08:00][info] [getBalancedPortConfig] 账号 14307583328 分配到端口 5099
[2026-03-09T19:02:06+08:00][info] [getBalancedPortConfig] 账号 14259815531 分配到端口 5106
[2026-03-09T19:02:06+08:00][info] [getBalancedPortConfig] 账号 14303626004 分配到端口 5001
[2026-03-09T19:02:06+08:00][info] [getBalancedPortConfig] 账号 14349998057 分配到端口 5026
[2026-03-09T19:02:06+08:00][info] [getBalancedPortConfig] 账号 14257401761 分配到端口 5120
[2026-03-09T19:02:06+08:00][info] [getBalancedPortConfig] 账号 14254754758 分配到端口 5080
[2026-03-09T19:02:06+08:00][info] [getBalancedPortConfig] 账号 14259442628 分配到端口 5025
[2026-03-09T19:02:06+08:00][info] 端口 5110 分配到 1 个账号
[2026-03-09T19:02:06+08:00][info] 端口 5021 分配到 1 个账号
[2026-03-09T19:02:06+08:00][info] 端口 5080 分配到 2 个账号
[2026-03-09T19:02:06+08:00][info] 端口 5072 分配到 1 个账号
[2026-03-09T19:02:06+08:00][info] 端口 5038 分配到 1 个账号
[2026-03-09T19:02:06+08:00][info] 端口 5036 分配到 1 个账号
[2026-03-09T19:02:06+08:00][info] 端口 5003 分配到 1 个账号
[2026-03-09T19:02:06+08:00][info] 端口 5068 分配到 1 个账号
[2026-03-09T19:02:06+08:00][info] 端口 5094 分配到 1 个账号
[2026-03-09T19:02:06+08:00][info] 端口 5112 分配到 1 个账号
[2026-03-09T19:02:06+08:00][info] 端口 5085 分配到 1 个账号
[2026-03-09T19:02:06+08:00][info] 端口 5122 分配到 1 个账号
[2026-03-09T19:02:06+08:00][info] 端口 5024 分配到 1 个账号
[2026-03-09T19:02:06+08:00][info] 端口 5065 分配到 1 个账号
[2026-03-09T19:02:06+08:00][info] 端口 5121 分配到 1 个账号
[2026-03-09T19:02:06+08:00][info] 端口 5007 分配到 1 个账号
[2026-03-09T19:02:06+08:00][info] 端口 5099 分配到 1 个账号
[2026-03-09T19:02:06+08:00][info] 端口 5106 分配到 1 个账号
[2026-03-09T19:02:06+08:00][info] 端口 5001 分配到 1 个账号
[2026-03-09T19:02:06+08:00][info] 端口 5026 分配到 1 个账号
[2026-03-09T19:02:06+08:00][info] 端口 5120 分配到 1 个账号
[2026-03-09T19:02:06+08:00][info] 端口 5025 分配到 1 个账号
[2026-03-09T19:02:06+08:00][info] 批次 batch_69aea8addf9a92.38015350：按端口分组完成，分组数: 22
[2026-03-09T19:02:07+08:00][info] 端口 5065 处理完成: 1 个结果
[2026-03-09T19:02:07+08:00][info] 端口 5106 处理完成: 1 个结果
[2026-03-09T19:02:07+08:00][info] 端口 5094 处理完成: 1 个结果
[2026-03-09T19:02:07+08:00][info] 端口 5085 处理完成: 1 个结果
[2026-03-09T19:02:07+08:00][info] 端口 5080 处理完成: 2 个结果
[2026-03-09T19:02:07+08:00][info] 端口 5003 处理完成: 1 个结果
[2026-03-09T19:02:07+08:00][info] 端口 5001 处理完成: 1 个结果
[2026-03-09T19:02:07+08:00][info] 端口 5038 处理完成: 1 个结果
[2026-03-09T19:02:07+08:00][info] 端口 5036 处理完成: 1 个结果
[2026-03-09T19:02:07+08:00][info] 端口 5110 处理完成: 1 个结果
[2026-03-09T19:02:07+08:00][info] 端口 5068 处理完成: 1 个结果
[2026-03-09T19:02:07+08:00][info] 端口 5021 处理完成: 1 个结果
[2026-03-09T19:02:07+08:00][info] 端口 5072 处理完成: 1 个结果
[2026-03-09T19:02:07+08:00][info] 端口 5112 处理完成: 1 个结果
[2026-03-09T19:02:07+08:00][info] 端口 5007 处理完成: 1 个结果
[2026-03-09T19:02:07+08:00][info] 端口 5099 处理完成: 1 个结果
[2026-03-09T19:02:07+08:00][info] 端口 5024 处理完成: 1 个结果
[2026-03-09T19:02:07+08:00][info] 端口 5025 处理完成: 1 个结果
[2026-03-09T19:02:07+08:00][info] 端口 5026 处理完成: 1 个结果
[2026-03-09T19:02:07+08:00][info] 端口 5121 处理完成: 1 个结果
[2026-03-09T19:02:07+08:00][info] 端口 5122 处理完成: 1 个结果
[2026-03-09T19:02:07+08:00][info] 端口 5120 处理完成: 1 个结果
[2026-03-09T19:02:07+08:00][info] 批次 batch_69aea8addf9a92.38015350：所有端口请求完成
[2026-03-09T19:02:07+08:00][info] 端口 5001 处理完成: 1 个账号
[2026-03-09T19:02:07+08:00][info] 端口 5003 处理完成: 1 个账号
[2026-03-09T19:02:07+08:00][info] 端口 5007 处理完成: 1 个账号
[2026-03-09T19:02:07+08:00][info] 端口 5021 处理完成: 1 个账号
[2026-03-09T19:02:07+08:00][info] 端口 5024 处理完成: 1 个账号
[2026-03-09T19:02:07+08:00][info] 端口 5025 处理完成: 1 个账号
[2026-03-09T19:02:07+08:00][info] 端口 5026 处理完成: 1 个账号
[2026-03-09T19:02:07+08:00][info] 端口 5036 处理完成: 1 个账号
[2026-03-09T19:02:07+08:00][info] 端口 5038 处理完成: 1 个账号
[2026-03-09T19:02:07+08:00][info] 端口 5065 处理完成: 1 个账号
[2026-03-09T19:02:07+08:00][info] 端口 5068 处理完成: 1 个账号
[2026-03-09T19:02:07+08:00][info] 端口 5072 处理完成: 1 个账号
[2026-03-09T19:02:07+08:00][info] 端口 5080 处理完成: 2 个账号
[2026-03-09T19:02:07+08:00][info] 端口 5085 处理完成: 1 个账号
[2026-03-09T19:02:07+08:00][info] 端口 5094 处理完成: 1 个账号
[2026-03-09T19:02:07+08:00][info] 端口 5099 处理完成: 1 个账号
[2026-03-09T19:02:07+08:00][info] 端口 5106 处理完成: 1 个账号
[2026-03-09T19:02:07+08:00][info] 端口 5110 处理完成: 1 个账号
[2026-03-09T19:02:07+08:00][info] 端口 5112 处理完成: 1 个账号
[2026-03-09T19:02:07+08:00][info] 端口 5120 处理完成: 1 个账号
[2026-03-09T19:02:07+08:00][info] 端口 5121 处理完成: 1 个账号
[2026-03-09T19:02:07+08:00][info] 端口 5122 处理完成: 1 个账号
[2026-03-09T19:02:07+08:00][info] 批量插入有效账号成功：插入23条数据，跳过0条重复数据
[2026-03-09T19:02:07+08:00][info] 进程3674146：子批次batch_69aea8addf9a92.38015350_sub_0处理完成，成功23，失败0
[2026-03-09T19:02:07+08:00][info] 进程3674146：子批次batch_69aea8addf9a92.38015350_sub_0任务结束
[2026-03-09T19:02:45+08:00][info] [loadAvailablePorts] 从缓存加载端口配置，数量: 151
[2026-03-09T19:02:45+08:00][info] [TelegramTask] 批次处理开始: batch_id=batch_69aea8d5068698.83264327, type=set_online, 任务数=1
[2026-03-09T19:02:45+08:00][info] [batchApiProcess] 开始批量API处理，类型: set_online, 总任务数: 1
[2026-03-09T19:02:45+08:00][info] [getBalancedPortConfig] 轮询分配: 索引 142 (总数 151) -> 端口 5142
[2026-03-09T19:02:45+08:00][info] [groupTasksByPort] 端口 5142 分配到 1 个任务
[2026-03-09T19:02:45+08:00][info] [recordPortAssignments] 已记录端口分配信息，任务数: 1
[2026-03-09T19:02:45+08:00][info] [batchApiProcess] 地址 http://127.0.0.1:5142 处理 1 个任务
[2026-03-09T19:02:45+08:00][info] 发送任务{"batch":[{"action":"set_online","user_id":4077,"tdata_path":"\/www\/wwwroot\/tdata.tgbota.top\/public\/uploads\/admin\/202603\/69aea8acd9b9e\/14258719945\/tdata","proxy":"socks5:\/\/user-splmqynpf0-country-jp:9u6virjzTwd1PRZp4=@isp.decodo.com:10093","params":[],"tguser_id":"8238922292","first_name":null,"main_dc_id":1,"auth_key_hex":"288a7440014159f5d932e3d2af06bbd21b72461cf329e26e31b34afd3f34686e4a9e91554ecfe3e8f2104fb660c8842ccba57910604613e16c819301b28ddd55b7cea75276530b447471a3ec9bab57d0f8b0257bc0afd8a47e9019415002bc394e4c7f5ef78e80b712dca182c67b3b9038e893ead38c69f55549a6ffe004a6f53c2ffaeb8f1df6a5bb4a7be583894738e2842d7a4cf806767c5acb77ac5bfbcde5a61fd3d734d28179b3f9d87ee6b81e54f1305ff912e31e3c1dca6ed7825c73812f23c078814bf7b4d60010b0a8f25559314e2534518e9078a701b5e7d9a55fb4a95c355c3ae74ea2ab6ae4e17077c002ac98d9cd37c3645b7b62120026a82a","assigned_port":5142,"assigned_host":"127.0.0.1"}]}
[2026-03-09T19:02:53+08:00][info] [callPythonApiAsync] 的值：{"status":true,"message":"\u6279\u91cf\u4efb\u52a1\u5b8c\u6210","data":[{"status":false,"message":"\u8d26\u53f7\u88ab\u51bb\u7ed3","data":{"account_status":"\u51bb\u7ed3","account_status_desc":"\u8d26\u53f7\u88ab\u51bb\u7ed3"},"account_info":[],"task_id":0,"mt_id":4077}]}
[2026-03-09T19:02:53+08:00][info] [allResults] 的值：{"5142":{"state":"fulfilled","value":{"status":true,"message":"\u6279\u91cf\u4efb\u52a1\u5b8c\u6210","data":[{"status":false,"message":"\u8d26\u53f7\u88ab\u51bb\u7ed3","data":{"account_status":"\u51bb\u7ed3","account_status_desc":"\u8d26\u53f7\u88ab\u51bb\u7ed3"},"account_info":[],"task_id":0,"mt_id":4077}]}}}
[2026-03-09T19:02:53+08:00][info] [recordAccountUpdate] 已记录账号状态更新: user_id=4077, batch_id=batch_69aea8d5068698.83264327
[2026-03-09T19:02:53+08:00][info] [batchApiProcess] 端口 5142 处理完成: 成功=0, 失败=1
[2026-03-09T19:02:53+08:00][info] [flushUpdateBuffer] 批量更新成功，共 1/1 条记录
[2026-03-09T19:02:53+08:00][info] [batchApiProcess] 所有端口处理完成: 总成功=0, 总失败=1
[2026-03-09T19:02:53+08:00][info] [cleanupPortAssignments] 已清理端口分配缓存: batch_69aea8d5068698.83264327
[2026-03-09T19:02:53+08:00][info] [TelegramTask] 批次处理完成: batch_id=batch_69aea8d5068698.83264327, 成功=0, 失败=1, 耗时=8.78秒
[2026-03-09T19:06:00+08:00][info] [loadAvailablePorts] 从缓存加载端口配置，数量: 151
[2026-03-09T19:06:00+08:00][info] [TelegramTask] 批次处理开始: batch_id=batch_69aea997dd9246.68862656, type=set_online, 任务数=1
[2026-03-09T19:06:00+08:00][info] [batchApiProcess] 开始批量API处理，类型: set_online, 总任务数: 1
[2026-03-09T19:06:00+08:00][info] [getBalancedPortConfig] 轮询分配: 索引 143 (总数 151) -> 端口 5143
[2026-03-09T19:06:00+08:00][info] [groupTasksByPort] 端口 5143 分配到 1 个任务
[2026-03-09T19:06:00+08:00][info] [recordPortAssignments] 已记录端口分配信息，任务数: 1
[2026-03-09T19:06:00+08:00][info] [batchApiProcess] 地址 http://127.0.0.1:5143 处理 1 个任务
[2026-03-09T19:06:00+08:00][info] 发送任务{"batch":[{"action":"set_online","user_id":4076,"tdata_path":"\/www\/wwwroot\/tdata.tgbota.top\/public\/uploads\/admin\/202603\/69aea8acd9b9e\/14357087898\/tdata","proxy":"socks5:\/\/user-splmqynpf0-country-jp:9u6virjzTwd1PRZp4=@isp.decodo.com:10129","params":[],"tguser_id":"8388746012","first_name":null,"main_dc_id":1,"auth_key_hex":"98f8d567e17167ec89956088622ac59e0fe4f53845a81b9ddc5990d07374d7d8c7b7a75ebbf9827b462759f5be5a1e68e1272e8b4dfad1e4f62b0f8b778dd19f287fc5ad1f8a206ccaeb391d6c27ec4a0285ae9daa04c50a5d9dffd407ffcae0739250e7914ce32450ca97568b2b688eba73e05350fcf252057b003161f4a24e16faeb914154ab48680df1c81b3982b1c34d93639b3cfe889df522382d1355aa93fedf0dd0f3edfc9ec56286200359ba4cbb8553208512e05efb9588fb8dba31336fe576a96979dfba543e21d2694da469ed5c2529b5355883823a557a2f2ac3689e5e381a927090dbc5ac008d087c19e026642d6951f4e6deb81db8b5c2435e","assigned_port":5143,"assigned_host":"127.0.0.1"}]}
[2026-03-09T19:06:14+08:00][info] [callPythonApiAsync] 的值：{"status":true,"message":"\u6279\u91cf\u4efb\u52a1\u5b8c\u6210","data":[{"task_id":0,"mt_id":4076,"status":false,"message":"\u751f\u6210session\u6587\u4ef6\u5931\u8d25: \u8d26\u53f7\u88abTelegram\u5b98\u65b9\u51bb\u7ed3","data":{"account_status":"\u51bb\u7ed3","account_status_desc":"\u8d26\u53f7\u88abTelegram\u5b98\u65b9\u51bb\u7ed3"}}]}
[2026-03-09T19:06:14+08:00][info] [allResults] 的值：{"5143":{"state":"fulfilled","value":{"status":true,"message":"\u6279\u91cf\u4efb\u52a1\u5b8c\u6210","data":[{"task_id":0,"mt_id":4076,"status":false,"message":"\u751f\u6210session\u6587\u4ef6\u5931\u8d25: \u8d26\u53f7\u88abTelegram\u5b98\u65b9\u51bb\u7ed3","data":{"account_status":"\u51bb\u7ed3","account_status_desc":"\u8d26\u53f7\u88abTelegram\u5b98\u65b9\u51bb\u7ed3"}}]}}}
[2026-03-09T19:06:14+08:00][info] [recordAccountUpdate] 已记录账号状态更新: user_id=4076, batch_id=batch_69aea997dd9246.68862656
[2026-03-09T19:06:14+08:00][info] [batchApiProcess] 端口 5143 处理完成: 成功=0, 失败=1
[2026-03-09T19:06:14+08:00][info] [flushUpdateBuffer] 批量更新成功，共 1/1 条记录
[2026-03-09T19:06:14+08:00][info] [batchApiProcess] 所有端口处理完成: 总成功=0, 总失败=1
[2026-03-09T19:06:14+08:00][info] [cleanupPortAssignments] 已清理端口分配缓存: batch_69aea997dd9246.68862656
[2026-03-09T19:06:14+08:00][info] [TelegramTask] 批次处理完成: batch_id=batch_69aea997dd9246.68862656, 成功=0, 失败=1, 耗时=14.55秒
[2026-03-09T19:07:35+08:00][info] [loadAvailablePorts] 从缓存加载端口配置，数量: 151
[2026-03-09T19:07:35+08:00][info] [TelegramTask] 批次处理开始: batch_id=batch_69aea9f6e8d646.10343602, type=set_online, 任务数=2
[2026-03-09T19:07:35+08:00][info] [batchApiProcess] 开始批量API处理，类型: set_online, 总任务数: 2
[2026-03-09T19:07:35+08:00][info] [getBalancedPortConfig] 轮询分配: 索引 144 (总数 151) -> 端口 5144
[2026-03-09T19:07:35+08:00][info] [getBalancedPortConfig] 轮询分配: 索引 145 (总数 151) -> 端口 5145
[2026-03-09T19:07:35+08:00][info] [groupTasksByPort] 端口 5144 分配到 1 个任务
[2026-03-09T19:07:35+08:00][info] [groupTasksByPort] 端口 5145 分配到 1 个任务
[2026-03-09T19:07:35+08:00][info] [recordPortAssignments] 已记录端口分配信息，任务数: 2
[2026-03-09T19:07:35+08:00][info] [batchApiProcess] 地址 http://127.0.0.1:5144 处理 1 个任务
[2026-03-09T19:07:35+08:00][info] 发送任务{"batch":[{"action":"set_online","user_id":4076,"tdata_path":"\/www\/wwwroot\/tdata.tgbota.top\/public\/uploads\/admin\/202603\/69aea8acd9b9e\/14357087898\/tdata","proxy":"socks5:\/\/user-splmqynpf0-country-jp:9u6virjzTwd1PRZp4=@isp.decodo.com:10129","params":[],"tguser_id":"8388746012","first_name":null,"main_dc_id":1,"auth_key_hex":"98f8d567e17167ec89956088622ac59e0fe4f53845a81b9ddc5990d07374d7d8c7b7a75ebbf9827b462759f5be5a1e68e1272e8b4dfad1e4f62b0f8b778dd19f287fc5ad1f8a206ccaeb391d6c27ec4a0285ae9daa04c50a5d9dffd407ffcae0739250e7914ce32450ca97568b2b688eba73e05350fcf252057b003161f4a24e16faeb914154ab48680df1c81b3982b1c34d93639b3cfe889df522382d1355aa93fedf0dd0f3edfc9ec56286200359ba4cbb8553208512e05efb9588fb8dba31336fe576a96979dfba543e21d2694da469ed5c2529b5355883823a557a2f2ac3689e5e381a927090dbc5ac008d087c19e026642d6951f4e6deb81db8b5c2435e","assigned_port":5144,"assigned_host":"127.0.0.1"}]}
[2026-03-09T19:07:35+08:00][info] [batchApiProcess] 地址 http://127.0.0.1:5145 处理 1 个任务
[2026-03-09T19:07:35+08:00][info] 发送任务{"batch":[{"action":"set_online","user_id":4077,"tdata_path":"\/www\/wwwroot\/tdata.tgbota.top\/public\/uploads\/admin\/202603\/69aea8acd9b9e\/14258719945\/tdata","proxy":"socks5:\/\/user-splmqynpf0-country-jp:9u6virjzTwd1PRZp4=@isp.decodo.com:10093","params":[],"tguser_id":"8238922292","first_name":null,"main_dc_id":1,"auth_key_hex":"288a7440014159f5d932e3d2af06bbd21b72461cf329e26e31b34afd3f34686e4a9e91554ecfe3e8f2104fb660c8842ccba57910604613e16c819301b28ddd55b7cea75276530b447471a3ec9bab57d0f8b0257bc0afd8a47e9019415002bc394e4c7f5ef78e80b712dca182c67b3b9038e893ead38c69f55549a6ffe004a6f53c2ffaeb8f1df6a5bb4a7be583894738e2842d7a4cf806767c5acb77ac5bfbcde5a61fd3d734d28179b3f9d87ee6b81e54f1305ff912e31e3c1dca6ed7825c73812f23c078814bf7b4d60010b0a8f25559314e2534518e9078a701b5e7d9a55fb4a95c355c3ae74ea2ab6ae4e17077c002ac98d9cd37c3645b7b62120026a82a","assigned_port":5145,"assigned_host":"127.0.0.1"}]}
[2026-03-09T19:07:39+08:00][info] [callPythonApiAsync] 的值：{"status":true,"message":"\u6279\u91cf\u4efb\u52a1\u5b8c\u6210","data":[{"task_id":0,"mt_id":4076,"status":false,"message":"\u751f\u6210session\u6587\u4ef6\u5931\u8d25: \u9a8c\u8bc1\u4e0e\u63d0\u53d6\u4fe1\u606f\u5931\u8d25\uff1aConnection to Telegram failed 1 time(s)","data":{"account_status":"\u5f02\u5e38","account_status_desc":"\u9a8c\u8bc1\u8fc7\u7a0b\u5f02\u5e38: Connection to Telegram failed 1 time(s)"}}]}
[2026-03-09T19:07:39+08:00][info] [callPythonApiAsync] 的值：{"status":true,"message":"\u6279\u91cf\u4efb\u52a1\u5b8c\u6210","data":[{"task_id":0,"mt_id":4077,"status":false,"message":"\u751f\u6210session\u6587\u4ef6\u5931\u8d25: \u9a8c\u8bc1\u4e0e\u63d0\u53d6\u4fe1\u606f\u5931\u8d25\uff1aConnection to Telegram failed 1 time(s)","data":{"account_status":"\u5f02\u5e38","account_status_desc":"\u9a8c\u8bc1\u8fc7\u7a0b\u5f02\u5e38: Connection to Telegram failed 1 time(s)"}}]}
[2026-03-09T19:07:39+08:00][info] [allResults] 的值：{"5144":{"state":"fulfilled","value":{"status":true,"message":"\u6279\u91cf\u4efb\u52a1\u5b8c\u6210","data":[{"task_id":0,"mt_id":4076,"status":false,"message":"\u751f\u6210session\u6587\u4ef6\u5931\u8d25: \u9a8c\u8bc1\u4e0e\u63d0\u53d6\u4fe1\u606f\u5931\u8d25\uff1aConnection to Telegram failed 1 time(s)","data":{"account_status":"\u5f02\u5e38","account_status_desc":"\u9a8c\u8bc1\u8fc7\u7a0b\u5f02\u5e38: Connection to Telegram failed 1 time(s)"}}]}},"5145":{"state":"fulfilled","value":{"status":true,"message":"\u6279\u91cf\u4efb\u52a1\u5b8c\u6210","data":[{"task_id":0,"mt_id":4077,"status":false,"message":"\u751f\u6210session\u6587\u4ef6\u5931\u8d25: \u9a8c\u8bc1\u4e0e\u63d0\u53d6\u4fe1\u606f\u5931\u8d25\uff1aConnection to Telegram failed 1 time(s)","data":{"account_status":"\u5f02\u5e38","account_status_desc":"\u9a8c\u8bc1\u8fc7\u7a0b\u5f02\u5e38: Connection to Telegram failed 1 time(s)"}}]}}}
[2026-03-09T19:07:39+08:00][info] [recordAccountUpdate] 已记录账号状态更新: user_id=4076, batch_id=batch_69aea9f6e8d646.10343602
[2026-03-09T19:07:39+08:00][info] [batchApiProcess] 端口 5144 处理完成: 成功=0, 失败=1
[2026-03-09T19:07:39+08:00][info] [recordAccountUpdate] 已记录账号状态更新: user_id=4077, batch_id=batch_69aea9f6e8d646.10343602
[2026-03-09T19:07:39+08:00][info] [batchApiProcess] 端口 5145 处理完成: 成功=0, 失败=1
[2026-03-09T19:07:39+08:00][info] [flushUpdateBuffer] 批量更新成功，共 2/2 条记录
[2026-03-09T19:07:39+08:00][info] [batchApiProcess] 所有端口处理完成: 总成功=0, 总失败=2
[2026-03-09T19:07:39+08:00][info] [cleanupPortAssignments] 已清理端口分配缓存: batch_69aea9f6e8d646.10343602
[2026-03-09T19:07:39+08:00][info] [TelegramTask] 批次处理完成: batch_id=batch_69aea9f6e8d646.10343602, 成功=0, 失败=2, 耗时=4.47秒
