[2026-03-20T00:15:57+08:00][error] 错误信息:controller not exists:app\controller\Index
[2026-03-20T00:16:44+08:00][error] 错误信息:controller not exists:app\controller\Index
[2026-03-20T00:26:12+08:00][error] 错误信息:controller not exists:app\controller\404
[2026-03-20T00:27:50+08:00][error] 错误信息:controller not exists:app\controller\Index
[2026-03-20T00:33:27+08:00][error] 错误信息:controller not exists:app\controller\404
[2026-03-20T00:33:27+08:00][error] 错误信息:controller not exists:app\controller\Index
[2026-03-20T00:41:21+08:00][error] 错误信息:controller not exists:app\controller\Index
[2026-03-20T00:51:07+08:00][error] 错误信息:controller not exists:app\controller\Index
[2026-03-20T01:04:20+08:00][error] 错误信息:controller not exists:app\controller\Index
[2026-03-20T01:23:58+08:00][error] 错误信息:controller not exists:app\controller\Index
[2026-03-20T01:29:50+08:00][error] 错误信息:controller not exists:app\controller\Index
[2026-03-20T01:29:57+08:00][error] 错误信息:controller not exists:app\controller\Index
[2026-03-20T01:32:09+08:00][error] 错误信息:controller not exists:app\controller\Index
[2026-03-20T01:55:49+08:00][error] 错误信息:controller not exists:app\controller\Index
[2026-03-20T02:20:47+08:00][error] 错误信息:controller not exists:app\controller\Index
[2026-03-20T02:31:05+08:00][error] 错误信息:controller not exists:app\controller\Index
[2026-03-20T02:31:46+08:00][error] 错误信息:controller not exists:app\controller\Index
[2026-03-20T02:46:01+08:00][error] 错误信息:controller not exists:app\controller\Index
[2026-03-20T02:48:07+08:00][error] 错误信息:controller not exists:app\controller\Index
[2026-03-20T02:50:00+08:00][error] 错误信息:controller not exists:app\controller\Index
[2026-03-20T02:50:03+08:00][error] 错误信息:controller not exists:app\controller\404
[2026-03-20T02:50:08+08:00][error] 错误信息:controller not exists:app\controller\security\Txt
[2026-03-20T02:58:13+08:00][error] 错误信息:controller not exists:app\controller\Index
[2026-03-20T02:58:14+08:00][error] 错误信息:controller not exists:app\controller\Index
[2026-03-20T02:58:14+08:00][error] 错误信息:controller not exists:app\controller\Next
[2026-03-20T02:58:16+08:00][error] 错误信息:controller not exists:app\controller\Index
[2026-03-20T02:58:17+08:00][error] 错误信息:controller not exists:app\controller\Next
[2026-03-20T03:08:19+08:00][error] 错误信息:controller not exists:app\controller\404
[2026-03-20T03:10:58+08:00][error] 错误信息:controller not exists:app\controller\Index
[2026-03-20T03:11:56+08:00][error] 错误信息:controller not exists:app\controller\Index
[2026-03-20T03:26:35+08:00][error] 错误信息:controller not exists:app\controller\CgiBin
[2026-03-20T03:35:08+08:00][error] 错误信息:controller not exists:app\controller\Index
[2026-03-20T03:38:49+08:00][error] 错误信息:controller not exists:app\controller\404
[2026-03-20T03:39:41+08:00][error] 错误信息:controller not exists:app\controller\Index
[2026-03-20T03:43:07+08:00][error] 错误信息:controller not exists:app\controller\Index
[2026-03-20T03:58:21+08:00][error] 错误信息:controller not exists:app\controller\Index
[2026-03-20T04:05:57+08:00][error] 错误信息:controller not exists:app\controller\Index
[2026-03-20T04:16:45+08:00][error] 错误信息:controller not exists:app\controller\Nmaplowercheck1773951405
[2026-03-20T04:16:45+08:00][error] 错误信息:controller not exists:app\controller\Sdk
[2026-03-20T04:16:45+08:00][error] 错误信息:controller not exists:app\controller\NmapUpperCheck1773951405
[2026-03-20T04:16:46+08:00][error] 错误信息:controller not exists:app\controller\Nmap
[2026-03-20T04:16:46+08:00][error] 错误信息:controller not exists:app\controller\HNAP1
[2026-03-20T04:16:47+08:00][error] 错误信息:controller not exists:app\controller\Evox
[2026-03-20T04:16:57+08:00][error] 错误信息:controller not exists:app\controller\Index
[2026-03-20T04:31:31+08:00][error] 错误信息:controller not exists:app\controller\Index
[2026-03-20T04:53:36+08:00][error] 错误信息:controller not exists:app\controller\Index
[2026-03-20T05:08:02+08:00][error] 错误信息:controller not exists:app\controller\Index
[2026-03-20T05:19:04+08:00][error] 错误信息:controller not exists:app\controller\Index
[2026-03-20T05:46:58+08:00][error] 错误信息:controller not exists:app\controller\Index
[2026-03-20T05:48:22+08:00][error] 错误信息:controller not exists:app\controller\Developmentserver
[2026-03-20T05:53:35+08:00][error] 错误信息:controller not exists:app\controller\404
[2026-03-20T05:54:10+08:00][error] 错误信息:controller not exists:app\controller\10r3q0sr7rkisg9yc
[2026-03-20T06:04:22+08:00][error] 错误信息:controller not exists:app\controller\Druid
[2026-03-20T06:08:52+08:00][error] 错误信息:controller not exists:app\controller\Index
[2026-03-20T06:09:02+08:00][error] 错误信息:controller not exists:app\controller\Index
[2026-03-20T06:09:57+08:00][error] 错误信息:controller not exists:app\controller\Index
[2026-03-20T06:09:58+08:00][error] 错误信息:controller not exists:app\controller\Index
[2026-03-20T06:37:44+08:00][error] 错误信息:controller not exists:app\controller\Index
[2026-03-20T07:00:07+08:00][error] 错误信息:controller not exists:app\controller\Index
[2026-03-20T07:02:53+08:00][error] 错误信息:controller not exists:app\controller\Index
[2026-03-20T07:27:30+08:00][error] 错误信息:controller not exists:app\controller\Index
[2026-03-20T07:27:36+08:00][error] 错误信息:controller not exists:app\controller\Index
[2026-03-20T08:02:23+08:00][error] 错误信息:controller not exists:app\controller\Index
[2026-03-20T08:03:25+08:00][error] 错误信息:controller not exists:app\controller\Webui
[2026-03-20T08:06:36+08:00][error] 错误信息:controller not exists:app\controller\Geoserver
[2026-03-20T08:16:09+08:00][error] 错误信息:controller not exists:app\controller\Index
[2026-03-20T08:43:11+08:00][error] 错误信息:controller not exists:app\controller\Index
[2026-03-20T09:33:37+08:00][error] 错误信息:controller not exists:app\controller\Index
[2026-03-20T09:55:17+08:00][error] 错误信息:controller not exists:app\controller\Index
[2026-03-20T10:01:45+08:00][error] 错误信息:controller not exists:app\controller\Index
[2026-03-20T10:02:28+08:00][error] 错误信息:controller not exists:app\controller\Index
[2026-03-20T10:23:09+08:00][error] 错误信息:controller not exists:app\controller\Portal
[2026-03-20T10:24:52+08:00][error] 错误信息:controller not exists:app\controller\Index
[2026-03-20T10:42:05+08:00][error] 错误信息:controller not exists:app\controller\Index
[2026-03-20T10:42:12+08:00][error] 错误信息:controller not exists:app\controller\Index
[2026-03-20T10:49:55+08:00][error] 错误信息:controller not exists:app\controller\Index
[2026-03-20T11:15:59+08:00][error] 错误信息:controller not exists:app\controller\Index
[2026-03-20T11:17:57+08:00][error] 错误信息:controller not exists:app\controller\Index
[2026-03-20T11:19:52+08:00][error] 错误信息:controller not exists:app\controller\Index
[2026-03-20T11:33:54+08:00][error] 错误信息:controller not exists:app\controller\Index
[2026-03-20T11:42:01+08:00][error] 错误信息:controller not exists:app\controller\Index
[2026-03-20T12:06:18+08:00][error] 错误信息:controller not exists:app\controller\Index
[2026-03-20T12:19:00+08:00][error] 错误信息:controller not exists:app\controller\hello\World
[2026-03-20T12:19:01+08:00][error] 错误信息:controller not exists:app\controller\Index
[2026-03-20T12:19:01+08:00][error] 错误信息:controller not exists:app\controller\404
[2026-03-20T12:19:01+08:00][error] 错误信息:controller not exists:app\controller\404
[2026-03-20T12:19:01+08:00][error] 错误信息:controller not exists:app\controller\404
[2026-03-20T12:19:01+08:00][error] 错误信息:controller not exists:app\controller\404
[2026-03-20T12:19:01+08:00][error] 错误信息:controller not exists:app\controller\404
[2026-03-20T12:19:02+08:00][error] 错误信息:controller not exists:app\controller\404
[2026-03-20T12:19:02+08:00][error] 错误信息:controller not exists:app\controller\404
[2026-03-20T12:19:02+08:00][error] 错误信息:controller not exists:app\controller\404
[2026-03-20T12:19:02+08:00][error] 错误信息:controller not exists:app\controller\404
[2026-03-20T12:19:02+08:00][error] 错误信息:controller not exists:app\controller\404
[2026-03-20T12:19:02+08:00][error] 错误信息:controller not exists:app\controller\404
[2026-03-20T12:19:03+08:00][error] 错误信息:controller not exists:app\controller\404
[2026-03-20T12:19:03+08:00][error] 错误信息:controller not exists:app\controller\404
[2026-03-20T12:19:03+08:00][error] 错误信息:controller not exists:app\controller\404
[2026-03-20T12:19:03+08:00][error] 错误信息:controller not exists:app\controller\404
[2026-03-20T12:19:03+08:00][error] 错误信息:controller not exists:app\controller\404
[2026-03-20T12:19:03+08:00][error] 错误信息:controller not exists:app\controller\404
[2026-03-20T12:19:04+08:00][error] 错误信息:controller not exists:app\controller\404
[2026-03-20T12:19:04+08:00][error] 错误信息:controller not exists:app\controller\404
[2026-03-20T12:19:04+08:00][error] 错误信息:controller not exists:app\controller\404
[2026-03-20T12:19:04+08:00][error] 错误信息:controller not exists:app\controller\404
[2026-03-20T12:19:04+08:00][error] 错误信息:controller not exists:app\controller\404
[2026-03-20T12:19:04+08:00][error] 错误信息:controller not exists:app\controller\404
[2026-03-20T12:19:05+08:00][error] 错误信息:controller not exists:app\controller\404
[2026-03-20T12:19:05+08:00][error] 错误信息:controller not exists:app\controller\404
[2026-03-20T12:19:05+08:00][error] 错误信息:controller not exists:app\controller\404
[2026-03-20T12:19:05+08:00][error] 错误信息:controller not exists:app\controller\404
[2026-03-20T12:19:05+08:00][error] 错误信息:controller not exists:app\controller\404
[2026-03-20T12:19:05+08:00][error] 错误信息:controller not exists:app\controller\404
[2026-03-20T12:19:06+08:00][error] 错误信息:controller not exists:app\controller\404
[2026-03-20T12:19:06+08:00][error] 错误信息:controller not exists:app\controller\404
[2026-03-20T12:19:06+08:00][error] 错误信息:controller not exists:app\controller\404
[2026-03-20T12:19:06+08:00][error] 错误信息:controller not exists:app\controller\404
[2026-03-20T12:19:06+08:00][error] 错误信息:controller not exists:app\controller\404
[2026-03-20T12:19:06+08:00][error] 错误信息:controller not exists:app\controller\404
[2026-03-20T12:19:07+08:00][error] 错误信息:controller not exists:app\controller\404
[2026-03-20T12:19:07+08:00][error] 错误信息:controller not exists:app\controller\404
[2026-03-20T12:19:07+08:00][error] 错误信息:controller not exists:app\controller\Index
[2026-03-20T12:19:07+08:00][error] 错误信息:controller not exists:app\controller\404
[2026-03-20T12:19:07+08:00][error] 错误信息:controller not exists:app\controller\Index
[2026-03-20T12:19:07+08:00][error] 错误信息:controller not exists:app\controller\Index
[2026-03-20T12:19:08+08:00][error] 错误信息:controller not exists:app\controller\Containers
[2026-03-20T12:32:59+08:00][error] 错误信息:controller not exists:app\controller\Index
[2026-03-20T12:34:09+08:00][error] 错误信息:controller not exists:app\controller\Index
[2026-03-20T12:35:02+08:00][error] 错误信息:controller not exists:app\controller\Index
[2026-03-20T12:49:12+08:00][error] 错误信息:controller not exists:app\controller\Index
[2026-03-20T12:57:59+08:00][error] 错误信息:controller not exists:app\controller\Index
[2026-03-20T13:17:41+08:00][error] 错误信息:controller not exists:app\controller\Index
[2026-03-20T13:18:32+08:00][error] 错误信息:controller not exists:app\controller\Index
[2026-03-20T13:23:22+08:00][error] 错误信息:controller not exists:app\controller\Index
[2026-03-20T13:24:10+08:00][error] 错误信息:controller not exists:app\controller\Index
[2026-03-20T13:27:54+08:00][error] 错误信息:controller not exists:app\controller\Index
[2026-03-20T13:28:00+08:00][error] 错误信息:controller not exists:app\controller\Index
[2026-03-20T13:50:45+08:00][error] 错误信息:controller not exists:app\controller\Index
[2026-03-20T14:16:05+08:00][error] 错误信息:controller not exists:app\controller\Index
[2026-03-20T14:33:25+08:00][error] 错误信息:controller not exists:app\controller\Index
[2026-03-20T14:39:38+08:00][error] 错误信息:controller not exists:app\controller\Index
[2026-03-20T15:06:02+08:00][error] 错误信息:controller not exists:app\controller\Index
[2026-03-20T15:17:39+08:00][error] 错误信息:controller not exists:app\controller\Index
[2026-03-20T15:21:11+08:00][error] 错误信息:controller not exists:app\controller\Index
[2026-03-20T15:27:07+08:00][error] 错误信息:controller not exists:app\controller\Index
[2026-03-20T15:31:15+08:00][error] 错误信息:controller not exists:app\controller\Index
[2026-03-20T15:48:23+08:00][error] 错误信息:controller not exists:app\controller\Index
[2026-03-20T15:51:22+08:00][error] 错误信息:controller not exists:app\controller\Y862bn49nbymadzi0
[2026-03-20T15:58:21+08:00][error] 错误信息:controller not exists:app\controller\Index
[2026-03-20T16:12:21+08:00][error] 错误信息:controller not exists:app\controller\Index
[2026-03-20T16:19:05+08:00][error] 错误信息:controller not exists:app\controller\Index
[2026-03-20T16:22:04+08:00][error] 错误信息:controller not exists:app\controller\Index
[2026-03-20T16:22:52+08:00][error] 错误信息:controller not exists:app\controller\Developmentserver
[2026-03-20T16:47:05+08:00][error] 错误信息:controller not exists:app\controller\Index
[2026-03-20T16:52:57+08:00][error] 错误信息:controller not exists:app\controller\Index
[2026-03-20T16:53:21+08:00][error] 错误信息:controller not exists:app\controller\Login
[2026-03-20T16:53:27+08:00][error] 错误信息:controller not exists:app\controller\7c5c4g6l1908noh
[2026-03-20T16:53:48+08:00][error] 错误信息:controller not exists:app\controller\Index
[2026-03-20T16:58:05+08:00][error] 错误信息:controller not exists:app\controller\404
[2026-03-20T16:58:05+08:00][error] 错误信息:controller not exists:app\controller\Version
[2026-03-20T17:11:27+08:00][error] 错误信息:controller not exists:app\controller\Index
[2026-03-20T17:30:12+08:00][error] 错误信息:controller not exists:app\controller\Index
[2026-03-20T17:38:53+08:00][error] 错误信息:controller not exists:app\controller\Index
[2026-03-20T17:47:39+08:00][error] 错误信息:controller not exists:app\controller\Index
[2026-03-20T17:48:18+08:00][error] 错误信息:controller not exists:app\controller\Login
[2026-03-20T17:48:21+08:00][error] 错误信息:controller not exists:app\controller\C55ckdlwh
[2026-03-20T18:04:53+08:00][error] 错误信息:controller not exists:app\controller\Index
[2026-03-20T18:23:19+08:00][error] 错误信息:controller not exists:app\controller\Index
[2026-03-20T18:31:52+08:00][error] 错误信息:controller not exists:app\controller\Index
[2026-03-20T18:55:11+08:00][error] 错误信息:controller not exists:app\controller\Index
[2026-03-20T19:15:02+08:00][error] 错误信息:controller not exists:app\controller\Index
[2026-03-20T19:19:19+08:00][error] 错误信息:controller not exists:app\controller\Index
[2026-03-20T19:33:31+08:00][error] 错误信息:controller not exists:app\controller\Index
[2026-03-20T19:41:29+08:00][error] 错误信息:controller not exists:app\controller\Index
[2026-03-20T19:46:11+08:00][error] 错误信息:controller not exists:app\controller\Index
[2026-03-20T19:52:11+08:00][error] 错误信息:controller not exists:app\controller\Index
[2026-03-20T20:12:18+08:00][error] 错误信息:controller not exists:app\controller\Index
[2026-03-20T20:31:04+08:00][error] 错误信息:controller not exists:app\controller\SDK
[2026-03-20T20:37:55+08:00][error] 错误信息:controller not exists:app\controller\Index
[2026-03-20T20:56:46+08:00][error] 错误信息:controller not exists:app\controller\login\Asp
[2026-03-20T21:02:35+08:00][error] 错误信息:controller not exists:app\controller\Index
[2026-03-20T21:05:05+08:00][error] 错误信息:controller not exists:app\controller\Actuator
[2026-03-20T21:29:15+08:00][error] 错误信息:controller not exists:app\controller\Index
[2026-03-20T21:56:16+08:00][error] 错误信息:controller not exists:app\controller\Index
[2026-03-20T22:18:15+08:00][error] 错误信息:controller not exists:app\controller\Index
[2026-03-20T22:18:43+08:00][error] 错误信息:controller not exists:app\controller\Index
[2026-03-20T22:29:41+08:00][error] 错误信息:controller not exists:app\controller\SDK
[2026-03-20T22:37:08+08:00][error] 错误信息:controller not exists:app\controller\Index
[2026-03-20T22:48:16+08:00][error] 错误信息:controller not exists:app\controller\Index
[2026-03-20T22:49:05+08:00][error] 错误信息:controller not exists:app\controller\Hudson
[2026-03-20T22:59:05+08:00][error] 错误信息:controller not exists:app\controller\hello\World
[2026-03-20T22:59:05+08:00][error] 错误信息:controller not exists:app\controller\Index
[2026-03-20T22:59:05+08:00][error] 错误信息:controller not exists:app\controller\404
[2026-03-20T22:59:05+08:00][error] 错误信息:controller not exists:app\controller\404
[2026-03-20T22:59:05+08:00][error] 错误信息:controller not exists:app\controller\404
[2026-03-20T22:59:06+08:00][error] 错误信息:controller not exists:app\controller\404
[2026-03-20T22:59:06+08:00][error] 错误信息:controller not exists:app\controller\404
[2026-03-20T22:59:06+08:00][error] 错误信息:controller not exists:app\controller\404
[2026-03-20T22:59:06+08:00][error] 错误信息:controller not exists:app\controller\404
[2026-03-20T22:59:06+08:00][error] 错误信息:controller not exists:app\controller\404
[2026-03-20T22:59:06+08:00][error] 错误信息:controller not exists:app\controller\404
[2026-03-20T22:59:06+08:00][error] 错误信息:controller not exists:app\controller\404
[2026-03-20T22:59:06+08:00][error] 错误信息:controller not exists:app\controller\404
[2026-03-20T22:59:06+08:00][error] 错误信息:controller not exists:app\controller\404
[2026-03-20T22:59:06+08:00][error] 错误信息:controller not exists:app\controller\404
[2026-03-20T22:59:06+08:00][error] 错误信息:controller not exists:app\controller\404
[2026-03-20T22:59:07+08:00][error] 错误信息:controller not exists:app\controller\404
[2026-03-20T22:59:07+08:00][error] 错误信息:controller not exists:app\controller\404
[2026-03-20T22:59:07+08:00][error] 错误信息:controller not exists:app\controller\404
[2026-03-20T22:59:07+08:00][error] 错误信息:controller not exists:app\controller\404
[2026-03-20T22:59:07+08:00][error] 错误信息:controller not exists:app\controller\404
[2026-03-20T22:59:07+08:00][error] 错误信息:controller not exists:app\controller\404
[2026-03-20T22:59:07+08:00][error] 错误信息:controller not exists:app\controller\404
[2026-03-20T22:59:07+08:00][error] 错误信息:controller not exists:app\controller\404
[2026-03-20T22:59:07+08:00][error] 错误信息:controller not exists:app\controller\404
[2026-03-20T22:59:07+08:00][error] 错误信息:controller not exists:app\controller\404
[2026-03-20T22:59:07+08:00][error] 错误信息:controller not exists:app\controller\404
[2026-03-20T22:59:08+08:00][error] 错误信息:controller not exists:app\controller\404
[2026-03-20T22:59:08+08:00][error] 错误信息:controller not exists:app\controller\404
[2026-03-20T22:59:08+08:00][error] 错误信息:controller not exists:app\controller\404
[2026-03-20T22:59:08+08:00][error] 错误信息:controller not exists:app\controller\404
[2026-03-20T22:59:08+08:00][error] 错误信息:controller not exists:app\controller\404
[2026-03-20T22:59:08+08:00][error] 错误信息:controller not exists:app\controller\404
[2026-03-20T22:59:08+08:00][error] 错误信息:controller not exists:app\controller\404
[2026-03-20T22:59:08+08:00][error] 错误信息:controller not exists:app\controller\404
[2026-03-20T22:59:08+08:00][error] 错误信息:controller not exists:app\controller\404
[2026-03-20T22:59:08+08:00][error] 错误信息:controller not exists:app\controller\404
[2026-03-20T22:59:08+08:00][error] 错误信息:controller not exists:app\controller\404
[2026-03-20T22:59:09+08:00][error] 错误信息:controller not exists:app\controller\404
[2026-03-20T22:59:09+08:00][error] 错误信息:controller not exists:app\controller\Index
[2026-03-20T22:59:09+08:00][error] 错误信息:controller not exists:app\controller\404
[2026-03-20T22:59:09+08:00][error] 错误信息:controller not exists:app\controller\Index
[2026-03-20T22:59:09+08:00][error] 错误信息:controller not exists:app\controller\Index
[2026-03-20T22:59:09+08:00][error] 错误信息:controller not exists:app\controller\Containers
[2026-03-20T23:01:30+08:00][error] 错误信息:controller not exists:app\controller\Index
[2026-03-20T23:11:31+08:00][error] 错误信息:controller not exists:app\controller\Index
[2026-03-20T23:13:54+08:00][error] 错误信息:controller not exists:app\controller\Shell
[2026-03-20T23:35:24+08:00][error] 错误信息:controller not exists:app\controller\Index
[2026-03-20T23:35:50+08:00][error] 错误信息:controller not exists:app\controller\Index
