[2026-03-21T00:01:25+08:00][error] 错误信息:controller not exists:app\controller\Index
[2026-03-21T00:25:40+08:00][error] 错误信息:controller not exists:app\controller\Aaa9
[2026-03-21T00:25:41+08:00][error] 错误信息:controller not exists:app\controller\Aab8
[2026-03-21T00:27:52+08:00][error] 错误信息:controller not exists:app\controller\Index
[2026-03-21T00:38:11+08:00][error] 错误信息:controller not exists:app\controller\Index
[2026-03-21T00:51:21+08:00][error] 错误信息:controller not exists:app\controller\Index
[2026-03-21T00:52:47+08:00][error] 错误信息:controller not exists:app\controller\Index
[2026-03-21T00:59:02+08:00][error] 错误信息:controller not exists:app\controller\404
[2026-03-21T01:00:08+08:00][error] 错误信息:controller not exists:app\controller\Index
[2026-03-21T01:07:05+08:00][error] 错误信息:controller not exists:app\controller\404
[2026-03-21T01:10:53+08:00][error] 错误信息:controller not exists:app\controller\Index
[2026-03-21T01:18:46+08:00][error] 错误信息:controller not exists:app\controller\Index
[2026-03-21T01:25:14+08:00][error] 错误信息:controller not exists:app\controller\Index
[2026-03-21T01:25:14+08:00][error] 错误信息:controller not exists:app\controller\Index
[2026-03-21T01:26:44+08:00][error] 错误信息:controller not exists:app\controller\Index
[2026-03-21T01:39:28+08:00][error] 错误信息:controller not exists:app\controller\Index
[2026-03-21T01:45:29+08:00][error] 错误信息:controller not exists:app\controller\Index
[2026-03-21T02:06:03+08:00][error] 错误信息:controller not exists:app\controller\Index
[2026-03-21T02:06:10+08:00][error] 错误信息:controller not exists:app\controller\Index
[2026-03-21T02:06:11+08:00][error] 错误信息:controller not exists:app\controller\Index
[2026-03-21T02:08:52+08:00][error] 错误信息:controller not exists:app\controller\Index
[2026-03-21T02:35:55+08:00][error] 错误信息:controller not exists:app\controller\Index
[2026-03-21T02:55:44+08:00][error] 错误信息:controller not exists:app\controller\Index
[2026-03-21T02:58:17+08:00][error] 错误信息:controller not exists:app\controller\Index
[2026-03-21T03:02:24+08:00][error] 错误信息:controller not exists:app\controller\Index
[2026-03-21T03:10:10+08:00][error] 错误信息:controller not exists:app\controller\Index
[2026-03-21T03:16:59+08:00][error] 错误信息:controller not exists:app\controller\404
[2026-03-21T03:19:44+08:00][error] 错误信息:controller not exists:app\controller\Index
[2026-03-21T03:22:32+08:00][error] 错误信息:controller not exists:app\controller\404
[2026-03-21T03:24:12+08:00][error] 错误信息:controller not exists:app\controller\Index
[2026-03-21T03:28:11+08:00][error] 错误信息:controller not exists:app\controller\Index
[2026-03-21T03:53:13+08:00][error] 错误信息:controller not exists:app\controller\Index
[2026-03-21T04:15:44+08:00][error] 错误信息:controller not exists:app\controller\Index
[2026-03-21T04:15:52+08:00][error] 错误信息:controller not exists:app\controller\Index
[2026-03-21T04:18:26+08:00][error] 错误信息:controller not exists:app\controller\Index
[2026-03-21T04:18:28+08:00][error] 错误信息:controller not exists:app\controller\Manage
[2026-03-21T04:18:32+08:00][error] 错误信息:controller not exists:app\controller\Index
[2026-03-21T04:18:34+08:00][error] 错误信息:controller not exists:app\controller\+CSCOE+
[2026-03-21T04:18:34+08:00][error] 错误信息:controller not exists:app\controller\CgiBin
[2026-03-21T04:18:37+08:00][error] 错误信息:controller not exists:app\controller\login\Htm
[2026-03-21T04:18:38+08:00][error] 错误信息:controller not exists:app\controller\Login
[2026-03-21T04:18:39+08:00][error] 错误信息:controller not exists:app\controller\login\Jsp
[2026-03-21T04:18:40+08:00][error] 错误信息:controller not exists:app\controller\Login
[2026-03-21T04:18:41+08:00][error] 错误信息:controller not exists:app\controller\Doc
[2026-03-21T04:18:42+08:00][error] 错误信息:controller not exists:app\controller\Remote
[2026-03-21T04:41:45+08:00][error] 错误信息:controller not exists:app\controller\Index
[2026-03-21T04:41:45+08:00][error] 错误信息:controller not exists:app\controller\404
[2026-03-21T04:41:45+08:00][error] 错误信息:controller not exists:app\controller\security\Txt
[2026-03-21T04:44:04+08:00][error] 错误信息:controller not exists:app\controller\Index
[2026-03-21T04:45:26+08:00][error] 错误信息:controller not exists:app\controller\Index
[2026-03-21T05:00:31+08:00][error] 错误信息:controller not exists:app\controller\Index
[2026-03-21T05:08:40+08:00][error] 错误信息:controller not exists:app\controller\Index
[2026-03-21T05:32:40+08:00][error] 错误信息:controller not exists:app\controller\Index
[2026-03-21T05:34:31+08:00][error] 错误信息:controller not exists:app\controller\Index
[2026-03-21T05:43:46+08:00][error] 错误信息:controller not exists:app\controller\Index
[2026-03-21T06:01:01+08:00][error] 错误信息:controller not exists:app\controller\Index
[2026-03-21T06:03:14+08:00][error] 错误信息:controller not exists:app\controller\Index
[2026-03-21T06:13:41+08:00][error] 错误信息:controller not exists:app\controller\SDK
[2026-03-21T06:23:22+08:00][error] 错误信息:controller not exists:app\controller\Index
[2026-03-21T06:23:29+08:00][error] 错误信息:controller not exists:app\controller\Login
[2026-03-21T06:23:30+08:00][error] 错误信息:controller not exists:app\controller\Ubiwg66m9jr2J
[2026-03-21T06:26:52+08:00][error] 错误信息:controller not exists:app\controller\Index
[2026-03-21T06:49:22+08:00][error] 错误信息:controller not exists:app\controller\Index
[2026-03-21T06:50:26+08:00][error] 错误信息:controller not exists:app\controller\Ybspymgrye7Nv3nj
[2026-03-21T07:05:59+08:00][error] 错误信息:controller not exists:app\controller\Index
[2026-03-21T07:06:31+08:00][error] 错误信息:controller not exists:app\controller\Aaa9
[2026-03-21T07:06:32+08:00][error] 错误信息:controller not exists:app\controller\Aab9
[2026-03-21T07:15:38+08:00][error] 错误信息:controller not exists:app\controller\Index
[2026-03-21T07:40:20+08:00][error] 错误信息:controller not exists:app\controller\Index
[2026-03-21T07:40:37+08:00][error] 错误信息:controller not exists:app\controller\Index
[2026-03-21T07:42:20+08:00][error] 错误信息:controller not exists:app\controller\Index
[2026-03-21T07:45:41+08:00][error] 错误信息:controller not exists:app\controller\Index
[2026-03-21T08:00:36+08:00][error] 错误信息:controller not exists:app\controller\Index
[2026-03-21T08:02:19+08:00][error] 错误信息:controller not exists:app\controller\Index
[2026-03-21T08:03:56+08:00][error] 错误信息:controller not exists:app\controller\Webui
[2026-03-21T08:05:47+08:00][error] 错误信息:controller not exists:app\controller\Index
[2026-03-21T08:07:09+08:00][error] 错误信息:controller not exists:app\controller\Geoserver
[2026-03-21T08:07:12+08:00][error] 错误信息:controller not exists:app\controller\Index
[2026-03-21T08:30:23+08:00][error] 错误信息:controller not exists:app\controller\Index
[2026-03-21T08:35:02+08:00][error] 错误信息:controller not exists:app\controller\Index
[2026-03-21T08:35:04+08:00][error] 错误信息:controller not exists:app\controller\404
[2026-03-21T08:35:06+08:00][error] 错误信息:controller not exists:app\controller\security\Txt
[2026-03-21T08:57:31+08:00][error] 错误信息:controller not exists:app\controller\Index
[2026-03-21T08:57:33+08:00][error] 错误信息:controller not exists:app\controller\404
[2026-03-21T08:57:33+08:00][error] 错误信息:controller not exists:app\controller\404
[2026-03-21T08:57:33+08:00][error] 错误信息:controller not exists:app\controller\404
[2026-03-21T08:57:33+08:00][error] 错误信息:controller not exists:app\controller\404
[2026-03-21T08:57:33+08:00][error] 错误信息:controller not exists:app\controller\404
[2026-03-21T08:57:33+08:00][error] 错误信息:controller not exists:app\controller\404
[2026-03-21T08:57:33+08:00][error] 错误信息:controller not exists:app\controller\404
[2026-03-21T08:57:33+08:00][error] 错误信息:controller not exists:app\controller\404
[2026-03-21T08:57:33+08:00][error] 错误信息:controller not exists:app\controller\404
[2026-03-21T08:57:33+08:00][error] 错误信息:controller not exists:app\controller\404
[2026-03-21T08:57:33+08:00][error] 错误信息:controller not exists:app\controller\404
[2026-03-21T08:57:33+08:00][error] 错误信息:controller not exists:app\controller\404
[2026-03-21T08:57:33+08:00][error] 错误信息:controller not exists:app\controller\404
[2026-03-21T08:57:33+08:00][error] 错误信息:controller not exists:app\controller\404
[2026-03-21T08:57:33+08:00][error] 错误信息:controller not exists:app\controller\404
[2026-03-21T08:57:33+08:00][error] 错误信息:controller not exists:app\controller\404
[2026-03-21T08:57:33+08:00][error] 错误信息:controller not exists:app\controller\404
[2026-03-21T08:57:33+08:00][error] 错误信息:controller not exists:app\controller\404
[2026-03-21T08:57:33+08:00][error] 错误信息:controller not exists:app\controller\404
[2026-03-21T08:57:33+08:00][error] 错误信息:controller not exists:app\controller\404
[2026-03-21T08:57:33+08:00][error] 错误信息:controller not exists:app\controller\404
[2026-03-21T08:57:33+08:00][error] 错误信息:controller not exists:app\controller\404
[2026-03-21T08:57:33+08:00][error] 错误信息:controller not exists:app\controller\404
[2026-03-21T08:57:33+08:00][error] 错误信息:controller not exists:app\controller\404
[2026-03-21T08:57:33+08:00][error] 错误信息:controller not exists:app\controller\404
[2026-03-21T08:57:33+08:00][error] 错误信息:controller not exists:app\controller\404
[2026-03-21T08:57:33+08:00][error] 错误信息:controller not exists:app\controller\404
[2026-03-21T08:57:33+08:00][error] 错误信息:controller not exists:app\controller\404
[2026-03-21T08:57:33+08:00][error] 错误信息:controller not exists:app\controller\404
[2026-03-21T08:57:33+08:00][error] 错误信息:controller not exists:app\controller\404
[2026-03-21T08:57:33+08:00][error] 错误信息:controller not exists:app\controller\404
[2026-03-21T08:57:33+08:00][error] 错误信息:controller not exists:app\controller\404
[2026-03-21T08:57:33+08:00][error] 错误信息:controller not exists:app\controller\404
[2026-03-21T08:57:33+08:00][error] 错误信息:controller not exists:app\controller\404
[2026-03-21T08:57:33+08:00][error] 错误信息:controller not exists:app\controller\404
[2026-03-21T08:57:33+08:00][error] 错误信息:controller not exists:app\controller\404
[2026-03-21T08:57:33+08:00][error] 错误信息:controller not exists:app\controller\404
[2026-03-21T08:57:33+08:00][error] 错误信息:controller not exists:app\controller\404
[2026-03-21T08:57:33+08:00][error] 错误信息:controller not exists:app\controller\404
[2026-03-21T08:57:33+08:00][error] 错误信息:controller not exists:app\controller\env\Json
[2026-03-21T08:57:33+08:00][error] 错误信息:controller not exists:app\controller\404
[2026-03-21T08:57:33+08:00][error] 错误信息:controller not exists:app\controller\404
[2026-03-21T08:57:33+08:00][error] 错误信息:controller not exists:app\controller\Env
[2026-03-21T08:57:33+08:00][error] 错误信息:controller not exists:app\controller\env\Yaml
[2026-03-21T08:57:33+08:00][error] 错误信息:controller not exists:app\controller\404
[2026-03-21T08:57:33+08:00][error] 错误信息:controller not exists:app\controller\404
[2026-03-21T08:57:33+08:00][error] 错误信息:controller not exists:app\controller\Public
[2026-03-21T08:57:33+08:00][error] 错误信息:controller not exists:app\controller\env\Yml
[2026-03-21T08:57:33+08:00][error] 错误信息:controller not exists:app\controller\Public
[2026-03-21T08:57:33+08:00][error] 错误信息:controller not exists:app\controller\Public
[2026-03-21T08:57:33+08:00][error] 错误信息:controller not exists:app\controller\Www
[2026-03-21T08:57:33+08:00][error] 错误信息:controller not exists:app\controller\PublicHtml
[2026-03-21T08:57:33+08:00][error] 错误信息:controller not exists:app\controller\Html
[2026-03-21T08:57:33+08:00][error] 错误信息:controller not exists:app\controller\Dist
[2026-03-21T08:57:33+08:00][error] 错误信息:controller not exists:app\controller\Web
[2026-03-21T08:57:33+08:00][error] 错误信息:controller not exists:app\controller\Build
[2026-03-21T08:57:33+08:00][error] 错误信息:controller not exists:app\controller\Htdocs
[2026-03-21T08:57:33+08:00][error] 错误信息:controller not exists:app\controller\Core
[2026-03-21T08:57:33+08:00][error] 错误信息:controller not exists:app\controller\Config
[2026-03-21T08:57:33+08:00][error] 错误信息:controller not exists:app\controller\Services
[2026-03-21T08:57:33+08:00][error] 错误信息:controller not exists:app\controller\Microservice
[2026-03-21T08:57:33+08:00][error] 错误信息:controller not exists:app\controller\Portal
[2026-03-21T08:57:33+08:00][error] 错误信息:controller not exists:app\controller\Dashboard
[2026-03-21T08:57:33+08:00][error] 错误信息:controller not exists:app\controller\Panel
[2026-03-21T08:57:33+08:00][error] 错误信息:controller not exists:app\controller\Backend
[2026-03-21T08:57:33+08:00][error] 错误信息:controller not exists:app\controller\Backend
[2026-03-21T08:57:33+08:00][error] 错误信息:controller not exists:app\controller\Api
[2026-03-21T08:57:33+08:00][error] 错误信息:controller not exists:app\controller\App
[2026-03-21T08:57:33+08:00][error] 错误信息:controller not exists:app\controller\Src
[2026-03-21T08:57:33+08:00][error] 错误信息:controller not exists:app\controller\Api
[2026-03-21T08:57:33+08:00][error] 错误信息:controller not exists:app\controller\Backend
[2026-03-21T08:57:33+08:00][error] 错误信息:controller not exists:app\controller\Api
[2026-03-21T08:57:33+08:00][error] 错误信息:controller not exists:app\controller\Server
[2026-03-21T08:57:33+08:00][error] 错误信息:controller not exists:app\controller\Frontend
[2026-03-21T08:57:33+08:00][error] 错误信息:controller not exists:app\controller\Contracts
[2026-03-21T08:57:33+08:00][error] 错误信息:controller not exists:app\controller\Dapp
[2026-03-21T08:57:33+08:00][error] 错误信息:controller not exists:app\controller\DApps
[2026-03-21T08:57:33+08:00][error] 错误信息:controller not exists:app\controller\Oracle
[2026-03-21T08:57:33+08:00][error] 错误信息:controller not exists:app\controller\Contract
[2026-03-21T08:57:33+08:00][error] 错误信息:controller not exists:app\controller\Relayer
[2026-03-21T08:57:33+08:00][error] 错误信息:controller not exists:app\controller\Oracles
[2026-03-21T08:57:33+08:00][error] 错误信息:controller not exists:app\controller\Relay
[2026-03-21T08:57:33+08:00][error] 错误信息:controller not exists:app\controller\Indexer
[2026-03-21T08:57:33+08:00][error] 错误信息:controller not exists:app\controller\Index
[2026-03-21T08:57:33+08:00][error] 错误信息:controller not exists:app\controller\Keeper
[2026-03-21T08:57:33+08:00][error] 错误信息:controller not exists:app\controller\Listener
[2026-03-21T08:57:33+08:00][error] 错误信息:controller not exists:app\controller\Node
[2026-03-21T08:57:33+08:00][error] 错误信息:controller not exists:app\controller\Bridge
[2026-03-21T08:57:33+08:00][error] 错误信息:controller not exists:app\controller\Validator
[2026-03-21T08:57:33+08:00][error] 错误信息:controller not exists:app\controller\Aggregator
[2026-03-21T08:57:33+08:00][error] 错误信息:controller not exists:app\controller\Protocol
[2026-03-21T08:57:33+08:00][error] 错误信息:controller not exists:app\controller\Vault
[2026-03-21T08:57:33+08:00][error] 错误信息:controller not exists:app\controller\Staking
[2026-03-21T08:57:33+08:00][error] 错误信息:controller not exists:app\controller\Swap
[2026-03-21T08:57:33+08:00][error] 错误信息:controller not exists:app\controller\Test
[2026-03-21T08:57:33+08:00][error] 错误信息:controller not exists:app\controller\Packages
[2026-03-21T08:57:33+08:00][error] 错误信息:controller not exists:app\controller\Prisma
[2026-03-21T08:57:33+08:00][error] 错误信息:controller not exists:app\controller\Farming
[2026-03-21T08:57:33+08:00][error] 错误信息:controller not exists:app\controller\Pool
[2026-03-21T08:57:33+08:00][error] 错误信息:controller not exists:app\controller\E2e
[2026-03-21T08:57:33+08:00][error] 错误信息:controller not exists:app\controller\Packages
[2026-03-21T08:57:33+08:00][error] 错误信息:controller not exists:app\controller\Packages
[2026-03-21T08:57:33+08:00][error] 错误信息:controller not exists:app\controller\Subgraph
[2026-03-21T08:57:33+08:00][error] 错误信息:controller not exists:app\controller\Packages
[2026-03-21T08:57:33+08:00][error] 错误信息:controller not exists:app\controller\Packages
[2026-03-21T08:57:33+08:00][error] 错误信息:controller not exists:app\controller\Packages
[2026-03-21T08:57:33+08:00][error] 错误信息:controller not exists:app\controller\Packages
[2026-03-21T08:57:33+08:00][error] 错误信息:controller not exists:app\controller\Packages
[2026-03-21T08:57:33+08:00][error] 错误信息:controller not exists:app\controller\Packages
[2026-03-21T08:57:33+08:00][error] 错误信息:controller not exists:app\controller\Services
[2026-03-21T08:57:33+08:00][error] 错误信息:controller not exists:app\controller\Services
[2026-03-21T08:57:33+08:00][error] 错误信息:controller not exists:app\controller\Services
[2026-03-21T08:57:33+08:00][error] 错误信息:controller not exists:app\controller\Services
[2026-03-21T08:57:33+08:00][error] 错误信息:controller not exists:app\controller\Services
[2026-03-21T08:57:33+08:00][error] 错误信息:controller not exists:app\controller\PrivateKey
[2026-03-21T08:57:33+08:00][error] 错误信息:controller not exists:app\controller\Apps
[2026-03-21T08:57:33+08:00][error] 错误信息:controller not exists:app\controller\Apps
[2026-03-21T08:57:33+08:00][error] 错误信息:controller not exists:app\controller\MNEMONIC
[2026-03-21T08:57:33+08:00][error] 错误信息:controller not exists:app\controller\Services
[2026-03-21T08:57:33+08:00][error] 错误信息:controller not exists:app\controller\privatekey\Txt
[2026-03-21T08:57:33+08:00][error] 错误信息:controller not exists:app\controller\Apps
[2026-03-21T08:57:33+08:00][error] 错误信息:controller not exists:app\controller\Seed
[2026-03-21T08:57:33+08:00][error] 错误信息:controller not exists:app\controller\Mnemonic
[2026-03-21T08:57:33+08:00][error] 错误信息:controller not exists:app\controller\PRIVATEKEY
[2026-03-21T08:57:33+08:00][error] 错误信息:controller not exists:app\controller\private-key\Txt
[2026-03-21T08:57:33+08:00][error] 错误信息:controller not exists:app\controller\seed_phrase\Txt
[2026-03-21T08:57:33+08:00][error] 错误信息:controller not exists:app\controller\SEED
[2026-03-21T08:57:33+08:00][error] 错误信息:controller not exists:app\controller\recovery_phrase\Txt
[2026-03-21T08:57:33+08:00][error] 错误信息:controller not exists:app\controller\mnemonic\Txt
[2026-03-21T08:57:33+08:00][error] 错误信息:controller not exists:app\controller\seed\Txt
[2026-03-21T08:57:33+08:00][error] 错误信息:controller not exists:app\controller\SeedPhrase
[2026-03-21T08:57:33+08:00][error] 错误信息:controller not exists:app\controller\SEEDPHRASE
[2026-03-21T08:57:33+08:00][error] 错误信息:controller not exists:app\controller\secret_key\Txt
[2026-03-21T08:57:33+08:00][error] 错误信息:controller not exists:app\controller\SecretKey
[2026-03-21T08:57:33+08:00][error] 错误信息:controller not exists:app\controller\SECRETKEY
[2026-03-21T08:57:33+08:00][error] 错误信息:controller not exists:app\controller\private_key\Txt
[2026-03-21T08:57:33+08:00][error] 错误信息:controller not exists:app\controller\RecoveryPhrase
[2026-03-21T08:57:33+08:00][error] 错误信息:controller not exists:app\controller\Secrets
[2026-03-21T08:57:33+08:00][error] 错误信息:controller not exists:app\controller\secrets\Json
[2026-03-21T08:57:33+08:00][error] 错误信息:controller not exists:app\controller\Secret
[2026-03-21T08:57:33+08:00][error] 错误信息:controller not exists:app\controller\secrets\Ts
[2026-03-21T08:57:33+08:00][error] 错误信息:controller not exists:app\controller\secret\Yaml
[2026-03-21T08:57:33+08:00][error] 错误信息:controller not exists:app\controller\keyfile\Json
[2026-03-21T08:57:33+08:00][error] 错误信息:controller not exists:app\controller\accounts\Json
[2026-03-21T08:57:33+08:00][error] 错误信息:controller not exists:app\controller\keys\Yaml
[2026-03-21T08:57:33+08:00][error] 错误信息:controller not exists:app\controller\crypto\Env
[2026-03-21T08:57:33+08:00][error] 错误信息:controller not exists:app\controller\404
[2026-03-21T08:57:33+08:00][error] 错误信息:controller not exists:app\controller\accounts\Txt
[2026-03-21T08:57:33+08:00][error] 错误信息:controller not exists:app\controller\404
[2026-03-21T08:57:33+08:00][error] 错误信息:controller not exists:app\controller\secret\Yml
[2026-03-21T08:57:33+08:00][error] 错误信息:controller not exists:app\controller\secrets\Yml
[2026-03-21T08:57:33+08:00][error] 错误信息:controller not exists:app\controller\secrets\Yaml
[2026-03-21T08:57:33+08:00][error] 错误信息:controller not exists:app\controller\secrets\Env
[2026-03-21T08:57:33+08:00][error] 错误信息:controller not exists:app\controller\secret\Json
[2026-03-21T08:57:33+08:00][error] 错误信息:controller not exists:app\controller\wallet\Txt
[2026-03-21T08:57:33+08:00][error] 错误信息:controller not exists:app\controller\keys\Json
[2026-03-21T08:57:33+08:00][error] 错误信息:controller not exists:app\controller\keys\Txt
[2026-03-21T08:57:33+08:00][error] 错误信息:controller not exists:app\controller\account\Json
[2026-03-21T08:57:33+08:00][error] 错误信息:controller not exists:app\controller\private-keys\Json
[2026-03-21T08:57:33+08:00][error] 错误信息:controller not exists:app\controller\private-keys\Txt
[2026-03-21T08:57:33+08:00][error] 错误信息:controller not exists:app\controller\wallet\Json
[2026-03-21T08:57:33+08:00][error] 错误信息:controller not exists:app\controller\privatekeys\Txt
[2026-03-21T08:57:33+08:00][error] 错误信息:controller not exists:app\controller\keystore\Json
[2026-03-21T08:57:33+08:00][error] 错误信息:controller not exists:app\controller\Config
[2026-03-21T08:57:33+08:00][error] 错误信息:controller not exists:app\controller\Config
[2026-03-21T08:57:33+08:00][error] 错误信息:controller not exists:app\controller\Config
[2026-03-21T08:57:33+08:00][error] 错误信息:controller not exists:app\controller\Config
[2026-03-21T08:57:33+08:00][error] 错误信息:controller not exists:app\controller\Api
[2026-03-21T08:57:33+08:00][error] 错误信息:controller not exists:app\controller\api_keys\Yml
[2026-03-21T08:57:33+08:00][error] 错误信息:controller not exists:app\controller\apikeys\Json
[2026-03-21T08:57:33+08:00][error] 错误信息:controller not exists:app\controller\api_keys\Json
[2026-03-21T08:57:33+08:00][error] 错误信息:controller not exists:app\controller\Backend
[2026-03-21T08:57:33+08:00][error] 错误信息:controller not exists:app\controller\App
[2026-03-21T08:57:33+08:00][error] 错误信息:controller not exists:app\controller\service-account\Json
[2026-03-21T08:57:33+08:00][error] 错误信息:controller not exists:app\controller\firebase-adminsdk\Json
[2026-03-21T08:57:33+08:00][error] 错误信息:controller not exists:app\controller\firebase-service-account\Json
[2026-03-21T08:57:33+08:00][error] 错误信息:controller not exists:app\controller\serviceaccount\Json
[2026-03-21T08:57:33+08:00][error] 错误信息:controller not exists:app\controller\firebase-admin\Json
[2026-03-21T08:57:33+08:00][error] 错误信息:controller not exists:app\controller\gcloud\Json
[2026-03-21T08:57:33+08:00][error] 错误信息:controller not exists:app\controller\auth\Json
[2026-03-21T08:57:33+08:00][error] 错误信息:controller not exists:app\controller\service-account-key\Json
[2026-03-21T08:57:33+08:00][error] 错误信息:controller not exists:app\controller\gcp-key\Json
[2026-03-21T08:57:33+08:00][error] 错误信息:controller not exists:app\controller\google-service-account\Json
[2026-03-21T08:57:33+08:00][error] 错误信息:controller not exists:app\controller\firebase-credentials\Json
[2026-03-21T08:57:33+08:00][error] 错误信息:controller not exists:app\controller\service_account\Json
[2026-03-21T08:57:33+08:00][error] 错误信息:controller not exists:app\controller\gcp-credentials\Json
[2026-03-21T08:57:33+08:00][error] 错误信息:controller not exists:app\controller\google-cloud-credentials\Json
[2026-03-21T08:57:33+08:00][error] 错误信息:controller not exists:app\controller\google-credentials\Json
[2026-03-21T08:57:33+08:00][error] 错误信息:controller not exists:app\controller\token\Json
[2026-03-21T08:57:33+08:00][error] 错误信息:controller not exists:app\controller\404
[2026-03-21T08:57:33+08:00][error] 错误信息:controller not exists:app\controller\hardhat\config\Ts
[2026-03-21T08:57:33+08:00][error] 错误信息:controller not exists:app\controller\hardhat\config\Cjs
[2026-03-21T08:57:33+08:00][error] 错误信息:controller not exists:app\controller\Hardhat
[2026-03-21T08:57:33+08:00][error] 错误信息:controller not exists:app\controller\404
[2026-03-21T08:57:33+08:00][error] 错误信息:controller not exists:app\controller\truffle-config\Ts
[2026-03-21T08:57:33+08:00][error] 错误信息:controller not exists:app\controller\Foundry
[2026-03-21T08:57:33+08:00][error] 错误信息:controller not exists:app\controller\404
[2026-03-21T08:57:33+08:00][error] 错误信息:controller not exists:app\controller\foundry\Toml
[2026-03-21T08:57:33+08:00][error] 错误信息:controller not exists:app\controller\404
[2026-03-21T08:57:33+08:00][error] 错误信息:controller not exists:app\controller\brownie-config\Yaml
[2026-03-21T08:57:33+08:00][error] 错误信息:controller not exists:app\controller\brownie-config\Yml
[2026-03-21T08:57:33+08:00][error] 错误信息:controller not exists:app\controller\scaffold\config\Ts
[2026-03-21T08:57:33+08:00][error] 错误信息:controller not exists:app\controller\Anchor\Toml
[2026-03-21T08:57:33+08:00][error] 错误信息:controller not exists:app\controller\404
[2026-03-21T08:57:33+08:00][error] 错误信息:controller not exists:app\controller\ape-config\Yaml
[2026-03-21T08:57:33+08:00][error] 错误信息:controller not exists:app\controller\anchor\Toml
[2026-03-21T08:57:33+08:00][error] 错误信息:controller not exists:app\controller\Programs
[2026-03-21T08:57:33+08:00][error] 错误信息:controller not exists:app\controller\near\config\Ts
[2026-03-21T08:57:33+08:00][error] 错误信息:controller not exists:app\controller\404
[2026-03-21T08:57:33+08:00][error] 错误信息:controller not exists:app\controller\Neardev
[2026-03-21T08:57:33+08:00][error] 错误信息:controller not exists:app\controller\drizzle\config\Ts
[2026-03-21T08:57:33+08:00][error] 错误信息:controller not exists:app\controller\404
[2026-03-21T08:57:33+08:00][error] 错误信息:controller not exists:app\controller\404
[2026-03-21T08:57:33+08:00][error] 错误信息:controller not exists:app\controller\apollo\config\Ts
[2026-03-21T08:57:33+08:00][error] 错误信息:controller not exists:app\controller\apollo\config\Cjs
[2026-03-21T08:57:33+08:00][error] 错误信息:controller not exists:app\controller\404
[2026-03-21T08:57:33+08:00][error] 错误信息:controller not exists:app\controller\deploy\Ts
[2026-03-21T08:57:33+08:00][error] 错误信息:controller not exists:app\controller\deploy\Json
[2026-03-21T08:57:33+08:00][error] 错误信息:controller not exists:app\controller\deployment\Json
[2026-03-21T08:57:33+08:00][error] 错误信息:controller not exists:app\controller\deployments\Json
[2026-03-21T08:57:33+08:00][error] 错误信息:controller not exists:app\controller\deployed\Json
[2026-03-21T08:57:33+08:00][error] 错误信息:controller not exists:app\controller\404
[2026-03-21T08:57:33+08:00][error] 错误信息:controller not exists:app\controller\Scripts
[2026-03-21T08:57:33+08:00][error] 错误信息:controller not exists:app\controller\Deploy
[2026-03-21T08:57:33+08:00][error] 错误信息:controller not exists:app\controller\Scripts
[2026-03-21T08:57:33+08:00][error] 错误信息:controller not exists:app\controller\Ignition
[2026-03-21T08:57:33+08:00][error] 错误信息:controller not exists:app\controller\404
[2026-03-21T08:57:33+08:00][error] 错误信息:controller not exists:app\controller\deploy\Env
[2026-03-21T08:57:33+08:00][error] 错误信息:controller not exists:app\controller\Scripts
[2026-03-21T08:57:34+08:00][error] 错误信息:controller not exists:app\controller\Deploy
[2026-03-21T08:57:34+08:00][error] 错误信息:controller not exists:app\controller\404
[2026-03-21T08:57:34+08:00][error] 错误信息:controller not exists:app\controller\bot\config\Json
[2026-03-21T08:57:34+08:00][error] 错误信息:controller not exists:app\controller\web3-config\Json
[2026-03-21T08:57:34+08:00][error] 错误信息:controller not exists:app\controller\404
[2026-03-21T08:57:34+08:00][error] 错误信息:controller not exists:app\controller\404
[2026-03-21T08:57:34+08:00][error] 错误信息:controller not exists:app\controller\exchange\config\Json
[2026-03-21T08:57:34+08:00][error] 错误信息:controller not exists:app\controller\blockchain\config\Json
[2026-03-21T08:57:34+08:00][error] 错误信息:controller not exists:app\controller\apikeys\Txt
[2026-03-21T08:57:34+08:00][error] 错误信息:controller not exists:app\controller\web3\config\Ts
[2026-03-21T08:57:34+08:00][error] 错误信息:controller not exists:app\controller\404
[2026-03-21T08:57:34+08:00][error] 错误信息:controller not exists:app\controller\api\config\Json
[2026-03-21T08:57:34+08:00][error] 错误信息:controller not exists:app\controller\networks\Json
[2026-03-21T08:57:34+08:00][error] 错误信息:controller not exists:app\controller\network-config\Json
[2026-03-21T08:57:34+08:00][error] 错误信息:controller not exists:app\controller\404
[2026-03-21T08:57:34+08:00][error] 错误信息:controller not exists:app\controller\api-keys\Txt
[2026-03-21T08:57:34+08:00][error] 错误信息:controller not exists:app\controller\api-keys\Json
[2026-03-21T08:57:34+08:00][error] 错误信息:controller not exists:app\controller\apikeys\Json
[2026-03-21T08:57:34+08:00][error] 错误信息:controller not exists:app\controller\Bot
[2026-03-21T08:57:34+08:00][error] 错误信息:controller not exists:app\controller\trading\config\Json
[2026-03-21T08:57:34+08:00][error] 错误信息:controller not exists:app\controller\credentials\Json
[2026-03-21T08:57:34+08:00][error] 错误信息:controller not exists:app\controller\credentials\Txt
[2026-03-21T08:57:34+08:00][error] 错误信息:controller not exists:app\controller\credentials\Xml
[2026-03-21T08:57:34+08:00][error] 错误信息:controller not exists:app\controller\exchange\Json
[2026-03-21T08:57:34+08:00][error] 错误信息:controller not exists:app\controller\exchanges\Json
[2026-03-21T08:57:34+08:00][error] 错误信息:controller not exists:app\controller\nft\config\Json
[2026-03-21T08:57:34+08:00][error] 错误信息:controller not exists:app\controller\pinata\config\Json
[2026-03-21T08:57:34+08:00][error] 错误信息:controller not exists:app\controller\nft-config\Json
[2026-03-21T08:57:34+08:00][error] 错误信息:controller not exists:app\controller\nft\Env
[2026-03-21T08:57:34+08:00][error] 错误信息:controller not exists:app\controller\api_keys\Txt
[2026-03-21T08:57:34+08:00][error] 错误信息:controller not exists:app\controller\credentials\Yaml
[2026-03-21T08:57:34+08:00][error] 错误信息:controller not exists:app\controller\404
[2026-03-21T08:57:34+08:00][error] 错误信息:controller not exists:app\controller\ipfs\config\Json
[2026-03-21T08:57:34+08:00][error] 错误信息:controller not exists:app\controller\moralis\config\Json
[2026-03-21T08:57:34+08:00][error] 错误信息:controller not exists:app\controller\thirdweb\config\Json
[2026-03-21T08:57:34+08:00][error] 错误信息:controller not exists:app\controller\404
[2026-03-21T08:57:34+08:00][error] 错误信息:controller not exists:app\controller\wp-config\php\Bak
[2026-03-21T08:57:34+08:00][error] 错误信息:controller not exists:app\controller\wp-config\php\Old
[2026-03-21T08:57:34+08:00][error] 错误信息:controller not exists:app\controller\wp-config\Php~
[2026-03-21T08:57:34+08:00][error] 错误信息:controller not exists:app\controller\wp-config\php\Dist
[2026-03-21T08:57:34+08:00][error] 错误信息:controller not exists:app\controller\wp-config\php\Save
[2026-03-21T08:57:34+08:00][error] 错误信息:controller not exists:app\controller\wp-config\php\Orig
[2026-03-21T08:57:34+08:00][error] 错误信息:controller not exists:app\controller\404
[2026-03-21T08:57:34+08:00][error] 错误信息:controller not exists:app\controller\404
[2026-03-21T08:57:34+08:00][error] 错误信息:controller not exists:app\controller\404
[2026-03-21T08:57:34+08:00][error] 错误信息:controller not exists:app\controller\404
[2026-03-21T08:57:34+08:00][error] 错误信息:controller not exists:app\controller\404
[2026-03-21T08:57:34+08:00][error] 错误信息:controller not exists:app\controller\404
[2026-03-21T08:57:34+08:00][error] 错误信息:controller not exists:app\controller\404
[2026-03-21T08:57:34+08:00][error] 错误信息:controller not exists:app\controller\404
[2026-03-21T08:57:34+08:00][error] 错误信息:controller not exists:app\controller\404
[2026-03-21T08:57:34+08:00][error] 错误信息:controller not exists:app\controller\config\production\Json
[2026-03-21T08:57:34+08:00][error] 错误信息:controller not exists:app\controller\config\development\Json
[2026-03-21T08:57:34+08:00][error] 错误信息:controller not exists:app\controller\config\local\Json
[2026-03-21T08:57:34+08:00][error] 错误信息:controller not exists:app\controller\Config
[2026-03-21T08:57:34+08:00][error] 错误信息:controller not exists:app\controller\payload\config\Ts
[2026-03-21T08:57:34+08:00][error] 错误信息:controller not exists:app\controller\404
[2026-03-21T08:57:34+08:00][error] 错误信息:controller not exists:app\controller\sanity\cli\Ts
[2026-03-21T08:57:34+08:00][error] 错误信息:controller not exists:app\controller\404
[2026-03-21T08:57:34+08:00][error] 错误信息:controller not exists:app\controller\404
[2026-03-21T08:57:34+08:00][error] 错误信息:controller not exists:app\controller\404
[2026-03-21T08:57:34+08:00][error] 错误信息:controller not exists:app\controller\404
[2026-03-21T08:57:34+08:00][error] 错误信息:controller not exists:app\controller\404
[2026-03-21T08:57:34+08:00][error] 错误信息:controller not exists:app\controller\sanity\config\Ts
[2026-03-21T08:57:34+08:00][error] 错误信息:controller not exists:app\controller\Config
[2026-03-21T08:57:34+08:00][error] 错误信息:controller not exists:app\controller\404
[2026-03-21T08:57:34+08:00][error] 错误信息:controller not exists:app\controller\keystone\Ts
[2026-03-21T08:57:34+08:00][error] 错误信息:controller not exists:app\controller\404
[2026-03-21T08:57:34+08:00][error] 错误信息:controller not exists:app\controller\docker-compose\Yml
[2026-03-21T08:57:34+08:00][error] 错误信息:controller not exists:app\controller\docker-compose\Yaml
[2026-03-21T08:57:34+08:00][error] 错误信息:controller not exists:app\controller\Supabase
[2026-03-21T08:57:34+08:00][error] 错误信息:controller not exists:app\controller\serverless\Yaml
[2026-03-21T08:57:34+08:00][error] 错误信息:controller not exists:app\controller\docker-compose\dev\Yml
[2026-03-21T08:57:34+08:00][error] 错误信息:controller not exists:app\controller\serverless\Yml
[2026-03-21T08:57:34+08:00][error] 错误信息:controller not exists:app\controller\serverless\prod\Yml
[2026-03-21T08:57:34+08:00][error] 错误信息:controller not exists:app\controller\ecosystem\config\Json
[2026-03-21T08:57:34+08:00][error] 错误信息:controller not exists:app\controller\serverless\dev\Yml
[2026-03-21T08:57:34+08:00][error] 错误信息:controller not exists:app\controller\Supabase
[2026-03-21T08:57:34+08:00][error] 错误信息:controller not exists:app\controller\terraform\Tfvars
[2026-03-21T08:57:34+08:00][error] 错误信息:controller not exists:app\controller\docker-compose\prod\Yml
[2026-03-21T08:57:34+08:00][error] 错误信息:controller not exists:app\controller\docker-compose\override\Yml
[2026-03-21T08:57:34+08:00][error] 错误信息:controller not exists:app\controller\docker-compose\staging\Yml
[2026-03-21T08:57:34+08:00][error] 错误信息:controller not exists:app\controller\Docker
[2026-03-21T08:57:34+08:00][error] 错误信息:controller not exists:app\controller\terraform\tfvars\Json
[2026-03-21T08:57:34+08:00][error] 错误信息:controller not exists:app\controller\Terraform
[2026-03-21T08:57:34+08:00][error] 错误信息:controller not exists:app\controller\terraform\auto\Tfvars
[2026-03-21T08:57:34+08:00][error] 错误信息:controller not exists:app\controller\404
[2026-03-21T08:57:34+08:00][error] 错误信息:controller not exists:app\controller\ecosystem\config\Cjs
[2026-03-21T08:57:34+08:00][error] 错误信息:controller not exists:app\controller\configuration\Json
[2026-03-21T08:57:34+08:00][error] 错误信息:controller not exists:app\controller\config\Env
[2026-03-21T08:57:34+08:00][error] 错误信息:controller not exists:app\controller\404
[2026-03-21T08:57:34+08:00][error] 错误信息:controller not exists:app\controller\404
[2026-03-21T08:57:34+08:00][error] 错误信息:controller not exists:app\controller\config\Json
[2026-03-21T08:57:34+08:00][error] 错误信息:controller not exists:app\controller\config\Yaml
[2026-03-21T08:57:34+08:00][error] 错误信息:controller not exists:app\controller\config\Xml
[2026-03-21T08:57:34+08:00][error] 错误信息:controller not exists:app\controller\config\Yml
[2026-03-21T08:57:34+08:00][error] 错误信息:controller not exists:app\controller\config\Ini
[2026-03-21T08:57:34+08:00][error] 错误信息:controller not exists:app\controller\config\Ts
[2026-03-21T08:57:34+08:00][error] 错误信息:controller not exists:app\controller\configuration\Yaml
[2026-03-21T08:57:34+08:00][error] 错误信息:controller not exists:app\controller\settings\Py
[2026-03-21T08:57:34+08:00][error] 错误信息:controller not exists:app\controller\404
[2026-03-21T08:57:34+08:00][error] 错误信息:controller not exists:app\controller\settings\Json
[2026-03-21T08:57:34+08:00][error] 错误信息:controller not exists:app\controller\settings\Yaml
[2026-03-21T08:57:34+08:00][error] 错误信息:controller not exists:app\controller\settings\Ini
[2026-03-21T08:57:34+08:00][error] 错误信息:controller not exists:app\controller\404
[2026-03-21T08:57:34+08:00][error] 错误信息:controller not exists:app\controller\application\Properties
[2026-03-21T08:57:34+08:00][error] 错误信息:controller not exists:app\controller\application\Yaml
[2026-03-21T08:57:34+08:00][error] 错误信息:controller not exists:app\controller\Config
[2026-03-21T08:57:34+08:00][error] 错误信息:controller not exists:app\controller\Config
[2026-03-21T08:57:34+08:00][error] 错误信息:controller not exists:app\controller\appsettings\Json
[2026-03-21T08:57:34+08:00][error] 错误信息:controller not exists:app\controller\Config
[2026-03-21T08:57:34+08:00][error] 错误信息:controller not exists:app\controller\application\Yml
[2026-03-21T08:57:34+08:00][error] 错误信息:controller not exists:app\controller\Config
[2026-03-21T08:57:34+08:00][error] 错误信息:controller not exists:app\controller\Config
[2026-03-21T08:57:34+08:00][error] 错误信息:controller not exists:app\controller\App
[2026-03-21T08:57:34+08:00][error] 错误信息:controller not exists:app\controller\appsettings\secret\Json
[2026-03-21T08:57:34+08:00][error] 错误信息:controller not exists:app\controller\404
[2026-03-21T08:57:34+08:00][error] 错误信息:controller not exists:app\controller\404
[2026-03-21T08:57:34+08:00][error] 错误信息:controller not exists:app\controller\Config
[2026-03-21T08:57:34+08:00][error] 错误信息:controller not exists:app\controller\404
[2026-03-21T08:57:34+08:00][error] 错误信息:controller not exists:app\controller\App
[2026-03-21T08:57:34+08:00][error] 错误信息:controller not exists:app\controller\404
[2026-03-21T08:57:34+08:00][error] 错误信息:controller not exists:app\controller\404
[2026-03-21T08:57:34+08:00][error] 错误信息:controller not exists:app\controller\404
[2026-03-21T08:57:34+08:00][error] 错误信息:controller not exists:app\controller\404
[2026-03-21T08:57:34+08:00][error] 错误信息:controller not exists:app\controller\404
[2026-03-21T08:57:34+08:00][error] 错误信息:controller not exists:app\controller\404
[2026-03-21T08:57:34+08:00][error] 错误信息:controller not exists:app\controller\404
[2026-03-21T08:57:34+08:00][error] 错误信息:controller not exists:app\controller\404
[2026-03-21T08:57:34+08:00][error] 错误信息:controller not exists:app\controller\404
[2026-03-21T08:57:34+08:00][error] 错误信息:controller not exists:app\controller\404
[2026-03-21T08:57:34+08:00][error] 错误信息:controller not exists:app\controller\404
[2026-03-21T08:57:34+08:00][error] 错误信息:controller not exists:app\controller\local\Json
[2026-03-21T08:57:34+08:00][error] 错误信息:controller not exists:app\controller\local\Yml
[2026-03-21T08:57:34+08:00][error] 错误信息:controller not exists:app\controller\local\Yaml
[2026-03-21T08:57:34+08:00][error] 错误信息:controller not exists:app\controller\404
[2026-03-21T08:57:34+08:00][error] 错误信息:controller not exists:app\controller\Config
[2026-03-21T08:57:34+08:00][error] 错误信息:controller not exists:app\controller\Config
[2026-03-21T08:57:34+08:00][error] 错误信息:controller not exists:app\controller\404
[2026-03-21T08:57:34+08:00][error] 错误信息:controller not exists:app\controller\404
[2026-03-21T08:57:34+08:00][error] 错误信息:controller not exists:app\controller\404
[2026-03-21T08:57:34+08:00][error] 错误信息:controller not exists:app\controller\Src
[2026-03-21T08:57:34+08:00][error] 错误信息:controller not exists:app\controller\Src
[2026-03-21T08:57:34+08:00][error] 错误信息:controller not exists:app\controller\Src
[2026-03-21T08:57:34+08:00][error] 错误信息:controller not exists:app\controller\Src
[2026-03-21T08:57:34+08:00][error] 错误信息:controller not exists:app\controller\Src
[2026-03-21T08:57:34+08:00][error] 错误信息:controller not exists:app\controller\Src
[2026-03-21T08:57:34+08:00][error] 错误信息:controller not exists:app\controller\Src
[2026-03-21T08:57:34+08:00][error] 错误信息:controller not exists:app\controller\Config
[2026-03-21T08:57:34+08:00][error] 错误信息:controller not exists:app\controller\Src
[2026-03-21T08:57:34+08:00][error] 错误信息:controller not exists:app\controller\Config
[2026-03-21T08:57:34+08:00][error] 错误信息:controller not exists:app\controller\Settings
[2026-03-21T08:57:34+08:00][error] 错误信息:controller not exists:app\controller\Src
[2026-03-21T08:57:34+08:00][error] 错误信息:controller not exists:app\controller\Settings
[2026-03-21T08:57:34+08:00][error] 错误信息:controller not exists:app\controller\404
[2026-03-21T08:57:34+08:00][error] 错误信息:controller not exists:app\controller\Settings
[2026-03-21T08:57:34+08:00][error] 错误信息:controller not exists:app\controller\Core
[2026-03-21T08:57:34+08:00][error] 错误信息:controller not exists:app\controller\Settings
[2026-03-21T08:57:34+08:00][error] 错误信息:controller not exists:app\controller\App
[2026-03-21T08:57:34+08:00][error] 错误信息:controller not exists:app\controller\404
[2026-03-21T08:57:34+08:00][error] 错误信息:controller not exists:app\controller\App
[2026-03-21T08:57:34+08:00][error] 错误信息:controller not exists:app\controller\404
[2026-03-21T08:57:34+08:00][error] 错误信息:controller not exists:app\controller\configuration\php\Bak
[2026-03-21T08:57:34+08:00][error] 错误信息:controller not exists:app\controller\configuration\php\Old
[2026-03-21T08:57:34+08:00][error] 错误信息:controller not exists:app\controller\configuration\php\Save
[2026-03-21T08:57:34+08:00][error] 错误信息:controller not exists:app\controller\configuration\Php~
[2026-03-21T08:57:34+08:00][error] 错误信息:controller not exists:app\controller\Config
[2026-03-21T08:57:34+08:00][error] 错误信息:controller not exists:app\controller\Config
[2026-03-21T08:57:34+08:00][error] 错误信息:controller not exists:app\controller\redis\Conf
[2026-03-21T08:57:34+08:00][error] 错误信息:controller not exists:app\controller\Redis
[2026-03-21T08:57:34+08:00][error] 错误信息:controller not exists:app\controller\404
[2026-03-21T08:57:34+08:00][error] 错误信息:controller not exists:app\controller\404
[2026-03-21T08:57:34+08:00][error] 错误信息:controller not exists:app\controller\eas\Json
[2026-03-21T08:57:34+08:00][error] 错误信息:controller not exists:app\controller\404
[2026-03-21T08:57:34+08:00][error] 错误信息:controller not exists:app\controller\Config
[2026-03-21T08:57:34+08:00][error] 错误信息:controller not exists:app\controller\app\config\Ts
[2026-03-21T08:57:34+08:00][error] 错误信息:controller not exists:app\controller\Config
[2026-03-21T08:57:34+08:00][error] 错误信息:controller not exists:app\controller\Config
[2026-03-21T08:57:34+08:00][error] 错误信息:controller not exists:app\controller\Config
[2026-03-21T08:57:34+08:00][error] 错误信息:controller not exists:app\controller\App
[2026-03-21T08:57:34+08:00][error] 错误信息:controller not exists:app\controller\404
[2026-03-21T08:57:34+08:00][error] 错误信息:controller not exists:app\controller\404
[2026-03-21T08:57:34+08:00][error] 错误信息:controller not exists:app\controller\Lib
[2026-03-21T08:57:34+08:00][error] 错误信息:controller not exists:app\controller\App
[2026-03-21T08:57:34+08:00][error] 错误信息:controller not exists:app\controller\Config
[2026-03-21T08:57:34+08:00][error] 错误信息:controller not exists:app\controller\config\Py
[2026-03-21T08:57:34+08:00][error] 错误信息:controller not exists:app\controller\Config
[2026-03-21T08:57:34+08:00][error] 错误信息:controller not exists:app\controller\Config
[2026-03-21T08:57:34+08:00][error] 错误信息:controller not exists:app\controller\Config
[2026-03-21T08:57:34+08:00][error] 错误信息:controller not exists:app\controller\404
[2026-03-21T08:57:34+08:00][error] 错误信息:controller not exists:app\controller\Config
[2026-03-21T08:57:34+08:00][error] 错误信息:controller not exists:app\controller\404
[2026-03-21T08:57:34+08:00][error] 错误信息:controller not exists:app\controller\Src
[2026-03-21T08:57:34+08:00][error] 错误信息:controller not exists:app\controller\Src
[2026-03-21T08:57:34+08:00][error] 错误信息:controller not exists:app\controller\Core
[2026-03-21T08:57:34+08:00][error] 错误信息:controller not exists:app\controller\Api
[2026-03-21T08:57:34+08:00][error] 错误信息:controller not exists:app\controller\flask_config\Py
[2026-03-21T08:57:34+08:00][error] 错误信息:controller not exists:app\controller\Backend
[2026-03-21T08:57:34+08:00][error] 错误信息:controller not exists:app\controller\config\Bak
[2026-03-21T08:57:34+08:00][error] 错误信息:controller not exists:app\controller\config\Old
[2026-03-21T08:57:34+08:00][error] 错误信息:controller not exists:app\controller\config\Js~
[2026-03-21T08:57:34+08:00][error] 错误信息:controller not exists:app\controller\secrets\json\Bak
[2026-03-21T08:57:34+08:00][error] 错误信息:controller not exists:app\controller\secrets\yml\Bak
[2026-03-21T08:57:34+08:00][error] 错误信息:controller not exists:app\controller\404
[2026-03-21T08:57:34+08:00][error] 错误信息:controller not exists:app\controller\config\php\Save
[2026-03-21T08:57:34+08:00][error] 错误信息:controller not exists:app\controller\config\Json~
[2026-03-21T08:57:34+08:00][error] 错误信息:controller not exists:app\controller\config\php\Old
[2026-03-21T08:57:34+08:00][error] 错误信息:controller not exists:app\controller\config\php\Bak
[2026-03-21T08:57:34+08:00][error] 错误信息:controller not exists:app\controller\404
[2026-03-21T08:58:33+08:00][error] 错误信息:controller not exists:app\controller\Index
[2026-03-21T09:20:40+08:00][error] 错误信息:controller not exists:app\controller\hello\World
[2026-03-21T09:20:41+08:00][error] 错误信息:controller not exists:app\controller\Index
[2026-03-21T09:20:41+08:00][error] 错误信息:controller not exists:app\controller\404
[2026-03-21T09:20:41+08:00][error] 错误信息:controller not exists:app\controller\404
[2026-03-21T09:20:41+08:00][error] 错误信息:controller not exists:app\controller\404
[2026-03-21T09:20:41+08:00][error] 错误信息:controller not exists:app\controller\404
[2026-03-21T09:20:42+08:00][error] 错误信息:controller not exists:app\controller\404
[2026-03-21T09:20:42+08:00][error] 错误信息:controller not exists:app\controller\404
[2026-03-21T09:20:42+08:00][error] 错误信息:controller not exists:app\controller\404
[2026-03-21T09:20:42+08:00][error] 错误信息:controller not exists:app\controller\404
[2026-03-21T09:20:42+08:00][error] 错误信息:controller not exists:app\controller\404
[2026-03-21T09:20:43+08:00][error] 错误信息:controller not exists:app\controller\404
[2026-03-21T09:20:43+08:00][error] 错误信息:controller not exists:app\controller\404
[2026-03-21T09:20:43+08:00][error] 错误信息:controller not exists:app\controller\404
[2026-03-21T09:20:43+08:00][error] 错误信息:controller not exists:app\controller\404
[2026-03-21T09:20:43+08:00][error] 错误信息:controller not exists:app\controller\404
[2026-03-21T09:20:43+08:00][error] 错误信息:controller not exists:app\controller\404
[2026-03-21T09:20:43+08:00][error] 错误信息:controller not exists:app\controller\404
[2026-03-21T09:20:43+08:00][error] 错误信息:controller not exists:app\controller\404
[2026-03-21T09:20:44+08:00][error] 错误信息:controller not exists:app\controller\404
[2026-03-21T09:20:44+08:00][error] 错误信息:controller not exists:app\controller\404
[2026-03-21T09:20:44+08:00][error] 错误信息:controller not exists:app\controller\404
[2026-03-21T09:20:44+08:00][error] 错误信息:controller not exists:app\controller\404
[2026-03-21T09:20:44+08:00][error] 错误信息:controller not exists:app\controller\404
[2026-03-21T09:20:44+08:00][error] 错误信息:controller not exists:app\controller\404
[2026-03-21T09:20:44+08:00][error] 错误信息:controller not exists:app\controller\404
[2026-03-21T09:20:44+08:00][error] 错误信息:controller not exists:app\controller\404
[2026-03-21T09:20:44+08:00][error] 错误信息:controller not exists:app\controller\404
[2026-03-21T09:20:44+08:00][error] 错误信息:controller not exists:app\controller\404
[2026-03-21T09:20:44+08:00][error] 错误信息:controller not exists:app\controller\404
[2026-03-21T09:20:44+08:00][error] 错误信息:controller not exists:app\controller\404
[2026-03-21T09:20:45+08:00][error] 错误信息:controller not exists:app\controller\404
[2026-03-21T09:20:45+08:00][error] 错误信息:controller not exists:app\controller\404
[2026-03-21T09:20:45+08:00][error] 错误信息:controller not exists:app\controller\404
[2026-03-21T09:20:45+08:00][error] 错误信息:controller not exists:app\controller\404
[2026-03-21T09:20:45+08:00][error] 错误信息:controller not exists:app\controller\404
[2026-03-21T09:20:45+08:00][error] 错误信息:controller not exists:app\controller\404
[2026-03-21T09:20:45+08:00][error] 错误信息:controller not exists:app\controller\404
[2026-03-21T09:20:45+08:00][error] 错误信息:controller not exists:app\controller\404
[2026-03-21T09:20:45+08:00][error] 错误信息:controller not exists:app\controller\Index
[2026-03-21T09:20:45+08:00][error] 错误信息:controller not exists:app\controller\404
[2026-03-21T09:20:45+08:00][error] 错误信息:controller not exists:app\controller\Index
[2026-03-21T09:20:46+08:00][error] 错误信息:controller not exists:app\controller\Index
[2026-03-21T09:20:46+08:00][error] 错误信息:controller not exists:app\controller\Containers
[2026-03-21T09:24:22+08:00][error] 错误信息:controller not exists:app\controller\Index
[2026-03-21T09:39:40+08:00][error] 错误信息:controller not exists:app\controller\SDK
[2026-03-21T09:46:24+08:00][error] 错误信息:controller not exists:app\controller\Index
[2026-03-21T09:50:01+08:00][error] 错误信息:controller not exists:app\controller\Index
[2026-03-21T09:57:55+08:00][error] 错误信息:controller not exists:app\controller\Index
[2026-03-21T10:12:02+08:00][error] 错误信息:controller not exists:app\controller\Index
[2026-03-21T10:14:13+08:00][error] 错误信息:controller not exists:app\controller\Index
[2026-03-21T10:27:35+08:00][error] 错误信息:controller not exists:app\controller\ReportServer
[2026-03-21T10:37:14+08:00][error] 错误信息:controller not exists:app\controller\Index
[2026-03-21T11:01:48+08:00][error] 错误信息:controller not exists:app\controller\Index
[2026-03-21T11:03:36+08:00][error] 错误信息:controller not exists:app\controller\Index
[2026-03-21T11:03:48+08:00][error] 错误信息:controller not exists:app\controller\Welcome
[2026-03-21T11:26:52+08:00][error] 错误信息:controller not exists:app\controller\404
[2026-03-21T11:30:41+08:00][error] 错误信息:controller not exists:app\controller\Index
[2026-03-21T11:44:21+08:00][error] 错误信息:controller not exists:app\controller\Index
[2026-03-21T11:49:26+08:00][error] 错误信息:controller not exists:app\controller\dispatch\Asp
[2026-03-21T11:53:34+08:00][error] 错误信息:controller not exists:app\controller\Index
[2026-03-21T12:08:09+08:00][error] 错误信息:controller not exists:app\controller\Index
[2026-03-21T12:09:28+08:00][error] 错误信息:controller not exists:app\controller\404
[2026-03-21T12:15:02+08:00][error] 错误信息:controller not exists:app\controller\Index
[2026-03-21T12:20:56+08:00][error] 错误信息:controller not exists:app\controller\Index
[2026-03-21T12:23:15+08:00][error] 错误信息:controller not exists:app\controller\Index
[2026-03-21T12:23:32+08:00][error] 错误信息:controller not exists:app\controller\Index
[2026-03-21T12:44:46+08:00][error] 错误信息:controller not exists:app\controller\Index
[2026-03-21T12:50:31+08:00][error] 错误信息:controller not exists:app\controller\Index
[2026-03-21T13:00:03+08:00][error] 错误信息:controller not exists:app\controller\Index
[2026-03-21T13:13:06+08:00][error] 错误信息:controller not exists:app\controller\Index
[2026-03-21T13:18:56+08:00][error] 错误信息:controller not exists:app\controller\404
[2026-03-21T13:27:31+08:00][error] 错误信息:controller not exists:app\controller\Index
[2026-03-21T13:36:47+08:00][error] 错误信息:controller not exists:app\controller\Index
[2026-03-21T14:02:24+08:00][error] 错误信息:controller not exists:app\controller\Index
[2026-03-21T14:15:21+08:00][error] 错误信息:controller not exists:app\controller\hello\World
[2026-03-21T14:15:21+08:00][error] 错误信息:controller not exists:app\controller\Index
[2026-03-21T14:15:21+08:00][error] 错误信息:controller not exists:app\controller\404
[2026-03-21T14:15:21+08:00][error] 错误信息:controller not exists:app\controller\404
[2026-03-21T14:15:21+08:00][error] 错误信息:controller not exists:app\controller\404
[2026-03-21T14:15:21+08:00][error] 错误信息:controller not exists:app\controller\404
[2026-03-21T14:15:21+08:00][error] 错误信息:controller not exists:app\controller\404
[2026-03-21T14:15:21+08:00][error] 错误信息:controller not exists:app\controller\404
[2026-03-21T14:15:21+08:00][error] 错误信息:controller not exists:app\controller\404
[2026-03-21T14:15:21+08:00][error] 错误信息:controller not exists:app\controller\404
[2026-03-21T14:15:21+08:00][error] 错误信息:controller not exists:app\controller\404
[2026-03-21T14:15:21+08:00][error] 错误信息:controller not exists:app\controller\404
[2026-03-21T14:15:21+08:00][error] 错误信息:controller not exists:app\controller\404
[2026-03-21T14:15:22+08:00][error] 错误信息:controller not exists:app\controller\404
[2026-03-21T14:15:22+08:00][error] 错误信息:controller not exists:app\controller\404
[2026-03-21T14:15:22+08:00][error] 错误信息:controller not exists:app\controller\404
[2026-03-21T14:15:22+08:00][error] 错误信息:controller not exists:app\controller\404
[2026-03-21T14:15:22+08:00][error] 错误信息:controller not exists:app\controller\404
[2026-03-21T14:15:22+08:00][error] 错误信息:controller not exists:app\controller\404
[2026-03-21T14:15:22+08:00][error] 错误信息:controller not exists:app\controller\404
[2026-03-21T14:15:22+08:00][error] 错误信息:controller not exists:app\controller\404
[2026-03-21T14:15:22+08:00][error] 错误信息:controller not exists:app\controller\404
[2026-03-21T14:15:22+08:00][error] 错误信息:controller not exists:app\controller\404
[2026-03-21T14:15:22+08:00][error] 错误信息:controller not exists:app\controller\404
[2026-03-21T14:15:22+08:00][error] 错误信息:controller not exists:app\controller\404
[2026-03-21T14:15:22+08:00][error] 错误信息:controller not exists:app\controller\404
[2026-03-21T14:15:22+08:00][error] 错误信息:controller not exists:app\controller\404
[2026-03-21T14:15:23+08:00][error] 错误信息:controller not exists:app\controller\404
[2026-03-21T14:15:23+08:00][error] 错误信息:controller not exists:app\controller\404
[2026-03-21T14:15:23+08:00][error] 错误信息:controller not exists:app\controller\404
[2026-03-21T14:15:23+08:00][error] 错误信息:controller not exists:app\controller\404
[2026-03-21T14:15:23+08:00][error] 错误信息:controller not exists:app\controller\404
[2026-03-21T14:15:23+08:00][error] 错误信息:controller not exists:app\controller\404
[2026-03-21T14:15:23+08:00][error] 错误信息:controller not exists:app\controller\404
[2026-03-21T14:15:23+08:00][error] 错误信息:controller not exists:app\controller\404
[2026-03-21T14:15:23+08:00][error] 错误信息:controller not exists:app\controller\404
[2026-03-21T14:15:23+08:00][error] 错误信息:controller not exists:app\controller\404
[2026-03-21T14:15:23+08:00][error] 错误信息:controller not exists:app\controller\404
[2026-03-21T14:15:23+08:00][error] 错误信息:controller not exists:app\controller\404
[2026-03-21T14:15:23+08:00][error] 错误信息:controller not exists:app\controller\Index
[2026-03-21T14:15:23+08:00][error] 错误信息:controller not exists:app\controller\404
[2026-03-21T14:15:24+08:00][error] 错误信息:controller not exists:app\controller\Index
[2026-03-21T14:15:24+08:00][error] 错误信息:controller not exists:app\controller\Index
[2026-03-21T14:15:24+08:00][error] 错误信息:controller not exists:app\controller\Containers
[2026-03-21T14:15:38+08:00][error] 错误信息:controller not exists:app\controller\404
[2026-03-21T14:27:11+08:00][error] 错误信息:controller not exists:app\controller\Index
[2026-03-21T14:47:40+08:00][error] 错误信息:controller not exists:app\controller\dispatch\Asp
[2026-03-21T14:52:02+08:00][error] 错误信息:controller not exists:app\controller\Index
[2026-03-21T14:56:41+08:00][error] 错误信息:controller not exists:app\controller\Index
[2026-03-21T15:11:56+08:00][error] 错误信息:controller not exists:app\controller\Index
[2026-03-21T15:11:57+08:00][error] 错误信息:controller not exists:app\controller\Index
[2026-03-21T15:20:50+08:00][error] 错误信息:controller not exists:app\controller\Index
[2026-03-21T15:43:36+08:00][error] 错误信息:controller not exists:app\controller\Index
[2026-03-21T15:44:18+08:00][error] 错误信息:controller not exists:app\controller\Index
[2026-03-21T16:08:49+08:00][error] 错误信息:controller not exists:app\controller\Index
[2026-03-21T16:33:41+08:00][error] 错误信息:controller not exists:app\controller\Index
[2026-03-21T16:47:02+08:00][error] 错误信息:controller not exists:app\controller\Wmhl4gh9o7kaeu2j
[2026-03-21T16:51:44+08:00][error] 错误信息:controller not exists:app\controller\Index
[2026-03-21T17:00:17+08:00][error] 错误信息:controller not exists:app\controller\Index
[2026-03-21T17:27:55+08:00][error] 错误信息:controller not exists:app\controller\Index
[2026-03-21T17:34:34+08:00][error] 错误信息:controller not exists:app\controller\Index
[2026-03-21T17:48:48+08:00][error] 错误信息:controller not exists:app\controller\Index
[2026-03-21T17:50:51+08:00][error] 错误信息:controller not exists:app\controller\3cuk77jiazij
[2026-03-21T17:53:01+08:00][error] 错误信息:controller not exists:app\controller\Index
[2026-03-21T18:17:57+08:00][error] 错误信息:controller not exists:app\controller\Index
[2026-03-21T18:18:39+08:00][error] 错误信息:controller not exists:app\controller\Index
[2026-03-21T18:26:59+08:00][error] 错误信息:controller not exists:app\controller\Index
[2026-03-21T18:44:03+08:00][error] 错误信息:controller not exists:app\controller\Index
[2026-03-21T18:47:26+08:00][error] 错误信息:controller not exists:app\controller\Index
[2026-03-21T18:55:16+08:00][error] 错误信息:controller not exists:app\controller\Index
[2026-03-21T19:07:52+08:00][error] 错误信息:controller not exists:app\controller\Index
[2026-03-21T19:23:28+08:00][error] 错误信息:controller not exists:app\controller\Index
[2026-03-21T19:30:59+08:00][error] 错误信息:controller not exists:app\controller\Index
[2026-03-21T19:35:08+08:00][error] 错误信息:controller not exists:app\controller\Index
[2026-03-21T19:36:37+08:00][error] 错误信息:controller not exists:app\controller\Index
[2026-03-21T19:44:19+08:00][error] 错误信息:controller not exists:app\controller\Index
[2026-03-21T19:59:14+08:00][error] 错误信息:controller not exists:app\controller\Index
[2026-03-21T20:02:46+08:00][error] 错误信息:controller not exists:app\controller\Index
[2026-03-21T20:02:51+08:00][error] 错误信息:controller not exists:app\controller\Next
[2026-03-21T20:02:55+08:00][error] 错误信息:controller not exists:app\controller\Api
[2026-03-21T20:02:59+08:00][error] 错误信息:controller not exists:app\controller\Next
[2026-03-21T20:03:04+08:00][error] 错误信息:controller not exists:app\controller\App
[2026-03-21T20:03:08+08:00][error] 错误信息:controller not exists:app\controller\Api
[2026-03-21T20:27:00+08:00][error] 错误信息:controller not exists:app\controller\Index
[2026-03-21T20:35:27+08:00][error] 错误信息:controller not exists:app\controller\Index
[2026-03-21T20:43:53+08:00][error] 错误信息:controller not exists:app\controller\Index
[2026-03-21T20:48:57+08:00][error] 错误信息:controller not exists:app\controller\Index
[2026-03-21T20:51:59+08:00][error] 错误信息:controller not exists:app\controller\Index
[2026-03-21T21:02:25+08:00][error] 错误信息:controller not exists:app\controller\hello\World
[2026-03-21T21:02:26+08:00][error] 错误信息:controller not exists:app\controller\Index
[2026-03-21T21:02:26+08:00][error] 错误信息:controller not exists:app\controller\404
[2026-03-21T21:02:26+08:00][error] 错误信息:controller not exists:app\controller\404
[2026-03-21T21:02:26+08:00][error] 错误信息:controller not exists:app\controller\404
[2026-03-21T21:02:26+08:00][error] 错误信息:controller not exists:app\controller\404
[2026-03-21T21:02:26+08:00][error] 错误信息:controller not exists:app\controller\404
[2026-03-21T21:02:26+08:00][error] 错误信息:controller not exists:app\controller\404
[2026-03-21T21:02:26+08:00][error] 错误信息:controller not exists:app\controller\404
[2026-03-21T21:02:26+08:00][error] 错误信息:controller not exists:app\controller\404
[2026-03-21T21:02:26+08:00][error] 错误信息:controller not exists:app\controller\404
[2026-03-21T21:02:26+08:00][error] 错误信息:controller not exists:app\controller\404
[2026-03-21T21:02:26+08:00][error] 错误信息:controller not exists:app\controller\404
[2026-03-21T21:02:26+08:00][error] 错误信息:controller not exists:app\controller\404
[2026-03-21T21:02:26+08:00][error] 错误信息:controller not exists:app\controller\404
[2026-03-21T21:02:26+08:00][error] 错误信息:controller not exists:app\controller\404
[2026-03-21T21:02:26+08:00][error] 错误信息:controller not exists:app\controller\404
[2026-03-21T21:02:26+08:00][error] 错误信息:controller not exists:app\controller\404
[2026-03-21T21:02:26+08:00][error] 错误信息:controller not exists:app\controller\404
[2026-03-21T21:02:26+08:00][error] 错误信息:controller not exists:app\controller\404
[2026-03-21T21:02:26+08:00][error] 错误信息:controller not exists:app\controller\404
[2026-03-21T21:02:26+08:00][error] 错误信息:controller not exists:app\controller\404
[2026-03-21T21:02:27+08:00][error] 错误信息:controller not exists:app\controller\404
[2026-03-21T21:02:27+08:00][error] 错误信息:controller not exists:app\controller\404
[2026-03-21T21:02:27+08:00][error] 错误信息:controller not exists:app\controller\404
[2026-03-21T21:02:27+08:00][error] 错误信息:controller not exists:app\controller\404
[2026-03-21T21:02:27+08:00][error] 错误信息:controller not exists:app\controller\404
[2026-03-21T21:02:27+08:00][error] 错误信息:controller not exists:app\controller\404
[2026-03-21T21:02:27+08:00][error] 错误信息:controller not exists:app\controller\404
[2026-03-21T21:02:27+08:00][error] 错误信息:controller not exists:app\controller\404
[2026-03-21T21:02:27+08:00][error] 错误信息:controller not exists:app\controller\404
[2026-03-21T21:02:27+08:00][error] 错误信息:controller not exists:app\controller\404
[2026-03-21T21:02:27+08:00][error] 错误信息:controller not exists:app\controller\404
[2026-03-21T21:02:27+08:00][error] 错误信息:controller not exists:app\controller\404
[2026-03-21T21:02:27+08:00][error] 错误信息:controller not exists:app\controller\404
[2026-03-21T21:02:27+08:00][error] 错误信息:controller not exists:app\controller\404
[2026-03-21T21:02:27+08:00][error] 错误信息:controller not exists:app\controller\404
[2026-03-21T21:02:27+08:00][error] 错误信息:controller not exists:app\controller\404
[2026-03-21T21:02:27+08:00][error] 错误信息:controller not exists:app\controller\404
[2026-03-21T21:02:27+08:00][error] 错误信息:controller not exists:app\controller\Index
[2026-03-21T21:02:27+08:00][error] 错误信息:controller not exists:app\controller\404
[2026-03-21T21:02:27+08:00][error] 错误信息:controller not exists:app\controller\Index
[2026-03-21T21:02:27+08:00][error] 错误信息:controller not exists:app\controller\Index
[2026-03-21T21:02:27+08:00][error] 错误信息:controller not exists:app\controller\Containers
[2026-03-21T21:15:38+08:00][error] 错误信息:controller not exists:app\controller\Index
[2026-03-21T21:26:51+08:00][error] 错误信息:controller not exists:app\controller\Index
[2026-03-21T21:31:11+08:00][error] 错误信息:controller not exists:app\controller\Index
[2026-03-21T21:43:50+08:00][error] 错误信息:controller not exists:app\controller\Index
[2026-03-21T21:53:07+08:00][error] 错误信息:controller not exists:app\controller\Index
[2026-03-21T22:01:56+08:00][error] 错误信息:controller not exists:app\controller\Actuator
[2026-03-21T22:10:38+08:00][error] 错误信息:controller not exists:app\controller\Index
[2026-03-21T22:35:38+08:00][error] 错误信息:controller not exists:app\controller\Index
[2026-03-21T23:01:17+08:00][error] 错误信息:controller not exists:app\controller\Index
[2026-03-21T23:09:09+08:00][error] 错误信息:controller not exists:app\controller\Index
[2026-03-21T23:10:42+08:00][error] 错误信息:controller not exists:app\controller\SDK
[2026-03-21T23:15:28+08:00][error] 错误信息:controller not exists:app\controller\Index
[2026-03-21T23:28:18+08:00][error] 错误信息:controller not exists:app\controller\Index
[2026-03-21T23:42:43+08:00][error] 错误信息:controller not exists:app\controller\hello\World
[2026-03-21T23:42:43+08:00][error] 错误信息:controller not exists:app\controller\Index
[2026-03-21T23:42:44+08:00][error] 错误信息:controller not exists:app\controller\404
[2026-03-21T23:42:44+08:00][error] 错误信息:controller not exists:app\controller\404
[2026-03-21T23:42:44+08:00][error] 错误信息:controller not exists:app\controller\404
[2026-03-21T23:42:44+08:00][error] 错误信息:controller not exists:app\controller\404
[2026-03-21T23:42:44+08:00][error] 错误信息:controller not exists:app\controller\404
[2026-03-21T23:42:45+08:00][error] 错误信息:controller not exists:app\controller\404
[2026-03-21T23:42:45+08:00][error] 错误信息:controller not exists:app\controller\404
[2026-03-21T23:42:45+08:00][error] 错误信息:controller not exists:app\controller\404
[2026-03-21T23:42:45+08:00][error] 错误信息:controller not exists:app\controller\404
[2026-03-21T23:42:46+08:00][error] 错误信息:controller not exists:app\controller\404
[2026-03-21T23:42:46+08:00][error] 错误信息:controller not exists:app\controller\404
[2026-03-21T23:42:46+08:00][error] 错误信息:controller not exists:app\controller\404
[2026-03-21T23:42:46+08:00][error] 错误信息:controller not exists:app\controller\404
[2026-03-21T23:42:47+08:00][error] 错误信息:controller not exists:app\controller\404
[2026-03-21T23:42:47+08:00][error] 错误信息:controller not exists:app\controller\404
[2026-03-21T23:42:47+08:00][error] 错误信息:controller not exists:app\controller\404
[2026-03-21T23:42:48+08:00][error] 错误信息:controller not exists:app\controller\404
[2026-03-21T23:42:48+08:00][error] 错误信息:controller not exists:app\controller\404
[2026-03-21T23:42:48+08:00][error] 错误信息:controller not exists:app\controller\404
[2026-03-21T23:42:49+08:00][error] 错误信息:controller not exists:app\controller\404
[2026-03-21T23:42:49+08:00][error] 错误信息:controller not exists:app\controller\404
[2026-03-21T23:42:49+08:00][error] 错误信息:controller not exists:app\controller\404
[2026-03-21T23:42:49+08:00][error] 错误信息:controller not exists:app\controller\404
[2026-03-21T23:42:50+08:00][error] 错误信息:controller not exists:app\controller\404
[2026-03-21T23:42:50+08:00][error] 错误信息:controller not exists:app\controller\404
[2026-03-21T23:42:50+08:00][error] 错误信息:controller not exists:app\controller\404
[2026-03-21T23:42:51+08:00][error] 错误信息:controller not exists:app\controller\404
[2026-03-21T23:42:51+08:00][error] 错误信息:controller not exists:app\controller\404
[2026-03-21T23:42:51+08:00][error] 错误信息:controller not exists:app\controller\404
[2026-03-21T23:42:52+08:00][error] 错误信息:controller not exists:app\controller\404
[2026-03-21T23:42:52+08:00][error] 错误信息:controller not exists:app\controller\404
[2026-03-21T23:42:52+08:00][error] 错误信息:controller not exists:app\controller\404
[2026-03-21T23:42:52+08:00][error] 错误信息:controller not exists:app\controller\404
[2026-03-21T23:42:53+08:00][error] 错误信息:controller not exists:app\controller\404
[2026-03-21T23:42:53+08:00][error] 错误信息:controller not exists:app\controller\404
[2026-03-21T23:42:53+08:00][error] 错误信息:controller not exists:app\controller\404
[2026-03-21T23:42:53+08:00][error] 错误信息:controller not exists:app\controller\404
[2026-03-21T23:42:54+08:00][error] 错误信息:controller not exists:app\controller\Index
[2026-03-21T23:42:54+08:00][error] 错误信息:controller not exists:app\controller\404
[2026-03-21T23:42:54+08:00][error] 错误信息:controller not exists:app\controller\Index
[2026-03-21T23:42:54+08:00][error] 错误信息:controller not exists:app\controller\Index
[2026-03-21T23:42:54+08:00][error] 错误信息:controller not exists:app\controller\Containers
[2026-03-21T23:44:00+08:00][error] 错误信息:controller not exists:app\controller\Index
[2026-03-21T23:52:16+08:00][error] 错误信息:controller not exists:app\controller\Index
