[2026-03-24T00:04:26+08:00][error] 错误信息:controller not exists:app\controller\Index
[2026-03-24T00:05:07+08:00][error] 错误信息:controller not exists:app\controller\Actuator
[2026-03-24T00:07:45+08:00][error] 错误信息:controller not exists:app\controller\Index
[2026-03-24T00:12:58+08:00][error] 错误信息:controller not exists:app\controller\Index
[2026-03-24T00:18:42+08:00][error] 错误信息:controller not exists:app\controller\Index
[2026-03-24T00:31:35+08:00][error] 错误信息:controller not exists:app\controller\Index
[2026-03-24T00:31:38+08:00][error] 错误信息:controller not exists:app\controller\Next
[2026-03-24T00:31:42+08:00][error] 错误信息:controller not exists:app\controller\Api
[2026-03-24T00:31:47+08:00][error] 错误信息:controller not exists:app\controller\Next
[2026-03-24T00:31:51+08:00][error] 错误信息:controller not exists:app\controller\App
[2026-03-24T00:31:55+08:00][error] 错误信息:controller not exists:app\controller\Api
[2026-03-24T00:36:43+08:00][error] 错误信息:controller not exists:app\controller\Index
[2026-03-24T00:45:57+08:00][error] 错误信息:controller not exists:app\controller\Index
[2026-03-24T00:49:42+08:00][error] 错误信息:controller not exists:app\controller\Index
[2026-03-24T01:10:04+08:00][error] 错误信息:controller not exists:app\controller\CgiBin
[2026-03-24T01:10:05+08:00][error] 错误信息:controller not exists:app\controller\CgiBin
[2026-03-24T01:33:28+08:00][error] 错误信息:controller not exists:app\controller\Index
[2026-03-24T02:00:30+08:00][error] 错误信息:controller not exists:app\controller\Index
[2026-03-24T02:23:23+08:00][error] 错误信息:controller not exists:app\controller\404
[2026-03-24T02:25:07+08:00][error] 错误信息:controller not exists:app\controller\Index
[2026-03-24T02:29:17+08:00][error] 错误信息:controller not exists:app\controller\Index
[2026-03-24T02:38:05+08:00][error] 错误信息:controller not exists:app\controller\Index
[2026-03-24T02:42:00+08:00][error] 错误信息:controller not exists:app\controller\Index
[2026-03-24T02:53:05+08:00][error] 错误信息:controller not exists:app\controller\Index
[2026-03-24T03:10:27+08:00][error] 错误信息:controller not exists:app\controller\hello\World
[2026-03-24T03:10:27+08:00][error] 错误信息:controller not exists:app\controller\Index
[2026-03-24T03:10:28+08:00][error] 错误信息:controller not exists:app\controller\404
[2026-03-24T03:10:29+08:00][error] 错误信息:controller not exists:app\controller\404
[2026-03-24T03:10:29+08:00][error] 错误信息:controller not exists:app\controller\404
[2026-03-24T03:10:29+08:00][error] 错误信息:controller not exists:app\controller\404
[2026-03-24T03:10:29+08:00][error] 错误信息:controller not exists:app\controller\404
[2026-03-24T03:10:30+08:00][error] 错误信息:controller not exists:app\controller\404
[2026-03-24T03:10:30+08:00][error] 错误信息:controller not exists:app\controller\404
[2026-03-24T03:10:31+08:00][error] 错误信息:controller not exists:app\controller\404
[2026-03-24T03:10:31+08:00][error] 错误信息:controller not exists:app\controller\404
[2026-03-24T03:10:32+08:00][error] 错误信息:controller not exists:app\controller\404
[2026-03-24T03:10:33+08:00][error] 错误信息:controller not exists:app\controller\404
[2026-03-24T03:10:33+08:00][error] 错误信息:controller not exists:app\controller\404
[2026-03-24T03:10:34+08:00][error] 错误信息:controller not exists:app\controller\404
[2026-03-24T03:10:34+08:00][error] 错误信息:controller not exists:app\controller\404
[2026-03-24T03:10:34+08:00][error] 错误信息:controller not exists:app\controller\404
[2026-03-24T03:10:34+08:00][error] 错误信息:controller not exists:app\controller\404
[2026-03-24T03:10:34+08:00][error] 错误信息:controller not exists:app\controller\404
[2026-03-24T03:10:35+08:00][error] 错误信息:controller not exists:app\controller\404
[2026-03-24T03:10:36+08:00][error] 错误信息:controller not exists:app\controller\404
[2026-03-24T03:10:36+08:00][error] 错误信息:controller not exists:app\controller\404
[2026-03-24T03:10:36+08:00][error] 错误信息:controller not exists:app\controller\404
[2026-03-24T03:10:37+08:00][error] 错误信息:controller not exists:app\controller\404
[2026-03-24T03:10:39+08:00][error] 错误信息:controller not exists:app\controller\404
[2026-03-24T03:10:39+08:00][error] 错误信息:controller not exists:app\controller\404
[2026-03-24T03:10:39+08:00][error] 错误信息:controller not exists:app\controller\404
[2026-03-24T03:10:40+08:00][error] 错误信息:controller not exists:app\controller\404
[2026-03-24T03:10:40+08:00][error] 错误信息:controller not exists:app\controller\404
[2026-03-24T03:10:40+08:00][error] 错误信息:controller not exists:app\controller\404
[2026-03-24T03:10:40+08:00][error] 错误信息:controller not exists:app\controller\404
[2026-03-24T03:10:41+08:00][error] 错误信息:controller not exists:app\controller\404
[2026-03-24T03:10:55+08:00][error] 错误信息:controller not exists:app\controller\404
[2026-03-24T03:10:56+08:00][error] 错误信息:controller not exists:app\controller\404
[2026-03-24T03:10:58+08:00][error] 错误信息:controller not exists:app\controller\404
[2026-03-24T03:10:58+08:00][error] 错误信息:controller not exists:app\controller\404
[2026-03-24T03:10:58+08:00][error] 错误信息:controller not exists:app\controller\404
[2026-03-24T03:10:59+08:00][error] 错误信息:controller not exists:app\controller\404
[2026-03-24T03:10:59+08:00][error] 错误信息:controller not exists:app\controller\404
[2026-03-24T03:11:00+08:00][error] 错误信息:controller not exists:app\controller\Index
[2026-03-24T03:11:00+08:00][error] 错误信息:controller not exists:app\controller\404
[2026-03-24T03:11:00+08:00][error] 错误信息:controller not exists:app\controller\Index
[2026-03-24T03:11:00+08:00][error] 错误信息:controller not exists:app\controller\Index
[2026-03-24T03:11:00+08:00][error] 错误信息:controller not exists:app\controller\Containers
[2026-03-24T03:15:36+08:00][error] 错误信息:controller not exists:app\controller\Index
[2026-03-24T03:16:22+08:00][error] 错误信息:controller not exists:app\controller\Index
[2026-03-24T03:26:08+08:00][error] 错误信息:controller not exists:app\controller\Index
[2026-03-24T03:41:33+08:00][error] 错误信息:controller not exists:app\controller\Index
[2026-03-24T03:42:01+08:00][error] 错误信息:controller not exists:app\controller\Index
[2026-03-24T04:01:57+08:00][error] 错误信息:controller not exists:app\controller\Index
[2026-03-24T04:09:36+08:00][error] 错误信息:controller not exists:app\controller\Index
[2026-03-24T04:22:28+08:00][error] 错误信息:controller not exists:app\controller\Index
[2026-03-24T04:28:51+08:00][error] 错误信息:controller not exists:app\controller\Index
[2026-03-24T04:36:11+08:00][error] 错误信息:controller not exists:app\controller\Index
[2026-03-24T05:00:10+08:00][error] 错误信息:controller not exists:app\controller\Index
[2026-03-24T05:00:39+08:00][error] 错误信息:controller not exists:app\controller\Index
[2026-03-24T05:01:12+08:00][error] 错误信息:controller not exists:app\controller\Index
[2026-03-24T05:25:44+08:00][error] 错误信息:controller not exists:app\controller\Index
[2026-03-24T05:34:17+08:00][error] 错误信息:controller not exists:app\controller\Index
[2026-03-24T05:51:13+08:00][error] 错误信息:controller not exists:app\controller\Index
[2026-03-24T06:09:48+08:00][error] 错误信息:controller not exists:app\controller\404
[2026-03-24T06:15:27+08:00][error] 错误信息:controller not exists:app\controller\Index
[2026-03-24T06:38:21+08:00][error] 错误信息:controller not exists:app\controller\404
[2026-03-24T06:38:40+08:00][error] 错误信息:controller not exists:app\controller\Hudson
[2026-03-24T06:40:31+08:00][error] 错误信息:controller not exists:app\controller\Index
[2026-03-24T06:41:28+08:00][error] 错误信息:controller not exists:app\controller\Index
[2026-03-24T07:07:33+08:00][error] 错误信息:controller not exists:app\controller\Index
[2026-03-24T07:14:38+08:00][error] 错误信息:controller not exists:app\controller\Index
[2026-03-24T07:22:57+08:00][error] 错误信息:controller not exists:app\controller\Index
[2026-03-24T07:34:32+08:00][error] 错误信息:controller not exists:app\controller\Index
[2026-03-24T08:00:37+08:00][error] 错误信息:controller not exists:app\controller\Index
[2026-03-24T08:26:00+08:00][error] 错误信息:controller not exists:app\controller\Index
[2026-03-24T08:28:10+08:00][error] 错误信息:controller not exists:app\controller\hello\World
[2026-03-24T08:28:10+08:00][error] 错误信息:controller not exists:app\controller\Index
[2026-03-24T08:28:10+08:00][error] 错误信息:controller not exists:app\controller\404
[2026-03-24T08:28:10+08:00][error] 错误信息:controller not exists:app\controller\404
[2026-03-24T08:28:11+08:00][error] 错误信息:controller not exists:app\controller\404
[2026-03-24T08:28:11+08:00][error] 错误信息:controller not exists:app\controller\404
[2026-03-24T08:28:11+08:00][error] 错误信息:controller not exists:app\controller\404
[2026-03-24T08:28:11+08:00][error] 错误信息:controller not exists:app\controller\404
[2026-03-24T08:28:11+08:00][error] 错误信息:controller not exists:app\controller\404
[2026-03-24T08:28:11+08:00][error] 错误信息:controller not exists:app\controller\404
[2026-03-24T08:28:12+08:00][error] 错误信息:controller not exists:app\controller\404
[2026-03-24T08:28:12+08:00][error] 错误信息:controller not exists:app\controller\404
[2026-03-24T08:28:12+08:00][error] 错误信息:controller not exists:app\controller\404
[2026-03-24T08:28:12+08:00][error] 错误信息:controller not exists:app\controller\404
[2026-03-24T08:28:12+08:00][error] 错误信息:controller not exists:app\controller\404
[2026-03-24T08:28:12+08:00][error] 错误信息:controller not exists:app\controller\404
[2026-03-24T08:28:12+08:00][error] 错误信息:controller not exists:app\controller\404
[2026-03-24T08:28:13+08:00][error] 错误信息:controller not exists:app\controller\404
[2026-03-24T08:28:13+08:00][error] 错误信息:controller not exists:app\controller\404
[2026-03-24T08:28:13+08:00][error] 错误信息:controller not exists:app\controller\404
[2026-03-24T08:28:13+08:00][error] 错误信息:controller not exists:app\controller\404
[2026-03-24T08:28:14+08:00][error] 错误信息:controller not exists:app\controller\404
[2026-03-24T08:28:14+08:00][error] 错误信息:controller not exists:app\controller\404
[2026-03-24T08:28:14+08:00][error] 错误信息:controller not exists:app\controller\404
[2026-03-24T08:28:15+08:00][error] 错误信息:controller not exists:app\controller\404
[2026-03-24T08:28:15+08:00][error] 错误信息:controller not exists:app\controller\404
[2026-03-24T08:28:15+08:00][error] 错误信息:controller not exists:app\controller\404
[2026-03-24T08:28:16+08:00][error] 错误信息:controller not exists:app\controller\404
[2026-03-24T08:28:16+08:00][error] 错误信息:controller not exists:app\controller\404
[2026-03-24T08:28:16+08:00][error] 错误信息:controller not exists:app\controller\404
[2026-03-24T08:28:16+08:00][error] 错误信息:controller not exists:app\controller\404
[2026-03-24T08:28:17+08:00][error] 错误信息:controller not exists:app\controller\404
[2026-03-24T08:28:17+08:00][error] 错误信息:controller not exists:app\controller\404
[2026-03-24T08:28:17+08:00][error] 错误信息:controller not exists:app\controller\404
[2026-03-24T08:28:17+08:00][error] 错误信息:controller not exists:app\controller\404
[2026-03-24T08:28:17+08:00][error] 错误信息:controller not exists:app\controller\404
[2026-03-24T08:28:17+08:00][error] 错误信息:controller not exists:app\controller\404
[2026-03-24T08:28:18+08:00][error] 错误信息:controller not exists:app\controller\404
[2026-03-24T08:28:18+08:00][error] 错误信息:controller not exists:app\controller\404
[2026-03-24T08:28:18+08:00][error] 错误信息:controller not exists:app\controller\Index
[2026-03-24T08:28:19+08:00][error] 错误信息:controller not exists:app\controller\404
[2026-03-24T08:28:19+08:00][error] 错误信息:controller not exists:app\controller\Index
[2026-03-24T08:28:19+08:00][error] 错误信息:controller not exists:app\controller\Index
[2026-03-24T08:28:19+08:00][error] 错误信息:controller not exists:app\controller\Containers
[2026-03-24T08:50:13+08:00][error] 错误信息:controller not exists:app\controller\Index
[2026-03-24T09:15:47+08:00][error] 错误信息:controller not exists:app\controller\Index
[2026-03-24T09:16:06+08:00][error] 错误信息:controller not exists:app\controller\Index
[2026-03-24T09:16:07+08:00][error] 错误信息:controller not exists:app\controller\Index
[2026-03-24T09:42:44+08:00][error] 错误信息:controller not exists:app\controller\Index
[2026-03-24T09:42:50+08:00][error] 错误信息:controller not exists:app\controller\Index
[2026-03-24T09:56:38+08:00][error] 错误信息:controller not exists:app\controller\Index
[2026-03-24T09:59:59+08:00][error] 错误信息:controller not exists:app\controller\Index
[2026-03-24T10:05:37+08:00][error] 错误信息:controller not exists:app\controller\Index
[2026-03-24T10:31:31+08:00][error] 错误信息:controller not exists:app\controller\Index
[2026-03-24T10:32:54+08:00][error] 错误信息:controller not exists:app\controller\Index
[2026-03-24T10:56:30+08:00][error] 错误信息:controller not exists:app\controller\Index
[2026-03-24T10:59:06+08:00][error] 错误信息:controller not exists:app\controller\SDK
[2026-03-24T11:05:48+08:00][error] 错误信息:controller not exists:app\controller\Index
[2026-03-24T11:10:59+08:00][error] 错误信息:controller not exists:app\controller\Index
[2026-03-24T11:14:46+08:00][error] 错误信息:controller not exists:app\controller\Aaa9
[2026-03-24T11:14:46+08:00][error] 错误信息:controller not exists:app\controller\Aab9
[2026-03-24T11:21:40+08:00][error] 错误信息:controller not exists:app\controller\Index
[2026-03-24T11:22:53+08:00][error] 错误信息:controller not exists:app\controller\Index
[2026-03-24T11:48:22+08:00][error] 错误信息:controller not exists:app\controller\Index
[2026-03-24T11:52:38+08:00][error] 错误信息:controller not exists:app\controller\Index
[2026-03-24T11:53:03+08:00][error] 错误信息:controller not exists:app\controller\Index
[2026-03-24T12:12:47+08:00][error] 错误信息:controller not exists:app\controller\Index
[2026-03-24T12:26:43+08:00][error] 错误信息:controller not exists:app\controller\Index
[2026-03-24T12:37:58+08:00][error] 错误信息:controller not exists:app\controller\Index
[2026-03-24T12:47:59+08:00][error] 错误信息:controller not exists:app\controller\Index
[2026-03-24T12:48:23+08:00][error] 错误信息:controller not exists:app\controller\Webui
[2026-03-24T12:50:30+08:00][error] 错误信息:controller not exists:app\controller\Index
[2026-03-24T12:50:52+08:00][error] 错误信息:controller not exists:app\controller\Geoserver
[2026-03-24T13:04:05+08:00][error] 错误信息:controller not exists:app\controller\404
[2026-03-24T13:04:09+08:00][error] 错误信息:controller not exists:app\controller\Index
[2026-03-24T13:30:00+08:00][error] 错误信息:controller not exists:app\controller\Index
[2026-03-24T13:33:44+08:00][error] 错误信息:controller not exists:app\controller\Index
[2026-03-24T13:57:08+08:00][error] 错误信息:controller not exists:app\controller\Index
[2026-03-24T14:10:56+08:00][error] 错误信息:controller not exists:app\controller\Index
[2026-03-24T14:22:51+08:00][error] 错误信息:controller not exists:app\controller\Index
[2026-03-24T14:24:31+08:00][error] 错误信息:controller not exists:app\controller\Index
[2026-03-24T14:34:20+08:00][error] 错误信息:controller not exists:app\controller\Index
[2026-03-24T14:41:22+08:00][error] 错误信息:controller not exists:app\controller\Index
[2026-03-24T14:42:30+08:00][error] 错误信息:controller not exists:app\controller\Index
[2026-03-24T14:47:45+08:00][error] 错误信息:controller not exists:app\controller\Index
[2026-03-24T14:54:33+08:00][error] 错误信息:controller not exists:app\controller\CgiBin
[2026-03-24T15:01:41+08:00][error] 错误信息:controller not exists:app\controller\Index
[2026-03-24T15:04:33+08:00][error] 错误信息:controller not exists:app\controller\Index
[2026-03-24T15:07:27+08:00][error] 错误信息:controller not exists:app\controller\Index
[2026-03-24T15:11:46+08:00][error] 错误信息:controller not exists:app\controller\Index
[2026-03-24T15:36:00+08:00][error] 错误信息:controller not exists:app\controller\Index
[2026-03-24T15:41:28+08:00][error] 错误信息:controller not exists:app\controller\Index
[2026-03-24T15:43:24+08:00][error] 错误信息:controller not exists:app\controller\Index
[2026-03-24T15:43:31+08:00][error] 错误信息:controller not exists:app\controller\Index
[2026-03-24T16:01:46+08:00][error] 错误信息:controller not exists:app\controller\Index
[2026-03-24T16:22:52+08:00][error] 错误信息:controller not exists:app\controller\Index
[2026-03-24T16:25:40+08:00][error] 错误信息:controller not exists:app\controller\Developmentserver
[2026-03-24T16:29:55+08:00][error] 错误信息:controller not exists:app\controller\Index
[2026-03-24T16:50:15+08:00][error] 错误信息:controller not exists:app\controller\Index
[2026-03-24T16:51:02+08:00][error] 错误信息:controller not exists:app\controller\sitemap\Xml
[2026-03-24T16:51:05+08:00][error] 错误信息:controller not exists:app\controller\Gyfxfxukj
[2026-03-24T16:54:28+08:00][error] 错误信息:controller not exists:app\controller\Index
[2026-03-24T17:15:29+08:00][error] 错误信息:controller not exists:app\controller\404
[2026-03-24T17:19:22+08:00][error] 错误信息:controller not exists:app\controller\Index
[2026-03-24T17:22:46+08:00][error] 错误信息:controller not exists:app\controller\Index
[2026-03-24T17:22:50+08:00][error] 错误信息:controller not exists:app\controller\Next
[2026-03-24T17:22:55+08:00][error] 错误信息:controller not exists:app\controller\Api
[2026-03-24T17:22:59+08:00][error] 错误信息:controller not exists:app\controller\Next
[2026-03-24T17:23:03+08:00][error] 错误信息:controller not exists:app\controller\App
[2026-03-24T17:23:07+08:00][error] 错误信息:controller not exists:app\controller\Api
[2026-03-24T17:40:07+08:00][error] 错误信息:controller not exists:app\controller\Index
[2026-03-24T17:41:21+08:00][error] 错误信息:controller not exists:app\controller\404
[2026-03-24T17:45:33+08:00][error] 错误信息:controller not exists:app\controller\Index
[2026-03-24T18:09:35+08:00][error] 错误信息:controller not exists:app\controller\Index
[2026-03-24T18:12:14+08:00][error] 错误信息:controller not exists:app\controller\Index
[2026-03-24T18:34:32+08:00][error] 错误信息:controller not exists:app\controller\Index
[2026-03-24T18:46:57+08:00][error] 错误信息:controller not exists:app\controller\Index
[2026-03-24T19:02:18+08:00][error] 错误信息:controller not exists:app\controller\Index
[2026-03-24T19:08:27+08:00][error] 错误信息:controller not exists:app\controller\Index
[2026-03-24T19:25:53+08:00][error] 错误信息:controller not exists:app\controller\Index
[2026-03-24T19:52:02+08:00][error] 错误信息:controller not exists:app\controller\Index
[2026-03-24T20:02:17+08:00][error] 错误信息:controller not exists:app\controller\12c25n6h473ts0mt
[2026-03-24T20:12:55+08:00][error] 错误信息:controller not exists:app\controller\Index
[2026-03-24T20:15:22+08:00][error] 错误信息:controller not exists:app\controller\Index
[2026-03-24T20:15:23+08:00][error] 错误信息:controller not exists:app\controller\Bins
[2026-03-24T20:15:30+08:00][error] 错误信息:controller not exists:app\controller\Bin
[2026-03-24T20:15:42+08:00][error] 错误信息:controller not exists:app\controller\I
[2026-03-24T20:15:46+08:00][error] 错误信息:controller not exists:app\controller\bin\Sh
[2026-03-24T20:15:53+08:00][error] 错误信息:controller not exists:app\controller\Bins
[2026-03-24T20:16:03+08:00][error] 错误信息:controller not exists:app\controller\Arm5
[2026-03-24T20:16:09+08:00][error] 错误信息:controller not exists:app\controller\Mpsl
[2026-03-24T20:16:19+08:00][error] 错误信息:controller not exists:app\controller\Arm
[2026-03-24T20:16:24+08:00][error] 错误信息:controller not exists:app\controller\Bins
[2026-03-24T20:16:33+08:00][error] 错误信息:controller not exists:app\controller\Bins
[2026-03-24T20:16:40+08:00][error] 错误信息:controller not exists:app\controller\Bins
[2026-03-24T20:16:45+08:00][error] 错误信息:controller not exists:app\controller\Bins
[2026-03-24T20:16:54+08:00][error] 错误信息:controller not exists:app\controller\Bins
[2026-03-24T20:16:58+08:00][error] 错误信息:controller not exists:app\controller\Bins
[2026-03-24T20:17:04+08:00][error] 错误信息:controller not exists:app\controller\Index
[2026-03-24T20:17:11+08:00][error] 错误信息:controller not exists:app\controller\X86
[2026-03-24T20:17:19+08:00][error] 错误信息:controller not exists:app\controller\Mips
[2026-03-24T20:17:20+08:00][error] 错误信息:controller not exists:app\controller\Bins
[2026-03-24T20:17:29+08:00][error] 错误信息:controller not exists:app\controller\Bins
[2026-03-24T20:17:37+08:00][error] 错误信息:controller not exists:app\controller\Bins
[2026-03-24T20:17:46+08:00][error] 错误信息:controller not exists:app\controller\Bins
[2026-03-24T20:17:56+08:00][error] 错误信息:controller not exists:app\controller\Mipsel
[2026-03-24T20:18:02+08:00][error] 错误信息:controller not exists:app\controller\Mozi\M
[2026-03-24T20:18:09+08:00][error] 错误信息:controller not exists:app\controller\Bins
[2026-03-24T20:18:18+08:00][error] 错误信息:controller not exists:app\controller\Sh
[2026-03-24T20:18:25+08:00][error] 错误信息:controller not exists:app\controller\Hiddenbin
[2026-03-24T20:18:36+08:00][error] 错误信息:controller not exists:app\controller\Armv4l
[2026-03-24T20:18:39+08:00][error] 错误信息:controller not exists:app\controller\resgod\Spc
[2026-03-24T20:18:51+08:00][error] 错误信息:controller not exists:app\controller\Hiddenbin
[2026-03-24T20:18:58+08:00][error] 错误信息:controller not exists:app\controller\Hiddenbin
[2026-03-24T20:19:05+08:00][error] 错误信息:controller not exists:app\controller\Hiddenbin
[2026-03-24T20:19:13+08:00][error] 错误信息:controller not exists:app\controller\Hiddenbin
[2026-03-24T20:19:23+08:00][error] 错误信息:controller not exists:app\controller\Hiddenbin
[2026-03-24T20:19:29+08:00][error] 错误信息:controller not exists:app\controller\resgod\M68k
[2026-03-24T20:19:35+08:00][error] 错误信息:controller not exists:app\controller\Hiddenbin
[2026-03-24T20:19:45+08:00][error] 错误信息:controller not exists:app\controller\Hiddenbin
[2026-03-24T20:19:55+08:00][error] 错误信息:controller not exists:app\controller\Hiddenbin
[2026-03-24T20:19:57+08:00][error] 错误信息:controller not exists:app\controller\Bins
[2026-03-24T20:20:05+08:00][error] 错误信息:controller not exists:app\controller\Hiddenbin
[2026-03-24T20:20:18+08:00][error] 错误信息:controller not exists:app\controller\Hiddenbin
[2026-03-24T20:20:23+08:00][error] 错误信息:controller not exists:app\controller\Sparc
[2026-03-24T20:20:33+08:00][error] 错误信息:controller not exists:app\controller\Armv5l
[2026-03-24T20:20:42+08:00][error] 错误信息:controller not exists:app\controller\Armv6l
[2026-03-24T20:20:45+08:00][error] 错误信息:controller not exists:app\controller\I586
[2026-03-24T20:20:58+08:00][error] 错误信息:controller not exists:app\controller\Sh4
[2026-03-24T20:21:00+08:00][error] 错误信息:controller not exists:app\controller\Arm7
[2026-03-24T20:21:15+08:00][error] 错误信息:controller not exists:app\controller\X8664
[2026-03-24T20:21:15+08:00][error] 错误信息:controller not exists:app\controller\I686
[2026-03-24T20:21:29+08:00][error] 错误信息:controller not exists:app\controller\M68k
[2026-03-24T20:21:34+08:00][error] 错误信息:controller not exists:app\controller\Arm6
[2026-03-24T20:21:41+08:00][error] 错误信息:controller not exists:app\controller\Bins
[2026-03-24T20:21:51+08:00][error] 错误信息:controller not exists:app\controller\Bins
[2026-03-24T20:21:56+08:00][error] 错误信息:controller not exists:app\controller\Bins
[2026-03-24T20:21:59+08:00][error] 错误信息:controller not exists:app\controller\Index
[2026-03-24T20:22:09+08:00][error] 错误信息:controller not exists:app\controller\skid\Arm5
[2026-03-24T20:22:12+08:00][error] 错误信息:controller not exists:app\controller\Bins
[2026-03-24T20:22:25+08:00][error] 错误信息:controller not exists:app\controller\skid\Arm
[2026-03-24T20:22:30+08:00][error] 错误信息:controller not exists:app\controller\Bins
[2026-03-24T20:22:42+08:00][error] 错误信息:controller not exists:app\controller\Bins
[2026-03-24T20:22:46+08:00][error] 错误信息:controller not exists:app\controller\Bins
[2026-03-24T20:22:58+08:00][error] 错误信息:controller not exists:app\controller\Bins
[2026-03-24T20:23:02+08:00][error] 错误信息:controller not exists:app\controller\Spc
[2026-03-24T20:23:10+08:00][error] 错误信息:controller not exists:app\controller\Ppc
[2026-03-24T20:23:21+08:00][error] 错误信息:controller not exists:app\controller\Arm4
[2026-03-24T20:23:25+08:00][error] 错误信息:controller not exists:app\controller\skid\Mpsl
[2026-03-24T20:23:39+08:00][error] 错误信息:controller not exists:app\controller\skid\Mips
[2026-03-24T20:23:40+08:00][error] 错误信息:controller not exists:app\controller\skid\Arm7
[2026-03-24T20:23:49+08:00][error] 错误信息:controller not exists:app\controller\001010101010010110101011101010101101010111010101
[2026-03-24T20:24:01+08:00][error] 错误信息:controller not exists:app\controller\001010101010010110101011101010101101010111010101
[2026-03-24T20:24:10+08:00][error] 错误信息:controller not exists:app\controller\001010101010010110101011101010101101010111010101
[2026-03-24T20:24:16+08:00][error] 错误信息:controller not exists:app\controller\001010101010010110101011101010101101010111010101
[2026-03-24T20:24:17+08:00][error] 错误信息:controller not exists:app\controller\Index
[2026-03-24T20:24:23+08:00][error] 错误信息:controller not exists:app\controller\001010101010010110101011101010101101010111010101
[2026-03-24T20:24:34+08:00][error] 错误信息:controller not exists:app\controller\001010101010010110101011101010101101010111010101
[2026-03-24T20:24:44+08:00][error] 错误信息:controller not exists:app\controller\001010101010010110101011101010101101010111010101
[2026-03-24T20:24:52+08:00][error] 错误信息:controller not exists:app\controller\001010101010010110101011101010101101010111010101
[2026-03-24T20:24:55+08:00][error] 错误信息:controller not exists:app\controller\001010101010010110101011101010101101010111010101
[2026-03-24T20:25:02+08:00][error] 错误信息:controller not exists:app\controller\001010101010010110101011101010101101010111010101
[2026-03-24T20:25:14+08:00][error] 错误信息:controller not exists:app\controller\001010101010010110101011101010101101010111010101
[2026-03-24T20:25:18+08:00][error] 错误信息:controller not exists:app\controller\001010101010010110101011101010101101010111010101
[2026-03-24T20:25:27+08:00][error] 错误信息:controller not exists:app\controller\001010101010010110101011101010101101010111010101
[2026-03-24T20:25:32+08:00][error] 错误信息:controller not exists:app\controller\001010101010010110101011101010101101010111010101
[2026-03-24T20:25:46+08:00][error] 错误信息:controller not exists:app\controller\Lmips
[2026-03-24T20:25:58+08:00][error] 错误信息:controller not exists:app\controller\Larm5
[2026-03-24T20:26:01+08:00][error] 错误信息:controller not exists:app\controller\Larm7
[2026-03-24T20:26:08+08:00][error] 错误信息:controller not exists:app\controller\Gmips
[2026-03-24T20:26:23+08:00][error] 错误信息:controller not exists:app\controller\Xmips
[2026-03-24T20:26:29+08:00][error] 错误信息:controller not exists:app\controller\Rmpsl
[2026-03-24T20:26:40+08:00][error] 错误信息:controller not exists:app\controller\Lmpsl
[2026-03-24T20:26:44+08:00][error] 错误信息:controller not exists:app\controller\Harm7
[2026-03-24T20:26:56+08:00][error] 错误信息:controller not exists:app\controller\Larm4
[2026-03-24T20:27:07+08:00][error] 错误信息:controller not exists:app\controller\00101010101001
[2026-03-24T20:27:15+08:00][error] 错误信息:controller not exists:app\controller\00101010101001
[2026-03-24T20:27:19+08:00][error] 错误信息:controller not exists:app\controller\00101010101001
[2026-03-24T20:27:26+08:00][error] 错误信息:controller not exists:app\controller\00101010101001
[2026-03-24T20:27:33+08:00][error] 错误信息:controller not exists:app\controller\00101010101001
[2026-03-24T20:27:49+08:00][error] 错误信息:controller not exists:app\controller\00101010101001
[2026-03-24T20:27:57+08:00][error] 错误信息:controller not exists:app\controller\00101010101001
[2026-03-24T20:28:01+08:00][error] 错误信息:controller not exists:app\controller\00101010101001
[2026-03-24T20:28:11+08:00][error] 错误信息:controller not exists:app\controller\00101010101001
[2026-03-24T20:28:22+08:00][error] 错误信息:controller not exists:app\controller\00101010101001
[2026-03-24T20:28:32+08:00][error] 错误信息:controller not exists:app\controller\00101010101001
[2026-03-24T20:28:42+08:00][error] 错误信息:controller not exists:app\controller\00101010101001
[2026-03-24T20:28:48+08:00][error] 错误信息:controller not exists:app\controller\00101010101001
[2026-03-24T20:28:54+08:00][error] 错误信息:controller not exists:app\controller\00101010101001
[2026-03-24T20:29:06+08:00][error] 错误信息:controller not exists:app\controller\00101010101001
[2026-03-24T20:29:07+08:00][error] 错误信息:controller not exists:app\controller\Bins
[2026-03-24T20:29:15+08:00][error] 错误信息:controller not exists:app\controller\Aarch64
[2026-03-24T20:29:29+08:00][error] 错误信息:controller not exists:app\controller\Csky
[2026-03-24T20:29:37+08:00][error] 错误信息:controller not exists:app\controller\Arc
[2026-03-24T20:29:47+08:00][error] 错误信息:controller not exists:app\controller\Harm4
[2026-03-24T20:29:53+08:00][error] 错误信息:controller not exists:app\controller\Harm5
[2026-03-24T20:30:04+08:00][error] 错误信息:controller not exists:app\controller\Gmpsl
[2026-03-24T20:30:11+08:00][error] 错误信息:controller not exists:app\controller\Hmips
[2026-03-24T20:30:20+08:00][error] 错误信息:controller not exists:app\controller\Armv7l
[2026-03-24T20:30:24+08:00][error] 错误信息:controller not exists:app\controller\Gompsl
[2026-03-24T20:30:32+08:00][error] 错误信息:controller not exists:app\controller\Garm7
[2026-03-24T20:30:45+08:00][error] 错误信息:controller not exists:app\controller\Systemcl
[2026-03-24T20:30:50+08:00][error] 错误信息:controller not exists:app\controller\Systemcl
[2026-03-24T20:31:01+08:00][error] 错误信息:controller not exists:app\controller\Systemcl
[2026-03-24T20:31:07+08:00][error] 错误信息:controller not exists:app\controller\Systemcl
[2026-03-24T20:31:17+08:00][error] 错误信息:controller not exists:app\controller\Systemcl
[2026-03-24T20:31:25+08:00][error] 错误信息:controller not exists:app\controller\Systemcl
[2026-03-24T20:31:31+08:00][error] 错误信息:controller not exists:app\controller\Systemcl
[2026-03-24T20:31:39+08:00][error] 错误信息:controller not exists:app\controller\Systemcl
[2026-03-24T20:31:45+08:00][error] 错误信息:controller not exists:app\controller\Systemcl
[2026-03-24T20:32:00+08:00][error] 错误信息:controller not exists:app\controller\Systemcl
[2026-03-24T20:32:10+08:00][error] 错误信息:controller not exists:app\controller\p\Txt
[2026-03-24T20:32:12+08:00][error] 错误信息:controller not exists:app\controller\login\Asp
[2026-03-24T20:32:16+08:00][error] 错误信息:controller not exists:app\controller\Systemcl
[2026-03-24T20:32:20+08:00][error] 错误信息:controller not exists:app\controller\Systemcl
[2026-03-24T20:32:28+08:00][error] 错误信息:controller not exists:app\controller\Bins
[2026-03-24T20:32:37+08:00][error] 错误信息:controller not exists:app\controller\Bins
[2026-03-24T20:32:51+08:00][error] 错误信息:controller not exists:app\controller\Bins
[2026-03-24T20:32:58+08:00][error] 错误信息:controller not exists:app\controller\Bins
[2026-03-24T20:33:08+08:00][error] 错误信息:controller not exists:app\controller\Bins
[2026-03-24T20:33:18+08:00][error] 错误信息:controller not exists:app\controller\Bins
[2026-03-24T20:33:24+08:00][error] 错误信息:controller not exists:app\controller\Bins
[2026-03-24T20:33:26+08:00][error] 错误信息:controller not exists:app\controller\Bins
[2026-03-24T20:33:34+08:00][error] 错误信息:controller not exists:app\controller\Bins
[2026-03-24T20:33:41+08:00][error] 错误信息:controller not exists:app\controller\Bins
[2026-03-24T20:33:56+08:00][error] 错误信息:controller not exists:app\controller\I486
[2026-03-24T20:34:02+08:00][error] 错误信息:controller not exists:app\controller\Sshd
[2026-03-24T20:34:13+08:00][error] 错误信息:controller not exists:app\controller\Hiddenbin
[2026-03-24T20:34:16+08:00][error] 错误信息:controller not exists:app\controller\00101010101001
[2026-03-24T20:34:26+08:00][error] 错误信息:controller not exists:app\controller\Mozi\A
[2026-03-24T20:34:32+08:00][error] 错误信息:controller not exists:app\controller\Hiddenbin
[2026-03-24T20:34:44+08:00][error] 错误信息:controller not exists:app\controller\Hiddenbin
[2026-03-24T20:34:54+08:00][error] 错误信息:controller not exists:app\controller\Hiddenbin
[2026-03-24T20:35:04+08:00][error] 错误信息:controller not exists:app\controller\Hiddenbin
[2026-03-24T20:35:13+08:00][error] 错误信息:controller not exists:app\controller\Hiddenbin
[2026-03-24T20:35:20+08:00][error] 错误信息:controller not exists:app\controller\Hiddenbin
[2026-03-24T20:35:27+08:00][error] 错误信息:controller not exists:app\controller\Hiddenbin
[2026-03-24T20:35:34+08:00][error] 错误信息:controller not exists:app\controller\Hiddenbin
[2026-03-24T20:35:36+08:00][error] 错误信息:controller not exists:app\controller\001010101010010110101011101010101101010111010101
[2026-03-24T20:35:45+08:00][error] 错误信息:controller not exists:app\controller\Powerpc
[2026-03-24T20:36:06+08:00][error] 错误信息:controller not exists:app\controller\Hiddenbin
[2026-03-24T20:36:10+08:00][error] 错误信息:controller not exists:app\controller\Hiddenbin
[2026-03-24T20:36:18+08:00][error] 错误信息:controller not exists:app\controller\Hiddenbin
[2026-03-24T20:36:28+08:00][error] 错误信息:controller not exists:app\controller\Hiddenbin
[2026-03-24T20:36:30+08:00][error] 错误信息:controller not exists:app\controller\Hiddenbin
[2026-03-24T20:36:41+08:00][error] 错误信息:controller not exists:app\controller\Hiddenbin
[2026-03-24T20:36:50+08:00][error] 错误信息:controller not exists:app\controller\Hiddenbin
[2026-03-24T20:36:57+08:00][error] 错误信息:controller not exists:app\controller\Hiddenbin
[2026-03-24T20:37:03+08:00][error] 错误信息:controller not exists:app\controller\Hiddenbin
[2026-03-24T20:37:13+08:00][error] 错误信息:controller not exists:app\controller\Hiddenbin
[2026-03-24T20:37:22+08:00][error] 错误信息:controller not exists:app\controller\Hiddenbin
[2026-03-24T20:37:36+08:00][error] 错误信息:controller not exists:app\controller\rebirth\X86
[2026-03-24T20:37:36+08:00][error] 错误信息:controller not exists:app\controller\rebirth\Arm6
[2026-03-24T20:37:49+08:00][error] 错误信息:controller not exists:app\controller\596a96cc7bf9108cd896f33c44aedc8a
[2026-03-24T20:37:51+08:00][error] 错误信息:controller not exists:app\controller\a-r\m-7\SNOOPY
[2026-03-24T20:38:01+08:00][error] 错误信息:controller not exists:app\controller\596a96cc7bf9108cd896f33c44aedc8a
[2026-03-24T20:38:07+08:00][error] 错误信息:controller not exists:app\controller\i-5\8-6\SNOOPY
[2026-03-24T20:38:28+08:00][error] 错误信息:controller not exists:app\controller\596a96cc7bf9108cd896f33c44aedc8a
[2026-03-24T20:38:37+08:00][error] 错误信息:controller not exists:app\controller\a-r\m-5\SNOOPY
[2026-03-24T20:38:39+08:00][error] 错误信息:controller not exists:app\controller\596a96cc7bf9108cd896f33c44aedc8a
[2026-03-24T20:38:53+08:00][error] 错误信息:controller not exists:app\controller\596a96cc7bf9108cd896f33c44aedc8a
[2026-03-24T20:38:57+08:00][error] 错误信息:controller not exists:app\controller\596a96cc7bf9108cd896f33c44aedc8a
[2026-03-24T20:39:00+08:00][error] 错误信息:controller not exists:app\controller\596a96cc7bf9108cd896f33c44aedc8a
[2026-03-24T20:39:13+08:00][error] 错误信息:controller not exists:app\controller\s-h\4-\SNOOPY
[2026-03-24T20:39:17+08:00][error] 错误信息:controller not exists:app\controller\596a96cc7bf9108cd896f33c44aedc8a
[2026-03-24T20:39:21+08:00][error] 错误信息:controller not exists:app\controller\596a96cc7bf9108cd896f33c44aedc8a
[2026-03-24T20:39:29+08:00][error] 错误信息:controller not exists:app\controller\m-p\s-l\SNOOPY
[2026-03-24T20:39:52+08:00][error] 错误信息:controller not exists:app\controller\p-p\c-\SNOOPY
[2026-03-24T20:40:00+08:00][error] 错误信息:controller not exists:app\controller\m-6\8-k\SNOOPY
[2026-03-24T20:40:08+08:00][error] 错误信息:controller not exists:app\controller\x-8\6-\SNOOPY
[2026-03-24T20:40:12+08:00][error] 错误信息:controller not exists:app\controller\a-r\m-6\SNOOPY
[2026-03-24T20:40:21+08:00][error] 错误信息:controller not exists:app\controller\596a96cc7bf9108cd896f33c44aedc8a
[2026-03-24T20:40:23+08:00][error] 错误信息:controller not exists:app\controller\596a96cc7bf9108cd896f33c44aedc8a
[2026-03-24T20:40:30+08:00][error] 错误信息:controller not exists:app\controller\m-i\p-s\SNOOPY
[2026-03-24T20:40:38+08:00][error] 错误信息:controller not exists:app\controller\a-r\m-4\SNOOPY
[2026-03-24T20:40:45+08:00][error] 错误信息:controller not exists:app\controller\596a96cc7bf9108cd896f33c44aedc8a
[2026-03-24T20:41:14+08:00][error] 错误信息:controller not exists:app\controller\596a96cc7bf9108cd896f33c44aedc8a
[2026-03-24T20:41:22+08:00][error] 错误信息:controller not exists:app\controller\x-3\2-\SNOOPY
[2026-03-24T20:41:25+08:00][error] 错误信息:controller not exists:app\controller\Xmrig
[2026-03-24T20:41:32+08:00][error] 错误信息:controller not exists:app\controller\Ss
[2026-03-24T20:41:42+08:00][error] 错误信息:controller not exists:app\controller\bot\Arm6
[2026-03-24T20:41:46+08:00][error] 错误信息:controller not exists:app\controller\bot\Mips
[2026-03-24T20:42:00+08:00][error] 错误信息:controller not exists:app\controller\bot\X8664
[2026-03-24T20:42:02+08:00][error] 错误信息:controller not exists:app\controller\bot\Ppc
[2026-03-24T20:42:04+08:00][error] 错误信息:controller not exists:app\controller\Index
[2026-03-24T20:42:09+08:00][error] 错误信息:controller not exists:app\controller\bot\Sh4
[2026-03-24T20:42:17+08:00][error] 错误信息:controller not exists:app\controller\bot\M68k
[2026-03-24T20:42:38+08:00][error] 错误信息:controller not exists:app\controller\bot\Arm
[2026-03-24T20:42:47+08:00][error] 错误信息:controller not exists:app\controller\bot\Mpsl
[2026-03-24T20:42:56+08:00][error] 错误信息:controller not exists:app\controller\bot\Arm5
[2026-03-24T20:43:06+08:00][error] 错误信息:controller not exists:app\controller\bot\X86
[2026-03-24T20:43:15+08:00][error] 错误信息:controller not exists:app\controller\bot\Arm7
[2026-03-24T20:43:23+08:00][error] 错误信息:controller not exists:app\controller\Bins
[2026-03-24T20:43:26+08:00][error] 错误信息:controller not exists:app\controller\Bins
[2026-03-24T20:43:36+08:00][error] 错误信息:controller not exists:app\controller\Bins
[2026-03-24T20:43:48+08:00][error] 错误信息:controller not exists:app\controller\Bins
[2026-03-24T20:43:54+08:00][error] 错误信息:controller not exists:app\controller\Bins
[2026-03-24T20:44:17+08:00][error] 错误信息:controller not exists:app\controller\Bins
[2026-03-24T20:44:32+08:00][error] 错误信息:controller not exists:app\controller\Bins
[2026-03-24T20:44:38+08:00][error] 错误信息:controller not exists:app\controller\Bins
[2026-03-24T20:44:43+08:00][error] 错误信息:controller not exists:app\controller\Bins
[2026-03-24T20:44:54+08:00][error] 错误信息:controller not exists:app\controller\Bins
[2026-03-24T20:45:03+08:00][error] 错误信息:controller not exists:app\controller\Bins
[2026-03-24T20:45:08+08:00][error] 错误信息:controller not exists:app\controller\Bins
[2026-03-24T20:45:18+08:00][error] 错误信息:controller not exists:app\controller\Bins
[2026-03-24T20:45:32+08:00][error] 错误信息:controller not exists:app\controller\Bins
[2026-03-24T20:45:39+08:00][error] 错误信息:controller not exists:app\controller\Bins
[2026-03-24T20:45:47+08:00][error] 错误信息:controller not exists:app\controller\Systemcl
[2026-03-24T20:46:21+08:00][error] 错误信息:controller not exists:app\controller\bot\Sparc
[2026-03-24T20:46:34+08:00][error] 错误信息:controller not exists:app\controller\lol\Arm7
[2026-03-24T20:46:42+08:00][error] 错误信息:controller not exists:app\controller\lol\Arm5
[2026-03-24T20:46:46+08:00][error] 错误信息:controller not exists:app\controller\bot\Mipsel
[2026-03-24T20:47:01+08:00][error] 错误信息:controller not exists:app\controller\lol\Mpsl
[2026-03-24T20:47:06+08:00][error] 错误信息:controller not exists:app\controller\kitty\M68k
[2026-03-24T20:47:17+08:00][error] 错误信息:controller not exists:app\controller\kitty\Armv5l
[2026-03-24T20:47:24+08:00][error] 错误信息:controller not exists:app\controller\kitty\Aarch64
[2026-03-24T20:47:32+08:00][error] 错误信息:controller not exists:app\controller\kitty\Powerpc
[2026-03-24T20:47:45+08:00][error] 错误信息:controller not exists:app\controller\kitty\Mips
[2026-03-24T20:47:51+08:00][error] 错误信息:controller not exists:app\controller\kitty\Mipsel
[2026-03-24T20:48:12+08:00][error] 错误信息:controller not exists:app\controller\kitty\X8664
[2026-03-24T20:48:34+08:00][error] 错误信息:controller not exists:app\controller\kitty\Armv7l
[2026-03-24T20:48:47+08:00][error] 错误信息:controller not exists:app\controller\kitty\Powerpc64
[2026-03-24T20:49:04+08:00][error] 错误信息:controller not exists:app\controller\kitty\I686
[2026-03-24T20:49:06+08:00][error] 错误信息:controller not exists:app\controller\kitty\Armv6l
[2026-03-24T20:49:17+08:00][error] 错误信息:controller not exists:app\controller\kitty\I486
[2026-03-24T20:49:30+08:00][error] 错误信息:controller not exists:app\controller\Bins
[2026-03-24T20:49:37+08:00][error] 错误信息:controller not exists:app\controller\Bins
[2026-03-24T20:49:52+08:00][error] 错误信息:controller not exists:app\controller\L7vmra
[2026-03-24T20:50:06+08:00][error] 错误信息:controller not exists:app\controller\Bins
[2026-03-24T20:50:11+08:00][error] 错误信息:controller not exists:app\controller\Bins
[2026-03-24T20:50:31+08:00][error] 错误信息:controller not exists:app\controller\Spim
[2026-03-24T20:50:52+08:00][error] 错误信息:controller not exists:app\controller\Bins
[2026-03-24T20:51:03+08:00][error] 错误信息:controller not exists:app\controller\MainArm5
[2026-03-24T20:51:14+08:00][error] 错误信息:controller not exists:app\controller\MainPpc
[2026-03-24T20:51:30+08:00][error] 错误信息:controller not exists:app\controller\MainM68k
[2026-03-24T20:51:39+08:00][error] 错误信息:controller not exists:app\controller\MainArm7
[2026-03-24T20:51:46+08:00][error] 错误信息:controller not exists:app\controller\debug\Dbg
[2026-03-24T20:52:07+08:00][error] 错误信息:controller not exists:app\controller\MainArm6
[2026-03-24T20:52:11+08:00][error] 错误信息:controller not exists:app\controller\MainSpc
[2026-03-24T20:52:25+08:00][error] 错误信息:controller not exists:app\controller\MainX86
[2026-03-24T20:52:44+08:00][error] 错误信息:controller not exists:app\controller\MainX8664
[2026-03-24T20:52:59+08:00][error] 错误信息:controller not exists:app\controller\MainMips
[2026-03-24T20:53:26+08:00][error] 错误信息:controller not exists:app\controller\MainArm
[2026-03-24T20:53:30+08:00][error] 错误信息:controller not exists:app\controller\MainSh4
[2026-03-24T20:53:40+08:00][error] 错误信息:controller not exists:app\controller\Bins
[2026-03-24T20:53:59+08:00][error] 错误信息:controller not exists:app\controller\Debug
[2026-03-24T20:54:16+08:00][error] 错误信息:controller not exists:app\controller\morte\Arc
[2026-03-24T20:54:31+08:00][error] 错误信息:controller not exists:app\controller\morte\M68k
[2026-03-24T20:54:43+08:00][error] 错误信息:controller not exists:app\controller\Bins
[2026-03-24T20:54:47+08:00][error] 错误信息:controller not exists:app\controller\Bins
[2026-03-24T20:55:15+08:00][error] 错误信息:controller not exists:app\controller\Bins
[2026-03-24T20:55:17+08:00][error] 错误信息:controller not exists:app\controller\Bins
[2026-03-24T20:55:53+08:00][error] 错误信息:controller not exists:app\controller\morte\Arm5
[2026-03-24T20:56:01+08:00][error] 错误信息:controller not exists:app\controller\Index
[2026-03-24T20:56:05+08:00][error] 错误信息:controller not exists:app\controller\morte\X8664
[2026-03-24T20:56:28+08:00][error] 错误信息:controller not exists:app\controller\morte\Arm
[2026-03-24T20:56:31+08:00][error] 错误信息:controller not exists:app\controller\Index
[2026-03-24T20:56:45+08:00][error] 错误信息:controller not exists:app\controller\Wlw0kgp0miq8kl
[2026-03-24T20:56:46+08:00][error] 错误信息:controller not exists:app\controller\morte\X86
[2026-03-24T20:57:02+08:00][error] 错误信息:controller not exists:app\controller\morte\Arm6
[2026-03-24T20:57:12+08:00][error] 错误信息:controller not exists:app\controller\morte\Ppc
[2026-03-24T20:57:12+08:00][error] 错误信息:controller not exists:app\controller\sitemap\Xml
[2026-03-24T20:57:13+08:00][error] 错误信息:controller not exists:app\controller\Wvw701s9mP5so7
[2026-03-24T20:57:51+08:00][error] 错误信息:controller not exists:app\controller\morte\Sh4
[2026-03-24T20:57:56+08:00][error] 错误信息:controller not exists:app\controller\morte\Mpsl
[2026-03-24T20:58:37+08:00][error] 错误信息:controller not exists:app\controller\morte\Spc
[2026-03-24T20:58:50+08:00][error] 错误信息:controller not exists:app\controller\morte\I686
[2026-03-24T20:59:16+08:00][error] 错误信息:controller not exists:app\controller\morte\Mips
[2026-03-24T20:59:23+08:00][error] 错误信息:controller not exists:app\controller\LjEZs
[2026-03-24T20:59:42+08:00][error] 错误信息:controller not exists:app\controller\LjEZs
[2026-03-24T21:00:15+08:00][error] 错误信息:controller not exists:app\controller\LjEZs
[2026-03-24T21:00:22+08:00][error] 错误信息:controller not exists:app\controller\LjEZs
[2026-03-24T21:00:53+08:00][error] 错误信息:controller not exists:app\controller\LjEZs
[2026-03-24T21:01:25+08:00][error] 错误信息:controller not exists:app\controller\LjEZs
[2026-03-24T21:01:38+08:00][error] 错误信息:controller not exists:app\controller\LjEZs
[2026-03-24T21:02:06+08:00][error] 错误信息:controller not exists:app\controller\LjEZs
[2026-03-24T21:02:22+08:00][error] 错误信息:controller not exists:app\controller\LjEZs
[2026-03-24T21:02:41+08:00][error] 错误信息:controller not exists:app\controller\arm\Nn
[2026-03-24T21:03:24+08:00][error] 错误信息:controller not exists:app\controller\arm5\Nn
[2026-03-24T21:03:30+08:00][error] 错误信息:controller not exists:app\controller\arm6\Nn
[2026-03-24T21:04:14+08:00][error] 错误信息:controller not exists:app\controller\MainMpsl
[2026-03-24T21:04:28+08:00][error] 错误信息:controller not exists:app\controller\bot\Spc
[2026-03-24T21:04:55+08:00][error] 错误信息:controller not exists:app\controller\LjEZs
[2026-03-24T21:05:24+08:00][error] 错误信息:controller not exists:app\controller\LjEZs
[2026-03-24T21:05:50+08:00][error] 错误信息:controller not exists:app\controller\LjEZs
[2026-03-24T21:06:24+08:00][error] 错误信息:controller not exists:app\controller\LjEZs
[2026-03-24T21:07:08+08:00][error] 错误信息:controller not exists:app\controller\arm7\Nn
[2026-03-24T21:07:53+08:00][error] 错误信息:controller not exists:app\controller\M68k68xxx
[2026-03-24T21:08:23+08:00][error] 错误信息:controller not exists:app\controller\a-r\m-4\Sakura
[2026-03-24T21:08:25+08:00][error] 错误信息:controller not exists:app\controller\Index
[2026-03-24T21:09:01+08:00][error] 错误信息:controller not exists:app\controller\m-p\s-l\Sakura
[2026-03-24T21:09:19+08:00][error] 错误信息:controller not exists:app\controller\a-r\m-6\Sakura
[2026-03-24T21:10:08+08:00][error] 错误信息:controller not exists:app\controller\m-6\8-k\Sakura
[2026-03-24T21:10:30+08:00][error] 错误信息:controller not exists:app\controller\m-i\p-s\Sakura
[2026-03-24T21:11:32+08:00][error] 错误信息:controller not exists:app\controller\x86_64\Dbg
[2026-03-24T21:12:30+08:00][error] 错误信息:controller not exists:app\controller\ShSh4
[2026-03-24T21:13:08+08:00][error] 错误信息:controller not exists:app\controller\Aarch64be
[2026-03-24T21:14:01+08:00][error] 错误信息:controller not exists:app\controller\Powerpc440fp
[2026-03-24T21:14:27+08:00][error] 错误信息:controller not exists:app\controller\Microblazebe
[2026-03-24T21:15:26+08:00][error] 错误信息:controller not exists:app\controller\Arcle750d
[2026-03-24T21:16:12+08:00][error] 错误信息:controller not exists:app\controller\X8664
[2026-03-24T21:16:52+08:00][error] 错误信息:controller not exists:app\controller\ArcleHs38
[2026-03-24T21:17:05+08:00][error] 错误信息:controller not exists:app\controller\ArcleHs38
[2026-03-24T21:17:37+08:00][error] 错误信息:controller not exists:app\controller\Microblazeel
[2026-03-24T21:18:36+08:00][error] 错误信息:controller not exists:app\controller\CgiBin
[2026-03-24T21:18:53+08:00][error] 错误信息:controller not exists:app\controller\p-p\c-\Sakura
[2026-03-24T21:19:23+08:00][error] 错误信息:controller not exists:app\controller\x-8\6-\Sakura
[2026-03-24T21:20:21+08:00][error] 错误信息:controller not exists:app\controller\a-r\m-5\Sakura
[2026-03-24T21:21:05+08:00][error] 错误信息:controller not exists:app\controller\i-5\8-6\Sakura
[2026-03-24T21:22:32+08:00][error] 错误信息:controller not exists:app\controller\x-3\2-\Sakura
[2026-03-24T21:23:25+08:00][error] 错误信息:controller not exists:app\controller\a-r\m-7\Sakura
[2026-03-24T21:23:41+08:00][error] 错误信息:controller not exists:app\controller\s-h\4-\Sakura
[2026-03-24T21:24:39+08:00][error] 错误信息:controller not exists:app\controller\Cnc
[2026-03-24T21:26:10+08:00][error] 错误信息:controller not exists:app\controller\Z
[2026-03-24T21:26:32+08:00][error] 错误信息:controller not exists:app\controller\Z
[2026-03-24T21:28:33+08:00][error] 错误信息:controller not exists:app\controller\Z
[2026-03-24T21:29:23+08:00][error] 错误信息:controller not exists:app\controller\Z
[2026-03-24T21:29:51+08:00][error] 错误信息:controller not exists:app\controller\Index
[2026-03-24T21:29:57+08:00][error] 错误信息:controller not exists:app\controller\Z
[2026-03-24T21:31:45+08:00][error] 错误信息:controller not exists:app\controller\Z
[2026-03-24T21:32:14+08:00][error] 错误信息:controller not exists:app\controller\Index
[2026-03-24T21:32:14+08:00][error] 错误信息:controller not exists:app\controller\Index
[2026-03-24T21:32:31+08:00][error] 错误信息:controller not exists:app\controller\Rtz
[2026-03-24T21:32:51+08:00][error] 错误信息:controller not exists:app\controller\Z
[2026-03-24T21:34:35+08:00][error] 错误信息:controller not exists:app\controller\Z
[2026-03-24T21:35:40+08:00][error] 错误信息:controller not exists:app\controller\Z
[2026-03-24T21:36:35+08:00][error] 错误信息:controller not exists:app\controller\Z
[2026-03-24T21:36:55+08:00][error] 错误信息:controller not exists:app\controller\Z
[2026-03-24T21:37:31+08:00][error] 错误信息:controller not exists:app\controller\Index
[2026-03-24T21:37:59+08:00][error] 错误信息:controller not exists:app\controller\Z
[2026-03-24T21:39:39+08:00][error] 错误信息:controller not exists:app\controller\Z
[2026-03-24T21:39:58+08:00][error] 错误信息:controller not exists:app\controller\Z
[2026-03-24T21:41:37+08:00][error] 错误信息:controller not exists:app\controller\Z
[2026-03-24T21:42:05+08:00][error] 错误信息:controller not exists:app\controller\Z
[2026-03-24T21:43:00+08:00][error] 错误信息:controller not exists:app\controller\Z
[2026-03-24T21:43:11+08:00][error] 错误信息:controller not exists:app\controller\SDK
[2026-03-24T21:44:52+08:00][error] 错误信息:controller not exists:app\controller\Z
[2026-03-24T21:45:13+08:00][error] 错误信息:controller not exists:app\controller\Z
[2026-03-24T21:46:44+08:00][error] 错误信息:controller not exists:app\controller\Z
[2026-03-24T21:47:07+08:00][error] 错误信息:controller not exists:app\controller\Z
[2026-03-24T21:48:59+08:00][error] 错误信息:controller not exists:app\controller\Z
[2026-03-24T21:49:33+08:00][error] 错误信息:controller not exists:app\controller\Z
[2026-03-24T21:50:32+08:00][error] 错误信息:controller not exists:app\controller\Z
[2026-03-24T21:51:27+08:00][error] 错误信息:controller not exists:app\controller\Arm
[2026-03-24T21:52:45+08:00][error] 错误信息:controller not exists:app\controller\hanoi\X86
[2026-03-24T21:53:57+08:00][error] 错误信息:controller not exists:app\controller\rondo\I486
[2026-03-24T21:54:52+08:00][error] 错误信息:controller not exists:app\controller\rondo\Powerpc
[2026-03-24T21:55:43+08:00][error] 错误信息:controller not exists:app\controller\rondo\Mips
[2026-03-24T21:56:57+08:00][error] 错误信息:controller not exists:app\controller\rondo\Armv4l
[2026-03-24T21:58:00+08:00][error] 错误信息:controller not exists:app\controller\rondo\Fbsdi386
[2026-03-24T21:59:08+08:00][error] 错误信息:controller not exists:app\controller\rondo\M68k
[2026-03-24T22:00:13+08:00][error] 错误信息:controller not exists:app\controller\rondo\Arc700
[2026-03-24T22:00:40+08:00][error] 错误信息:controller not exists:app\controller\rondo\Mipsel
[2026-03-24T22:02:03+08:00][error] 错误信息:controller not exists:app\controller\rondo\Fbsdarm64
[2026-03-24T22:03:34+08:00][error] 错误信息:controller not exists:app\controller\rondo\X8664
[2026-03-24T22:04:36+08:00][error] 错误信息:controller not exists:app\controller\rondo\I586
[2026-03-24T22:05:15+08:00][error] 错误信息:controller not exists:app\controller\rondo\Fbsdamd64
[2026-03-24T22:06:46+08:00][error] 错误信息:controller not exists:app\controller\rondo\Sparc
[2026-03-24T22:08:01+08:00][error] 错误信息:controller not exists:app\controller\rondo\I686
[2026-03-24T22:08:43+08:00][error] 错误信息:controller not exists:app\controller\rondo\Armv7l
[2026-03-24T22:09:23+08:00][error] 错误信息:controller not exists:app\controller\rondo\Armv5l
[2026-03-24T22:11:00+08:00][error] 错误信息:controller not exists:app\controller\rondo\Fbsdpowerpc
[2026-03-24T22:11:25+08:00][error] 错误信息:controller not exists:app\controller\rondo\Sh4
[2026-03-24T22:12:42+08:00][error] 错误信息:controller not exists:app\controller\rondo\Armv6l
[2026-03-24T22:15:02+08:00][error] 错误信息:controller not exists:app\controller\rondo\Powerpc440fp
[2026-03-24T22:15:34+08:00][error] 错误信息:controller not exists:app\controller\Index
[2026-03-24T22:15:38+08:00][error] 错误信息:controller not exists:app\controller\Bins
[2026-03-24T22:15:50+08:00][error] 错误信息:controller not exists:app\controller\404
[2026-03-24T22:15:51+08:00][error] 错误信息:controller not exists:app\controller\security\Txt
[2026-03-24T22:17:33+08:00][error] 错误信息:controller not exists:app\controller\HBTs
[2026-03-24T22:18:26+08:00][error] 错误信息:controller not exists:app\controller\HBTs
[2026-03-24T22:18:57+08:00][error] 错误信息:controller not exists:app\controller\Bins
[2026-03-24T22:20:17+08:00][error] 错误信息:controller not exists:app\controller\Bins
[2026-03-24T22:21:15+08:00][error] 错误信息:controller not exists:app\controller\Bins
[2026-03-24T22:22:48+08:00][error] 错误信息:controller not exists:app\controller\Hiddenbin
[2026-03-24T22:22:51+08:00][error] 错误信息:controller not exists:app\controller\Mips64
[2026-03-24T22:23:50+08:00][error] 错误信息:controller not exists:app\controller\Whoareyou
[2026-03-24T22:25:19+08:00][error] 错误信息:controller not exists:app\controller\Whoareyou
[2026-03-24T22:25:56+08:00][error] 错误信息:controller not exists:app\controller\Whoareyou
[2026-03-24T22:26:54+08:00][error] 错误信息:controller not exists:app\controller\Whoareyou
[2026-03-24T22:27:02+08:00][error] 错误信息:controller not exists:app\controller\Index
[2026-03-24T22:28:15+08:00][error] 错误信息:controller not exists:app\controller\Whoareyou
[2026-03-24T22:29:24+08:00][error] 错误信息:controller not exists:app\controller\Whoareyou
[2026-03-24T22:29:52+08:00][error] 错误信息:controller not exists:app\controller\Whoareyou
[2026-03-24T22:31:00+08:00][error] 错误信息:controller not exists:app\controller\Whoareyou
[2026-03-24T22:31:27+08:00][error] 错误信息:controller not exists:app\controller\Whoareyou
[2026-03-24T22:32:29+08:00][error] 错误信息:controller not exists:app\controller\Whoareyou
[2026-03-24T22:32:45+08:00][error] 错误信息:controller not exists:app\controller\Whoareyou
[2026-03-24T22:33:06+08:00][error] 错误信息:controller not exists:app\controller\Whoareyou
[2026-03-24T22:33:59+08:00][error] 错误信息:controller not exists:app\controller\Bins
[2026-03-24T22:34:32+08:00][error] 错误信息:controller not exists:app\controller\Bins
[2026-03-24T22:34:40+08:00][error] 错误信息:controller not exists:app\controller\Bins
[2026-03-24T22:35:08+08:00][error] 错误信息:controller not exists:app\controller\Bins
[2026-03-24T22:35:48+08:00][error] 错误信息:controller not exists:app\controller\Bins
[2026-03-24T22:36:27+08:00][error] 错误信息:controller not exists:app\controller\Bins
[2026-03-24T22:36:32+08:00][error] 错误信息:controller not exists:app\controller\Bins
[2026-03-24T22:36:52+08:00][error] 错误信息:controller not exists:app\controller\Bins
[2026-03-24T22:37:30+08:00][error] 错误信息:controller not exists:app\controller\Bins
[2026-03-24T22:37:44+08:00][error] 错误信息:controller not exists:app\controller\Bins
[2026-03-24T22:37:59+08:00][error] 错误信息:controller not exists:app\controller\Bins
[2026-03-24T22:38:29+08:00][error] 错误信息:controller not exists:app\controller\Bins
[2026-03-24T22:38:54+08:00][error] 错误信息:controller not exists:app\controller\Hiddenbin
[2026-03-24T22:39:13+08:00][error] 错误信息:controller not exists:app\controller\HBTs
[2026-03-24T22:39:30+08:00][error] 错误信息:controller not exists:app\controller\HBTs
[2026-03-24T22:39:49+08:00][error] 错误信息:controller not exists:app\controller\HBTs
[2026-03-24T22:40:09+08:00][error] 错误信息:controller not exists:app\controller\HBTs
[2026-03-24T22:40:21+08:00][error] 错误信息:controller not exists:app\controller\HBTs
[2026-03-24T22:40:37+08:00][error] 错误信息:controller not exists:app\controller\HBTs
[2026-03-24T22:40:57+08:00][error] 错误信息:controller not exists:app\controller\SDK
[2026-03-24T22:40:57+08:00][error] 错误信息:controller not exists:app\controller\HBTs
[2026-03-24T22:41:26+08:00][error] 错误信息:controller not exists:app\controller\HBTs
[2026-03-24T22:41:46+08:00][error] 错误信息:controller not exists:app\controller\HBTs
[2026-03-24T22:41:58+08:00][error] 错误信息:controller not exists:app\controller\HBTs
[2026-03-24T22:42:20+08:00][error] 错误信息:controller not exists:app\controller\HBTs
[2026-03-24T22:42:27+08:00][error] 错误信息:controller not exists:app\controller\HBTs
[2026-03-24T22:42:38+08:00][error] 错误信息:controller not exists:app\controller\m68k\Nn
[2026-03-24T22:43:04+08:00][error] 错误信息:controller not exists:app\controller\mipsel\Nn
[2026-03-24T22:43:14+08:00][error] 错误信息:controller not exists:app\controller\x86_64\Nn
[2026-03-24T22:43:45+08:00][error] 错误信息:controller not exists:app\controller\x86_32\Nn
[2026-03-24T22:44:04+08:00][error] 错误信息:controller not exists:app\controller\sh4\Nn
[2026-03-24T22:44:14+08:00][error] 错误信息:controller not exists:app\controller\mips\Nn
[2026-03-24T22:44:22+08:00][error] 错误信息:controller not exists:app\controller\sparc\Nn
[2026-03-24T22:44:44+08:00][error] 错误信息:controller not exists:app\controller\powerpc\Nn
[2026-03-24T22:44:59+08:00][error] 错误信息:controller not exists:app\controller\Linux
[2026-03-24T22:45:02+08:00][error] 错误信息:controller not exists:app\controller\Huhu
[2026-03-24T22:45:19+08:00][error] 错误信息:controller not exists:app\controller\Huhu
[2026-03-24T22:45:40+08:00][error] 错误信息:controller not exists:app\controller\Bins
[2026-03-24T22:46:07+08:00][error] 错误信息:controller not exists:app\controller\Huhu
[2026-03-24T22:46:25+08:00][error] 错误信息:controller not exists:app\controller\Huhu
[2026-03-24T22:46:36+08:00][error] 错误信息:controller not exists:app\controller\Huhu
[2026-03-24T22:46:42+08:00][error] 错误信息:controller not exists:app\controller\Huhu
[2026-03-24T22:47:06+08:00][error] 错误信息:controller not exists:app\controller\Huhu
[2026-03-24T22:47:19+08:00][error] 错误信息:controller not exists:app\controller\Huhu
[2026-03-24T22:47:29+08:00][error] 错误信息:controller not exists:app\controller\Huhu
[2026-03-24T22:47:41+08:00][error] 错误信息:controller not exists:app\controller\Huhu
[2026-03-24T22:47:57+08:00][error] 错误信息:controller not exists:app\controller\Huhu
[2026-03-24T22:48:07+08:00][error] 错误信息:controller not exists:app\controller\Huhu
[2026-03-24T22:48:30+08:00][error] 错误信息:controller not exists:app\controller\Huhu
[2026-03-24T22:48:41+08:00][error] 错误信息:controller not exists:app\controller\Huhu
[2026-03-24T22:49:04+08:00][error] 错误信息:controller not exists:app\controller\Huhu
[2026-03-24T22:49:21+08:00][error] 错误信息:controller not exists:app\controller\Huhu
[2026-03-24T22:49:33+08:00][error] 错误信息:controller not exists:app\controller\0010101010100101101010111010101
[2026-03-24T22:49:38+08:00][error] 错误信息:controller not exists:app\controller\0010101010100101101010111010101
[2026-03-24T22:49:57+08:00][error] 错误信息:controller not exists:app\controller\0010101010100101101010111010101
[2026-03-24T22:50:15+08:00][error] 错误信息:controller not exists:app\controller\0010101010100101101010111010101
[2026-03-24T22:50:22+08:00][error] 错误信息:controller not exists:app\controller\0010101010100101101010111010101
[2026-03-24T22:50:41+08:00][error] 错误信息:controller not exists:app\controller\0010101010100101101010111010101
[2026-03-24T22:50:59+08:00][error] 错误信息:controller not exists:app\controller\0010101010100101101010111010101
[2026-03-24T22:51:13+08:00][error] 错误信息:controller not exists:app\controller\0010101010100101101010111010101
[2026-03-24T22:51:29+08:00][error] 错误信息:controller not exists:app\controller\0010101010100101101010111010101
[2026-03-24T22:51:39+08:00][error] 错误信息:controller not exists:app\controller\0010101010100101101010111010101
[2026-03-24T22:51:51+08:00][error] 错误信息:controller not exists:app\controller\0010101010100101101010111010101
[2026-03-24T22:52:05+08:00][error] 错误信息:controller not exists:app\controller\0010101010100101101010111010101
[2026-03-24T22:52:18+08:00][error] 错误信息:controller not exists:app\controller\0010101010100101101010111010101
[2026-03-24T22:52:36+08:00][error] 错误信息:controller not exists:app\controller\Index
[2026-03-24T22:52:41+08:00][error] 错误信息:controller not exists:app\controller\0010101010100101101010111010101
[2026-03-24T22:52:52+08:00][error] 错误信息:controller not exists:app\controller\Harm6
[2026-03-24T22:52:54+08:00][error] 错误信息:controller not exists:app\controller\phanes\Mips
[2026-03-24T22:53:10+08:00][error] 错误信息:controller not exists:app\controller\phanes\Arm6
[2026-03-24T22:53:37+08:00][error] 错误信息:controller not exists:app\controller\phanes\Arm7
[2026-03-24T22:53:59+08:00][error] 错误信息:controller not exists:app\controller\phanes\Mpsl
[2026-03-24T22:54:01+08:00][error] 错误信息:controller not exists:app\controller\phanes\Ppc
[2026-03-24T22:54:24+08:00][error] 错误信息:controller not exists:app\controller\phanes\X86
[2026-03-24T22:54:35+08:00][error] 错误信息:controller not exists:app\controller\phanes\Arm5
[2026-03-24T22:54:46+08:00][error] 错误信息:controller not exists:app\controller\phanes\Sh4
[2026-03-24T22:55:00+08:00][error] 错误信息:controller not exists:app\controller\phanes\Arm
[2026-03-24T22:55:08+08:00][error] 错误信息:controller not exists:app\controller\phanes\Arc
[2026-03-24T22:55:16+08:00][error] 错误信息:controller not exists:app\controller\Bins
[2026-03-24T22:55:36+08:00][error] 错误信息:controller not exists:app\controller\Bins
[2026-03-24T22:55:55+08:00][error] 错误信息:controller not exists:app\controller\lol\Arm
[2026-03-24T22:56:12+08:00][error] 错误信息:controller not exists:app\controller\lol\Mips
[2026-03-24T22:56:26+08:00][error] 错误信息:controller not exists:app\controller\J
[2026-03-24T22:56:41+08:00][error] 错误信息:controller not exists:app\controller\J
[2026-03-24T22:56:50+08:00][error] 错误信息:controller not exists:app\controller\J
[2026-03-24T22:57:04+08:00][error] 错误信息:controller not exists:app\controller\J
[2026-03-24T22:57:16+08:00][error] 错误信息:controller not exists:app\controller\J
[2026-03-24T22:57:24+08:00][error] 错误信息:controller not exists:app\controller\J
[2026-03-24T22:57:42+08:00][error] 错误信息:controller not exists:app\controller\J
[2026-03-24T22:57:49+08:00][error] 错误信息:controller not exists:app\controller\Ppc4fp
[2026-03-24T22:58:05+08:00][error] 错误信息:controller not exists:app\controller\Bins
[2026-03-24T22:58:13+08:00][error] 错误信息:controller not exists:app\controller\Bins
[2026-03-24T22:58:46+08:00][error] 错误信息:controller not exists:app\controller\Bins
[2026-03-24T22:59:00+08:00][error] 错误信息:controller not exists:app\controller\Bins
[2026-03-24T22:59:15+08:00][error] 错误信息:controller not exists:app\controller\Bins
[2026-03-24T22:59:28+08:00][error] 错误信息:controller not exists:app\controller\Bins
[2026-03-24T22:59:42+08:00][error] 错误信息:controller not exists:app\controller\Bins
[2026-03-24T22:59:49+08:00][error] 错误信息:controller not exists:app\controller\Bins
[2026-03-24T22:59:57+08:00][error] 错误信息:controller not exists:app\controller\Bins
[2026-03-24T23:00:16+08:00][error] 错误信息:controller not exists:app\controller\Bins
[2026-03-24T23:00:25+08:00][error] 错误信息:controller not exists:app\controller\Arm61
[2026-03-24T23:00:36+08:00][error] 错误信息:controller not exists:app\controller\Co
[2026-03-24T23:01:15+08:00][error] 错误信息:controller not exists:app\controller\Dss
[2026-03-24T23:01:18+08:00][error] 错误信息:controller not exists:app\controller\586
[2026-03-24T23:01:39+08:00][error] 错误信息:controller not exists:app\controller\Cron
[2026-03-24T23:01:41+08:00][error] 错误信息:controller not exists:app\controller\Katrina
[2026-03-24T23:02:04+08:00][error] 错误信息:controller not exists:app\controller\Rsyslogd
[2026-03-24T23:02:17+08:00][error] 错误信息:controller not exists:app\controller\System
[2026-03-24T23:02:25+08:00][error] 错误信息:controller not exists:app\controller\DbusDaemon
[2026-03-24T23:02:35+08:00][error] 错误信息:controller not exists:app\controller\Getty
[2026-03-24T23:02:55+08:00][error] 错误信息:controller not exists:app\controller\Agetty
[2026-03-24T23:03:03+08:00][error] 错误信息:controller not exists:app\controller\Ssh
[2026-03-24T23:03:24+08:00][error] 错误信息:controller not exists:app\controller\Telnetd
[2026-03-24T23:03:46+08:00][error] 错误信息:controller not exists:app\controller\Klogd
[2026-03-24T23:03:58+08:00][error] 错误信息:controller not exists:app\controller\Bns
[2026-03-24T23:04:12+08:00][error] 错误信息:controller not exists:app\controller\Bns
[2026-03-24T23:04:33+08:00][error] 错误信息:controller not exists:app\controller\Bns
[2026-03-24T23:04:48+08:00][error] 错误信息:controller not exists:app\controller\Bns
[2026-03-24T23:05:02+08:00][error] 错误信息:controller not exists:app\controller\Bns
[2026-03-24T23:05:05+08:00][error] 错误信息:controller not exists:app\controller\Bns
[2026-03-24T23:05:27+08:00][error] 错误信息:controller not exists:app\controller\Bns
[2026-03-24T23:05:34+08:00][error] 错误信息:controller not exists:app\controller\Bns
[2026-03-24T23:06:05+08:00][error] 错误信息:controller not exists:app\controller\Bns
[2026-03-24T23:06:31+08:00][error] 错误信息:controller not exists:app\controller\Bns
[2026-03-24T23:06:36+08:00][error] 错误信息:controller not exists:app\controller\Mig
[2026-03-24T23:06:53+08:00][error] 错误信息:controller not exists:app\controller\J
[2026-03-24T23:07:02+08:00][error] 错误信息:controller not exists:app\controller\J
[2026-03-24T23:07:19+08:00][error] 错误信息:controller not exists:app\controller\J
[2026-03-24T23:07:29+08:00][error] 错误信息:controller not exists:app\controller\J
[2026-03-24T23:07:46+08:00][error] 错误信息:controller not exists:app\controller\J
[2026-03-24T23:07:56+08:00][error] 错误信息:controller not exists:app\controller\Index
[2026-03-24T23:07:58+08:00][error] 错误信息:controller not exists:app\controller\J
[2026-03-24T23:08:17+08:00][error] 错误信息:controller not exists:app\controller\J
[2026-03-24T23:08:36+08:00][error] 错误信息:controller not exists:app\controller\Ntpd
[2026-03-24T23:09:02+08:00][error] 错误信息:controller not exists:app\controller\Openssh
[2026-03-24T23:09:10+08:00][error] 错误信息:controller not exists:app\controller\Wget
[2026-03-24T23:09:19+08:00][error] 错误信息:controller not exists:app\controller\Ftp
[2026-03-24T23:09:38+08:00][error] 错误信息:controller not exists:app\controller\Apache2
[2026-03-24T23:10:02+08:00][error] 错误信息:controller not exists:app\controller\Bash
[2026-03-24T23:10:04+08:00][error] 错误信息:controller not exists:app\controller\Tftp
[2026-03-24T23:10:23+08:00][error] 错误信息:controller not exists:app\controller\Pftp
[2026-03-24T23:10:46+08:00][error] 错误信息:controller not exists:app\controller\J
[2026-03-24T23:11:12+08:00][error] 错误信息:controller not exists:app\controller\J
[2026-03-24T23:11:21+08:00][error] 错误信息:controller not exists:app\controller\J
[2026-03-24T23:11:43+08:00][error] 错误信息:controller not exists:app\controller\Update
[2026-03-24T23:11:56+08:00][error] 错误信息:controller not exists:app\controller\miraint\Arm5n
[2026-03-24T23:12:07+08:00][error] 错误信息:controller not exists:app\controller\mirai\Arm
[2026-03-24T23:12:34+08:00][error] 错误信息:controller not exists:app\controller\mirai\Mips
[2026-03-24T23:12:49+08:00][error] 错误信息:controller not exists:app\controller\mirai\X86
[2026-03-24T23:12:59+08:00][error] 错误信息:controller not exists:app\controller\mirai\Arm5n
[2026-03-24T23:13:14+08:00][error] 错误信息:controller not exists:app\controller\Vv
[2026-03-24T23:13:43+08:00][error] 错误信息:controller not exists:app\controller\Vv
[2026-03-24T23:14:16+08:00][error] 错误信息:controller not exists:app\controller\Vv
[2026-03-24T23:14:20+08:00][error] 错误信息:controller not exists:app\controller\Vv
[2026-03-24T23:14:54+08:00][error] 错误信息:controller not exists:app\controller\Vv
[2026-03-24T23:15:01+08:00][error] 错误信息:controller not exists:app\controller\Vv
[2026-03-24T23:15:25+08:00][error] 错误信息:controller not exists:app\controller\Vv
[2026-03-24T23:15:33+08:00][error] 错误信息:controller not exists:app\controller\Vv
[2026-03-24T23:16:17+08:00][error] 错误信息:controller not exists:app\controller\Vv
[2026-03-24T23:16:20+08:00][error] 错误信息:controller not exists:app\controller\Vv
[2026-03-24T23:16:45+08:00][error] 错误信息:controller not exists:app\controller\Vv
[2026-03-24T23:17:04+08:00][error] 错误信息:controller not exists:app\controller\Vv
[2026-03-24T23:17:30+08:00][error] 错误信息:controller not exists:app\controller\Vv
[2026-03-24T23:17:49+08:00][error] 错误信息:controller not exists:app\controller\Index
[2026-03-24T23:18:12+08:00][error] 错误信息:controller not exists:app\controller\010100110101010
[2026-03-24T23:18:36+08:00][error] 错误信息:controller not exists:app\controller\010100110101010
[2026-03-24T23:19:01+08:00][error] 错误信息:controller not exists:app\controller\Index
[2026-03-24T23:19:04+08:00][error] 错误信息:controller not exists:app\controller\010100110101010
[2026-03-24T23:19:35+08:00][error] 错误信息:controller not exists:app\controller\010100110101010
[2026-03-24T23:19:42+08:00][error] 错误信息:controller not exists:app\controller\010100110101010
[2026-03-24T23:20:02+08:00][error] 错误信息:controller not exists:app\controller\010100110101010
[2026-03-24T23:20:23+08:00][error] 错误信息:controller not exists:app\controller\010100110101010
[2026-03-24T23:20:45+08:00][error] 错误信息:controller not exists:app\controller\010100110101010
[2026-03-24T23:21:28+08:00][error] 错误信息:controller not exists:app\controller\010100110101010
[2026-03-24T23:21:52+08:00][error] 错误信息:controller not exists:app\controller\010100110101010
[2026-03-24T23:22:03+08:00][error] 错误信息:controller not exists:app\controller\010100110101010
[2026-03-24T23:22:38+08:00][error] 错误信息:controller not exists:app\controller\010100110101010
[2026-03-24T23:22:39+08:00][error] 错误信息:controller not exists:app\controller\010100110101010
[2026-03-24T23:23:00+08:00][error] 错误信息:controller not exists:app\controller\010100110101010
[2026-03-24T23:23:29+08:00][error] 错误信息:controller not exists:app\controller\010100110101010
[2026-03-24T23:24:17+08:00][error] 错误信息:controller not exists:app\controller\T
[2026-03-24T23:24:27+08:00][error] 错误信息:controller not exists:app\controller\fghe3tj\I686
[2026-03-24T23:25:02+08:00][error] 错误信息:controller not exists:app\controller\fghe3tj\X8664
[2026-03-24T23:25:15+08:00][error] 错误信息:controller not exists:app\controller\fghe3tj\Ppc
[2026-03-24T23:25:52+08:00][error] 错误信息:controller not exists:app\controller\fghe3tj\M68k
[2026-03-24T23:26:22+08:00][error] 错误信息:controller not exists:app\controller\fghe3tj\X86
[2026-03-24T23:26:51+08:00][error] 错误信息:controller not exists:app\controller\fghe3tj\Mips
[2026-03-24T23:27:08+08:00][error] 错误信息:controller not exists:app\controller\fghe3tj\Spc
[2026-03-24T23:27:37+08:00][error] 错误信息:controller not exists:app\controller\fghe3tj\Mpsl
[2026-03-24T23:28:01+08:00][error] 错误信息:controller not exists:app\controller\fghe3tj\Arc
[2026-03-24T23:28:29+08:00][error] 错误信息:controller not exists:app\controller\neon\I686
[2026-03-24T23:29:00+08:00][error] 错误信息:controller not exists:app\controller\Dwrioej
[2026-03-24T23:29:32+08:00][error] 错误信息:controller not exists:app\controller\Dwrioej
[2026-03-24T23:30:04+08:00][error] 错误信息:controller not exists:app\controller\Index
[2026-03-24T23:30:05+08:00][error] 错误信息:controller not exists:app\controller\Dwrioej
[2026-03-24T23:30:27+08:00][error] 错误信息:controller not exists:app\controller\Dwrioej
[2026-03-24T23:30:46+08:00][error] 错误信息:controller not exists:app\controller\Dwrioej
[2026-03-24T23:31:04+08:00][error] 错误信息:controller not exists:app\controller\Dwrioej
[2026-03-24T23:31:37+08:00][error] 错误信息:controller not exists:app\controller\Curl
[2026-03-24T23:32:41+08:00][error] 错误信息:controller not exists:app\controller\I
[2026-03-24T23:33:02+08:00][error] 错误信息:controller not exists:app\controller\Aqua\Arm6
[2026-03-24T23:33:27+08:00][error] 错误信息:controller not exists:app\controller\O
[2026-03-24T23:43:49+08:00][error] 错误信息:controller not exists:app\controller\Index
[2026-03-24T23:45:26+08:00][error] 错误信息:controller not exists:app\controller\CgiBin
