[2026-03-09T00:03:07+08:00][info] [telegram队列] 批次:  耗时=0.01秒
[2026-03-09T00:14:05+08:00][info] [telegram队列] 批次:  耗时=0秒
[2026-03-09T00:14:39+08:00][info] [telegram队列] 批次:  耗时=0秒
[2026-03-09T00:15:47+08:00][info] [telegram队列] 批次:  耗时=0秒
[2026-03-09T00:48:53+08:00][info] [telegram队列] 批次:  耗时=0秒
[2026-03-09T00:50:18+08:00][info] [telegram队列] 批次:  耗时=0秒
[2026-03-09T01:14:51+08:00][info] 任务开始: ID=62, 名称=三4
[2026-03-09T01:15:18+08:00][info] 任务开始: ID=62, 名称=三4
[2026-03-09T01:16:54+08:00][info] 任务开始: ID=64, 名称=三44
[2026-03-09T01:39:43+08:00][info] 任务开始: ID=64, 名称=三44
[2026-03-09T01:50:27+08:00][info] [telegram队列] 批次:  耗时=0.01秒
[2026-03-09T01:51:11+08:00][info] [telegram队列] 批次:  耗时=0秒
[2026-03-09T02:00:48+08:00][warning] [checkAccount] 以下账号 session 不存在: 3840,3841,3842,3843,3844,3845,3847
[2026-03-09T03:40:37+08:00][info] [telegram队列] 批次:  耗时=0秒
[2026-03-09T03:46:29+08:00][info] 用户归档缓存已强制从数据库更新，共处理 49 个用户
[2026-03-09T03:46:51+08:00][info] [telegram队列] 批次:  耗时=0.01秒
[2026-03-09T15:08:44+08:00][info] [telegram队列] 批次:  耗时=0.01秒
[2026-03-09T16:28:12+08:00][info] [telegram队列] 批次:  耗时=0秒
[2026-03-09T16:33:32+08:00][info] [telegram队列] 批次:  耗时=0秒
[2026-03-09T16:50:39+08:00][info] [telegram队列] 批次:  耗时=0.01秒
[2026-03-09T17:02:32+08:00][warning] [checkAccount] 以下账号 session 不存在: 3919,3921
[2026-03-09T17:06:11+08:00][info] [telegram队列] 批次:  耗时=0秒
[2026-03-09T17:06:35+08:00][info] [telegram队列] 批次:  耗时=0秒
[2026-03-09T17:08:07+08:00][info] [telegram队列] 批次:  耗时=0秒
[2026-03-09T17:16:07+08:00][info] [telegram队列] 批次:  耗时=0秒
[2026-03-09T17:17:19+08:00][info] 用户归档缓存已强制从数据库更新，共处理 1 个用户
[2026-03-09T17:17:52+08:00][info] 用户归档缓存已强制从数据库更新，共处理 1 个用户
[2026-03-09T17:17:57+08:00][info] [telegram队列] 批次:  耗时=0秒
[2026-03-09T17:19:21+08:00][info] [telegram队列] 批次:  耗时=0秒
[2026-03-09T17:26:12+08:00][warning] [checkAccount] 以下账号 session 不存在: 3790,3792,3793,3794,3795,3796,3797,3799,3800,3802,3803,3804,3805,3807,3808,3809,3810,3812,3813,3814,3815,3816,3817,3818,3819,3821,3825,3826,3827,3829,3830,3832,3833,3834,3835,3838,3848,3849,3850,3852,3853,3856,3857,3858,3859,3860,3861,3862,3864,3866,3868,3869,3871,3872,3874,3875,3877,3878,3879,3881,3882,3883,3884,3885,3886,3887,3889,3891,3893,3894,3895,3897,3898,3899,3900,3901,3902,3904,3905,3907,3910,3912,3913,3914,3915,3916,3918,3919,3921
[2026-03-09T17:26:31+08:00][info] [telegram队列] 批次:  耗时=0.01秒
[2026-03-09T17:27:19+08:00][info] [telegram队列] 批次:  耗时=0秒
[2026-03-09T17:29:01+08:00][info] 用户归档缓存已强制从数据库更新，共处理 18 个用户
[2026-03-09T17:29:09+08:00][info] [telegram队列] 批次:  耗时=0秒
[2026-03-09T17:29:40+08:00][info] [telegram队列] 批次:  耗时=0秒
[2026-03-09T17:30:12+08:00][warning] [checkAccount] 以下账号 session 不存在: 3470
[2026-03-09T17:30:24+08:00][info] [telegram队列] 批次:  耗时=0秒
[2026-03-09T17:35:24+08:00][info] [telegram队列] 批次:  耗时=0.01秒
[2026-03-09T17:45:41+08:00][info] 任务开始: ID=64, 名称=三44
[2026-03-09T17:49:58+08:00][info] [telegram队列] 批次:  耗时=0.01秒
[2026-03-09T17:50:42+08:00][info] 任务开始: ID=64, 名称=三44
[2026-03-09T17:58:57+08:00][info] [telegram队列] 批次:  耗时=0秒
[2026-03-09T18:01:05+08:00][info] [telegram队列] 批次:  耗时=0秒
[2026-03-09T18:01:35+08:00][info] [telegram队列] 批次:  耗时=0秒
[2026-03-09T18:21:29+08:00][info] 用户归档缓存已强制从数据库更新，共处理 30 个用户
[2026-03-09T18:22:10+08:00][info] /www/wwwroot/tdata.tgbota.top/public//uploads/admin/202602/69a299c7338a1/14303626004
[2026-03-09T18:22:10+08:00][info] /www/wwwroot/tdata.tgbota.top/public//uploads/admin/202602/69a299c7338a1/14302090933
[2026-03-09T18:22:10+08:00][info] /www/wwwroot/tdata.tgbota.top/public//uploads/admin/202602/69a299c7338a1/14323566143
[2026-03-09T18:22:10+08:00][info] /www/wwwroot/tdata.tgbota.top/public//uploads/admin/202602/69a299c7338a1/14259633012
[2026-03-09T18:22:10+08:00][info] /www/wwwroot/tdata.tgbota.top/public//uploads/admin/202602/69a299c7338a1/14404337295
[2026-03-09T18:22:10+08:00][info] /www/wwwroot/tdata.tgbota.top/public//uploads/admin/202602/69a299c7338a1/14259442628
[2026-03-09T18:22:10+08:00][info] /www/wwwroot/tdata.tgbota.top/public//uploads/admin/202602/69a299c7338a1/14349998057
[2026-03-09T18:22:10+08:00][info] /www/wwwroot/tdata.tgbota.top/public//uploads/admin/202602/69a299c7338a1/14254842390
[2026-03-09T18:22:10+08:00][info] /www/wwwroot/tdata.tgbota.top/public//uploads/admin/202602/69a299c7338a1/14302866740
[2026-03-09T18:22:10+08:00][info] /www/wwwroot/tdata.tgbota.top/public//uploads/admin/202602/69a299c7338a1/14302554577
[2026-03-09T18:22:10+08:00][info] /www/wwwroot/tdata.tgbota.top/public//uploads/admin/202602/69a299c7338a1/14257952091
[2026-03-09T18:22:10+08:00][info] /www/wwwroot/tdata.tgbota.top/public//uploads/admin/202602/69a299c7338a1/14405004766
[2026-03-09T18:22:10+08:00][info] /www/wwwroot/tdata.tgbota.top/public//uploads/admin/202602/69a299c7338a1/14343883450
[2026-03-09T18:22:10+08:00][info] /www/wwwroot/tdata.tgbota.top/public//uploads/admin/202602/69a299c7338a1/14254754758
[2026-03-09T18:22:10+08:00][info] /www/wwwroot/tdata.tgbota.top/public//uploads/admin/202602/69a299c7338a1/14256482374
[2026-03-09T18:22:10+08:00][info] /www/wwwroot/tdata.tgbota.top/public//uploads/admin/202602/69a299c7338a1/14259840266
[2026-03-09T18:22:10+08:00][info] /www/wwwroot/tdata.tgbota.top/public//uploads/admin/202602/69a299c7338a1/14307583328
[2026-03-09T18:22:10+08:00][info] /www/wwwroot/tdata.tgbota.top/public//uploads/admin/202602/69a299c7338a1/14259815531
[2026-03-09T18:22:10+08:00][info] /www/wwwroot/tdata.tgbota.top/public//uploads/admin/202602/69a299c7338a1/14354470590
[2026-03-09T18:22:10+08:00][info] /www/wwwroot/tdata.tgbota.top/public//uploads/admin/202602/69a299c7338a1/14303626451
[2026-03-09T18:22:10+08:00][info] /www/wwwroot/tdata.tgbota.top/public//uploads/admin/202602/69a299c7338a1/14257401761
[2026-03-09T18:22:10+08:00][info] /www/wwwroot/tdata.tgbota.top/public//uploads/admin/202602/69a299c7338a1/14357087898
[2026-03-09T18:22:10+08:00][info] /www/wwwroot/tdata.tgbota.top/public//uploads/admin/202602/69a299c7338a1/14258719945
[2026-03-09T18:22:29+08:00][info] https://tdata.tgbota.top
[2026-03-09T18:22:29+08:00][info] /uploads
[2026-03-09T18:22:31+08:00][info] 批次batch_69ae9f6766a6f0.84439567：子批次0（23个账号）投递成功，任务ID：WxmIYPoRkDwOHtWCCbsIZKtXzChyMxEs
[2026-03-09T18:22:31+08:00][info] 批次batch_69ae9f6766a6f0.84439567处理完成：总账号23，子批次1，成功入队23个
[2026-03-09T18:22:31+08:00][info] 返回结果: {"total":23,"queued":23,"failed":0,"chunk_count":1,"errors":[],"batch_id":"batch_69ae9f6766a6f0.84439567"}
[2026-03-09T18:26:32+08:00][info] https://tdata.tgbota.top
[2026-03-09T18:26:32+08:00][info] /uploads
[2026-03-09T18:26:34+08:00][info] 批次batch_69aea05a582705.25611821：子批次0（23个账号）投递成功，任务ID：XIYeUoWNMZeqlijlpVMbCgLTqFTGCIil
[2026-03-09T18:26:34+08:00][info] 批次batch_69aea05a582705.25611821处理完成：总账号23，子批次1，成功入队23个
[2026-03-09T18:26:34+08:00][info] 返回结果: {"total":23,"queued":23,"failed":0,"chunk_count":1,"errors":[],"batch_id":"batch_69aea05a582705.25611821"}
[2026-03-09T18:34:41+08:00][info] https://tdata.tgbota.top
[2026-03-09T18:34:41+08:00][info] /uploads
[2026-03-09T18:34:44+08:00][info] 批次batch_69aea2444cbec6.92528176：子批次0（23个账号）投递成功，任务ID：TCQhKlGtZSzNWbehOlHVfsQULIyyYSMD
[2026-03-09T18:34:44+08:00][info] 批次batch_69aea2444cbec6.92528176处理完成：总账号23，子批次1，成功入队23个
[2026-03-09T18:34:44+08:00][info] 返回结果: {"total":23,"queued":23,"failed":0,"chunk_count":1,"errors":[],"batch_id":"batch_69aea2444cbec6.92528176"}
[2026-03-09T18:56:23+08:00][info] https://tdata.tgbota.top
[2026-03-09T18:56:23+08:00][info] /uploads
[2026-03-09T18:56:24+08:00][info] 批次batch_69aea75881fa91.20067794：子批次0（23个账号）投递成功，任务ID：VkCMWEbTkzgqQzpmGGTVxyDXPidvQjOL
[2026-03-09T18:56:24+08:00][info] 批次batch_69aea75881fa91.20067794处理完成：总账号23，子批次1，成功入队23个
[2026-03-09T18:56:24+08:00][info] 返回结果: {"total":23,"queued":23,"failed":0,"chunk_count":1,"errors":[],"batch_id":"batch_69aea75881fa91.20067794"}
[2026-03-09T19:00:40+08:00][info] https://tdata.tgbota.top
[2026-03-09T19:00:40+08:00][info] /uploads
[2026-03-09T19:00:42+08:00][info] 批次batch_69aea85a02d0c7.96442930：子批次0（23个账号）投递成功，任务ID：pUHXoxkwVolFlauBPFCmEtIWhkGpJUBW
[2026-03-09T19:00:42+08:00][info] 批次batch_69aea85a02d0c7.96442930处理完成：总账号23，子批次1，成功入队23个
[2026-03-09T19:00:42+08:00][info] 返回结果: {"total":23,"queued":23,"failed":0,"chunk_count":1,"errors":[],"batch_id":"batch_69aea85a02d0c7.96442930"}
[2026-03-09T19:02:04+08:00][info] https://tdata.tgbota.top
[2026-03-09T19:02:04+08:00][info] /uploads
[2026-03-09T19:02:05+08:00][info] 批次batch_69aea8addf9a92.38015350：子批次0（23个账号）投递成功，任务ID：MdQASlJncYmZmxdHUOUUVDrbcDECPgDK
[2026-03-09T19:02:05+08:00][info] 批次batch_69aea8addf9a92.38015350处理完成：总账号23，子批次1，成功入队23个
[2026-03-09T19:02:05+08:00][info] 返回结果: {"total":23,"queued":23,"failed":0,"chunk_count":1,"errors":[],"batch_id":"batch_69aea8addf9a92.38015350"}
[2026-03-09T19:02:27+08:00][info] 用户归档缓存已强制从数据库更新，共处理 1 个用户
[2026-03-09T19:02:40+08:00][info] 用户归档缓存已强制从数据库更新，共处理 1 个用户
[2026-03-09T19:02:45+08:00][info] [telegram队列] 批次:  耗时=0秒
[2026-03-09T19:05:46+08:00][info] 用户归档缓存已强制从数据库更新，共处理 1 个用户
[2026-03-09T19:05:56+08:00][info] 用户归档缓存已强制从数据库更新，共处理 1 个用户
[2026-03-09T19:05:59+08:00][info] [telegram队列] 批次:  耗时=0秒
[2026-03-09T19:07:26+08:00][warning] [checkAccount] 以下账号 session 不存在: 4076,4077
[2026-03-09T19:07:34+08:00][info] [telegram队列] 批次:  耗时=0秒
