[2026-03-10T01:29:14+08:00][info] [telegram队列] 批次:  耗时=0秒
[2026-03-10T01:29:56+08:00][info] [telegram队列] 批次:  耗时=0秒
[2026-03-10T01:32:43+08:00][info] 任务开始: ID=65, 名称=2个号测试
[2026-03-10T12:25:39+08:00][error] 错误信息:controller not exists:app\admin\controller\Env
[2026-03-10T12:25:46+08:00][error] 错误信息:controller not exists:app\admin\controller\Debug
[2026-03-10T16:33:55+08:00][info] [telegram队列] 批次:  耗时=0秒
[2026-03-10T16:34:14+08:00][info] [telegram队列] 批次:  耗时=0秒
[2026-03-10T17:07:08+08:00][info] 用户归档缓存已强制从数据库更新，共处理 3 个用户
[2026-03-10T17:07:20+08:00][info] 用户归档缓存已强制从数据库更新，共处理 2 个用户
[2026-03-10T17:07:30+08:00][info] [telegram队列] 批次:  耗时=0秒
[2026-03-10T17:08:01+08:00][info] 用户归档缓存已强制从数据库更新，共处理 1 个用户
[2026-03-10T17:08:13+08:00][info] [telegram队列] 批次:  耗时=0秒
[2026-03-10T17:08:57+08:00][info] [telegram队列] 批次:  耗时=0秒
[2026-03-10T17:10:04+08:00][info] 任务开始: ID=65, 名称=2个号测试
[2026-03-10T17:13:41+08:00][info] 用户归档缓存已强制从数据库更新，共处理 2 个用户
[2026-03-10T17:14:02+08:00][info] 用户归档缓存已强制从数据库更新，共处理 2 个用户
[2026-03-10T17:14:08+08:00][info] [telegram队列] 批次:  耗时=0秒
[2026-03-10T17:28:56+08:00][info] [telegram队列] 批次:  耗时=0秒
[2026-03-10T17:29:31+08:00][info] 任务开始: ID=65, 名称=2个号测试
[2026-03-10T17:52:36+08:00][info] [telegram队列] 批次:  耗时=0秒
[2026-03-10T17:53:01+08:00][info] 任务开始: ID=65, 名称=2个号测试
[2026-03-10T17:55:19+08:00][info] 任务开始: ID=66, 名称=2个号测试公开群
[2026-03-10T17:57:04+08:00][info] [telegram队列] 批次:  耗时=0秒
[2026-03-10T19:35:00+08:00][info] 任务停止: ID=66, 名称=2个号测试公开群
[2026-03-10T19:36:25+08:00][info] 任务开始: ID=66, 名称=2个号测试公开群
[2026-03-10T19:39:20+08:00][info] 任务停止: ID=65, 名称=2个号测试
[2026-03-10T19:39:23+08:00][info] 任务停止: ID=66, 名称=2个号测试公开群
[2026-03-10T19:41:10+08:00][info] [telegram队列] 批次:  耗时=0秒
[2026-03-10T19:41:34+08:00][info] 任务开始: ID=66, 名称=2个号测试公开群
[2026-03-10T19:41:38+08:00][info] 任务开始: ID=65, 名称=2个号测试
[2026-03-10T19:41:46+08:00][info] 任务开始: ID=65, 名称=2个号测试
[2026-03-10T19:42:04+08:00][info] 任务开始: ID=65, 名称=2个号测试
[2026-03-10T19:42:19+08:00][info] 任务开始: ID=65, 名称=2个号测试
[2026-03-10T19:43:02+08:00][info] 任务开始: ID=65, 名称=2个号测试
[2026-03-10T19:52:21+08:00][error] [0]think\db\PDOConnection::pdoQuery(): Return value must be of type array, bool returned[/www/wwwroot/tdata.tgbota.top/vendor/topthink/think-orm/src/db/PDOConnection.php:729]
[2026-03-10T19:55:21+08:00][error] [0]think\db\PDOConnection::pdoQuery(): Return value must be of type array, bool returned[/www/wwwroot/tdata.tgbota.top/vendor/topthink/think-orm/src/db/PDOConnection.php:729]
[2026-03-10T19:59:21+08:00][error] [0]think\db\PDOConnection::pdoQuery(): Return value must be of type array, bool returned[/www/wwwroot/tdata.tgbota.top/vendor/topthink/think-orm/src/db/PDOConnection.php:729]
[2026-03-10T20:02:21+08:00][error] [0]think\db\PDOConnection::pdoQuery(): Return value must be of type array, bool returned[/www/wwwroot/tdata.tgbota.top/vendor/topthink/think-orm/src/db/PDOConnection.php:729]
[2026-03-10T20:14:40+08:00][info] 任务停止: ID=66, 名称=2个号测试公开群
[2026-03-10T20:14:44+08:00][info] 任务停止: ID=65, 名称=2个号测试
[2026-03-10T21:26:23+08:00][info] [telegram队列] 批次:  耗时=0秒
[2026-03-10T21:27:06+08:00][info] 任务开始: ID=66, 名称=2个号测试公开群
[2026-03-10T21:27:49+08:00][info] 任务停止: ID=66, 名称=2个号测试公开群
[2026-03-10T21:29:48+08:00][info] 任务开始: ID=66, 名称=2个号测试公开群
[2026-03-10T21:30:28+08:00][info] [telegram队列] 批次:  耗时=0秒
[2026-03-10T21:31:39+08:00][info] 任务开始: ID=65, 名称=2个号测试
[2026-03-10T22:50:28+08:00][error] 错误信息:controller not exists:app\admin\controller\Git
