[2026-03-12T13:30:10+08:00][info] 任务开始: ID=68, 名称=美国测试2
[2026-03-12T13:30:14+08:00][info] 任务开始: ID=67, 名称=美国20测试
[2026-03-12T13:37:41+08:00][error] [0]think\db\PDOConnection::pdoQuery(): Return value must be of type array, bool returned[/www/wwwroot/tdata.tgbota.top/vendor/topthink/think-orm/src/db/PDOConnection.php:729]
[2026-03-12T14:30:41+08:00][error] [0]think\db\PDOConnection::pdoQuery(): Return value must be of type array, bool returned[/www/wwwroot/tdata.tgbota.top/vendor/topthink/think-orm/src/db/PDOConnection.php:729]
[2026-03-12T15:43:20+08:00][info] 任务开始: ID=65, 名称=2个号测试
[2026-03-12T15:55:12+08:00][error] [0]think\db\PDOConnection::pdoQuery(): Return value must be of type array, bool returned[/www/wwwroot/tdata.tgbota.top/vendor/topthink/think-orm/src/db/PDOConnection.php:729]
[2026-03-12T15:55:12+08:00][error] [0]think\db\PDOConnection::pdoQuery(): Return value must be of type array, bool returned[/www/wwwroot/tdata.tgbota.top/vendor/topthink/think-orm/src/db/PDOConnection.php:729]
[2026-03-12T16:02:27+08:00][info] 任务开始: ID=65, 名称=2个号测试
[2026-03-12T16:11:32+08:00][info] 用户归档缓存已强制从数据库更新，共处理 20 个用户
[2026-03-12T16:13:01+08:00][info] 用户归档缓存已强制从数据库更新，共处理 20 个用户
[2026-03-12T16:13:07+08:00][info] [telegram队列] 批次:  耗时=0秒
[2026-03-12T16:15:00+08:00][info] https://tdata.tgbota.top
[2026-03-12T16:15:00+08:00][info] /uploads
[2026-03-12T16:15:01+08:00][info] /www/wwwroot/tdata.tgbota.top/public/uploads/admin/202603/69b27604437cd.txt
[2026-03-12T16:17:14+08:00][info] 任务开始: ID=69, 名称=美国新3
[2026-03-12T16:31:17+08:00][error] [0]think\db\PDOConnection::pdoQuery(): Return value must be of type array, bool returned[/www/wwwroot/tdata.tgbota.top/vendor/topthink/think-orm/src/db/PDOConnection.php:729]
[2026-03-12T16:31:17+08:00][error] [0]think\db\PDOConnection::pdoQuery(): Return value must be of type array, bool returned[/www/wwwroot/tdata.tgbota.top/vendor/topthink/think-orm/src/db/PDOConnection.php:729]
[2026-03-12T17:37:10+08:00][error] [0]think\db\PDOConnection::pdoQuery(): Return value must be of type array, bool returned[/www/wwwroot/tdata.tgbota.top/vendor/topthink/think-orm/src/db/PDOConnection.php:729]
[2026-03-12T17:37:10+08:00][error] [0]think\db\PDOConnection::pdoQuery(): Return value must be of type array, bool returned[/www/wwwroot/tdata.tgbota.top/vendor/topthink/think-orm/src/db/PDOConnection.php:729]
[2026-03-12T17:37:10+08:00][error] [0]think\db\PDOConnection::pdoQuery(): Return value must be of type array, bool returned[/www/wwwroot/tdata.tgbota.top/vendor/topthink/think-orm/src/db/PDOConnection.php:729]
[2026-03-12T17:37:10+08:00][error] [0]think\db\PDOConnection::pdoQuery(): Return value must be of type array, bool returned[/www/wwwroot/tdata.tgbota.top/vendor/topthink/think-orm/src/db/PDOConnection.php:729]
[2026-03-12T17:42:10+08:00][error] [0]think\db\PDOConnection::pdoQuery(): Return value must be of type array, bool returned[/www/wwwroot/tdata.tgbota.top/vendor/topthink/think-orm/src/db/PDOConnection.php:729]
[2026-03-12T18:19:11+08:00][error] [0]think\db\PDOConnection::pdoQuery(): Return value must be of type array, bool returned[/www/wwwroot/tdata.tgbota.top/vendor/topthink/think-orm/src/db/PDOConnection.php:729]
