[2026-03-16T00:30:52+08:00][info] [telegram队列] 批次:  耗时=0秒
[2026-03-16T00:33:30+08:00][info] [telegram队列] 批次:  耗时=0秒
[2026-03-16T00:34:12+08:00][info] 任务开始: ID=68, 名称=美国测试2
[2026-03-16T00:34:54+08:00][info] [telegram队列] 批次:  耗时=0秒
[2026-03-16T00:46:46+08:00][info] 任务停止: ID=68, 名称=美国测试2
[2026-03-16T01:50:01+08:00][info] [telegram队列] 批次:  耗时=0秒
[2026-03-16T01:52:00+08:00][info] [telegram队列] 批次:  耗时=0秒
[2026-03-16T01:52:25+08:00][info] [telegram队列] 批次:  耗时=0秒
[2026-03-16T01:53:09+08:00][info] 任务开始: ID=68, 名称=美国测试2
[2026-03-16T01:54:16+08:00][info] 任务停止: ID=68, 名称=美国测试2
[2026-03-16T02:00:07+08:00][info] 任务开始: ID=68, 名称=美国测试2
[2026-03-16T02:00:50+08:00][info] [telegram队列] 批次:  耗时=0秒
[2026-03-16T02:03:18+08:00][info] 任务开始: ID=67, 名称=美国20测试
[2026-03-16T02:03:40+08:00][info] [telegram队列] 批次:  耗时=0秒
[2026-03-16T02:04:27+08:00][info] 任务开始: ID=69, 名称=美国新3
[2026-03-16T02:16:13+08:00][info] [telegram队列] 批次:  耗时=0秒
[2026-03-16T02:29:05+08:00][info] [telegram队列] 批次:  耗时=0秒
[2026-03-16T02:36:02+08:00][info] [telegram队列] 批次:  耗时=0秒
[2026-03-16T14:09:03+08:00][info] [telegram队列] 批次:  耗时=0秒
[2026-03-16T15:12:05+08:00][info] [telegram队列] 批次:  耗时=0秒
[2026-03-16T15:20:02+08:00][info] [telegram队列] 批次:  耗时=0秒
[2026-03-16T22:00:24+08:00][error] [64]Cannot use [] for reading[/www/wwwroot/tdata.tgbota.top/app/admin/controller/Mtuser.php:585]
[2026-03-16T22:00:26+08:00][error] [64]Cannot use [] for reading[/www/wwwroot/tdata.tgbota.top/app/admin/controller/Mtuser.php:585]
[2026-03-16T22:00:40+08:00][error] [64]Cannot use [] for reading[/www/wwwroot/tdata.tgbota.top/app/admin/controller/Mtuser.php:585]
[2026-03-16T22:00:46+08:00][error] [64]Cannot use [] for reading[/www/wwwroot/tdata.tgbota.top/app/admin/controller/Mtuser.php:585]
[2026-03-16T22:00:51+08:00][error] [64]Cannot use [] for reading[/www/wwwroot/tdata.tgbota.top/app/admin/controller/Mtuser.php:585]
[2026-03-16T22:01:19+08:00][error] [64]Cannot use [] for reading[/www/wwwroot/tdata.tgbota.top/app/admin/controller/Mtuser.php:585]
[2026-03-16T22:01:34+08:00][error] [64]Cannot use [] for reading[/www/wwwroot/tdata.tgbota.top/app/admin/controller/Mtuser.php:585]
[2026-03-16T22:03:13+08:00][info] [telegram队列] 批次:  耗时=0秒
[2026-03-16T22:22:06+08:00][info] [telegram队列] 批次:  耗时=0秒
[2026-03-16T23:01:37+08:00][info] [telegram队列] 批次:  耗时=0秒
[2026-03-16T23:19:48+08:00][info] [telegram队列] 批次:  耗时=0秒
[2026-03-16T23:22:52+08:00][info] [telegram队列] 批次:  耗时=0秒
[2026-03-16T23:25:02+08:00][info] [telegram队列] 批次:  耗时=0秒
[2026-03-16T23:28:44+08:00][info] [telegram队列] 批次:  耗时=0秒
