[2026-03-17T00:17:56+08:00][info] [telegram队列] 批次:  耗时=0秒
[2026-03-17T01:08:40+08:00][error] 错误信息:controller not exists:app\admin\controller\Env
[2026-03-17T01:08:47+08:00][error] 错误信息:controller not exists:app\admin\controller\Config
[2026-03-17T01:29:06+08:00][info] [telegram队列] 批次:  耗时=0秒
[2026-03-17T01:38:47+08:00][info] [telegram队列] 批次:  耗时=0秒
[2026-03-17T01:41:17+08:00][info] [telegram队列] 批次:  耗时=0秒
[2026-03-17T01:41:46+08:00][info] [telegram队列] 批次:  耗时=0秒
[2026-03-17T01:43:53+08:00][info] 任务开始: ID=69, 名称=美国新3
[2026-03-17T01:44:16+08:00][info] 任务开始: ID=68, 名称=美国测试2
[2026-03-17T01:53:59+08:00][info] 任务停止: ID=68, 名称=美国测试2
[2026-03-17T01:54:01+08:00][info] 任务停止: ID=69, 名称=美国新3
[2026-03-17T01:55:55+08:00][info] [telegram队列] 批次:  耗时=0秒
[2026-03-17T02:00:26+08:00][info] [telegram队列] 批次:  耗时=0秒
[2026-03-17T02:01:07+08:00][info] 任务开始: ID=68, 名称=美国测试2
[2026-03-17T02:01:11+08:00][info] 任务开始: ID=69, 名称=美国新3
[2026-03-17T05:57:44+08:00][error] 错误信息:controller not exists:app\admin\controller\Env
[2026-03-17T05:57:49+08:00][error] 错误信息:controller not exists:app\admin\controller\Config
[2026-03-17T05:57:50+08:00][error] 错误信息:controller not exists:app\admin\controller\Git
[2026-03-17T14:57:57+08:00][info] 任务开始: ID=68, 名称=美国测试2
[2026-03-17T15:20:19+08:00][error] [0]think\db\PDOConnection::pdoQuery(): Return value must be of type array, bool returned[/www/wwwroot/tdata.tgbota.top/vendor/topthink/think-orm/src/db/PDOConnection.php:729]
[2026-03-17T15:20:39+08:00][info] [telegram队列] 批次:  耗时=0秒
[2026-03-17T16:58:27+08:00][info] [telegram队列] 批次:  耗时=0秒
[2026-03-17T16:58:42+08:00][info] 任务开始: ID=68, 名称=美国测试2
