[2026-03-18T14:24:22+08:00][info] 任务开始: ID=68, 名称=美国测试2
[2026-03-18T17:35:15+08:00][info] 任务停止: ID=68, 名称=美国测试2
[2026-03-18T17:35:17+08:00][info] 任务停止: ID=69, 名称=美国新3
[2026-03-18T17:36:28+08:00][info] 用户归档缓存已强制从数据库更新，共处理 337 个用户
[2026-03-18T17:36:36+08:00][info] [telegram队列] 批次:  耗时=0.01秒
[2026-03-18T17:38:37+08:00][info] [telegram队列] 批次:  耗时=0秒
[2026-03-18T17:44:30+08:00][info] [telegram队列] 批次:  耗时=0秒
[2026-03-18T17:45:14+08:00][warning] [checkAccount] 以下账号 session 不存在: 2473
[2026-03-18T17:46:09+08:00][info] [telegram队列] 批次:  耗时=0秒
[2026-03-18T17:47:21+08:00][info] 用户归档缓存已强制从数据库更新，共处理 1 个用户
[2026-03-18T17:47:53+08:00][info] [telegram队列] 批次:  耗时=0秒
[2026-03-18T18:06:15+08:00][info] 用户归档缓存已强制从数据库更新，共处理 16 个用户
[2026-03-18T18:06:42+08:00][info] [telegram队列] 批次:  耗时=0秒
[2026-03-18T18:07:37+08:00][info] 用户归档缓存已强制从数据库更新，共处理 50 个用户
[2026-03-18T18:08:02+08:00][info] 用户归档缓存已强制从数据库更新，共处理 50 个用户
[2026-03-18T18:08:07+08:00][info] [telegram队列] 批次:  耗时=0秒
[2026-03-18T18:08:43+08:00][info] [telegram队列] 批次:  耗时=0秒
[2026-03-18T18:09:11+08:00][info] 用户归档缓存已强制从数据库更新，共处理 3 个用户
[2026-03-18T18:09:15+08:00][info] [telegram队列] 批次:  耗时=0秒
[2026-03-18T18:12:25+08:00][info] 用户归档缓存已强制从数据库更新，共处理 144 个用户
[2026-03-18T18:12:54+08:00][info] 用户归档缓存已强制从数据库更新，共处理 100 个用户
[2026-03-18T18:13:23+08:00][info] 用户归档缓存已强制从数据库更新，共处理 100 个用户
[2026-03-18T18:13:29+08:00][info] [telegram队列] 批次:  耗时=0.01秒
[2026-03-18T18:14:26+08:00][info] [telegram队列] 批次:  耗时=0秒
[2026-03-18T18:14:50+08:00][info] 用户归档缓存已强制从数据库更新，共处理 4 个用户
[2026-03-18T18:14:56+08:00][info] [telegram队列] 批次:  耗时=0秒
[2026-03-18T18:16:33+08:00][info] 用户归档缓存已强制从数据库更新，共处理 10 个用户
[2026-03-18T18:18:53+08:00][info] https://tdata.tgbota.top
[2026-03-18T18:18:53+08:00][info] /uploads
[2026-03-18T18:18:55+08:00][info] /www/wwwroot/tdata.tgbota.top/public/uploads/admin/202603/69ba7c0dbb0f1.txt
[2026-03-18T18:21:29+08:00][info] 任务开始: ID=70, 名称=日本1
[2026-03-18T18:22:40+08:00][info] 任务开始: ID=71, 名称=日本2
[2026-03-18T18:23:44+08:00][info] 任务开始: ID=72, 名称=日本3
[2026-03-18T18:26:33+08:00][info] 任务开始: ID=73, 名称=日本4
[2026-03-18T18:27:46+08:00][info] 任务开始: ID=74, 名称=日本5
[2026-03-18T19:22:32+08:00][info] 任务停止: ID=74, 名称=日本5
[2026-03-18T19:23:10+08:00][info] 任务开始: ID=74, 名称=日本5
[2026-03-18T19:23:15+08:00][info] 任务停止: ID=73, 名称=日本4
[2026-03-18T19:23:55+08:00][info] 任务开始: ID=73, 名称=日本4
[2026-03-18T19:24:00+08:00][info] 任务停止: ID=72, 名称=日本3
[2026-03-18T19:25:00+08:00][info] 任务开始: ID=72, 名称=日本3
[2026-03-18T19:25:05+08:00][info] 任务停止: ID=71, 名称=日本2
[2026-03-18T19:25:30+08:00][info] 任务开始: ID=71, 名称=日本2
[2026-03-18T19:26:09+08:00][info] 任务停止: ID=70, 名称=日本1
[2026-03-18T19:27:27+08:00][info] 任务开始: ID=70, 名称=日本1
[2026-03-18T19:27:37+08:00][info] 任务停止: ID=71, 名称=日本2
[2026-03-18T19:28:05+08:00][info] 任务开始: ID=71, 名称=日本2
[2026-03-18T20:59:06+08:00][info] [telegram队列] 批次:  耗时=0秒
[2026-03-18T20:59:55+08:00][info] 任务开始: ID=70, 名称=日本1
[2026-03-18T20:59:59+08:00][info] 任务开始: ID=71, 名称=日本2
[2026-03-18T21:00:03+08:00][info] 任务开始: ID=72, 名称=日本3
[2026-03-18T21:00:04+08:00][info] 任务开始: ID=73, 名称=日本4
[2026-03-18T21:00:04+08:00][info] 任务开始: ID=74, 名称=日本5
[2026-03-18T21:14:44+08:00][info] [telegram队列] 批次:  耗时=0秒
[2026-03-18T21:15:28+08:00][info] [telegram队列] 批次:  耗时=0秒
[2026-03-18T21:19:05+08:00][warning] [checkAccount] 以下账号 session 不存在: 3405,3419,3428,3429,3439,3442
[2026-03-18T22:19:26+08:00][info] [telegram队列] 批次:  耗时=0秒
[2026-03-18T23:23:04+08:00][error] 错误信息:controller not exists:app\admin\controller\Env
[2026-03-18T23:23:10+08:00][error] 错误信息:controller not exists:app\admin\controller\Config
